 injector-driver

 Timestamp is 61d11511 (Sat Jan  1 21:59:29 2022)

 Preferred load address is 0000000140000000

 Start         Length     Name                   Class
 0001:00000000 000013d0H .text$mn                CODE
 0001:000013d0 00000030H .text$mn$00             CODE
 0001:00001400 000003b0H .text$mn$21             CODE
 0001:000017b0 000005e8H .text$s                 CODE
 0002:00000000 00000100H .idata$5                DATA
 0002:00000100 00000010H .00cfg                  DATA
 0002:00000110 00000020H .gfids                  DATA
 0002:0000012c 00000000H .gfids$y                DATA
 0002:00000130 00000168H .rdata                  DATA
 0002:00000298 000001a0H .rdata$zzzdbg           DATA
 0002:00000438 00000194H .xdata                  DATA
 0003:00000000 00000040H .data                   DATA
 0003:00000040 00000018H .bss                    DATA
 0004:00000000 00000120H .pdata                  DATA
 0005:00000000 00000000H INIT                    CODE
 0005:00000000 00000014H .idata$2                CODE
 0005:00000014 00000014H .idata$3                CODE
 0005:00000028 00000100H .idata$4                CODE
 0005:00000128 000002a0H .idata$6                CODE

  Address         Publics by Value              Rva+Base               Lib:Object

 0000:00000000       __x64_code_ranges_to_entry_points_count 0000000000000000     <absolute>
 0000:00000000       __guard_iat_table          0000000000000000     <absolute>
 0000:00000000       ___safe_se_handler_table   0000000000000000     <absolute>
 0000:00000000       __guard_iat_count          0000000000000000     <absolute>
 0000:00000000       __guard_longjmp_count      0000000000000000     <absolute>
 0000:00000000       ___safe_se_handler_count   0000000000000000     <absolute>
 0000:00000000       __dynamic_value_reloc_table 0000000000000000     <absolute>
 0000:00000000       __hybrid_auxiliary_iat     0000000000000000     <absolute>
 0000:00000000       __hybrid_code_map_count    0000000000000000     <absolute>
 0000:00000000       __arm64x_extra_rfe_table_size 0000000000000000     <absolute>
 0000:00000000       __volatile_metadata        0000000000000000     <absolute>
 0000:00000000       __hybrid_code_map          0000000000000000     <absolute>
 0000:00000000       __arm64x_native_entrypoint 0000000000000000     <absolute>
 0000:00000000       __guard_eh_cont_table      0000000000000000     <absolute>
 0000:00000000       __hybrid_auxiliary_iat_copy 0000000000000000     <absolute>
 0000:00000000       __enclave_config           0000000000000000     <absolute>
 0000:00000000       __arm64x_redirection_metadata 0000000000000000     <absolute>
 0000:00000000       __arm64x_redirection_metadata_count 0000000000000000     <absolute>
 0000:00000000       __guard_longjmp_table      0000000000000000     <absolute>
 0000:00000000       __guard_eh_cont_count      0000000000000000     <absolute>
 0000:00000000       __AbsoluteZero             0000000000000000     <absolute>
 0000:00000000       __arm64x_extra_rfe_table   0000000000000000     <absolute>
 0000:00000000       __guard_check_icall_a64n_fptr 0000000000000000     <absolute>
 0000:00000000       __x64_code_ranges_to_entry_points 0000000000000000     <absolute>
 0000:00000007       __guard_fids_count         0000000000000007     <absolute>
 0000:00014500       __guard_flags              0000000000014500     <absolute>
 0001:00000000       ?Init@Interface@@YA_NXZ    0000000140001000 f   communicate.obj
 0001:00000260       ?DiskHookHandler@@YAXXZ    0000000140001260 f   disk_hook.obj
 0001:00000380       ?FindIRP@Stack@@YAPEAU_IRP@@HH@Z 0000000140001380 f   disk_hook.obj
 0001:0000047c       ?FindValue@Stack@@YA_NH_KH@Z 000000014000147c f   disk_hook.obj
 0001:000004e4       ?RandomString@@YAXPEADH@Z  00000001400014e4 f   disk_hook.obj
 0001:00000564       ?SetIoCompletion@@YAXPEAU_IRP@@PEAU_IO_STACK_LOCATION@@P6AJPEAU_DEVICE_OBJECT@@0PEAX@ZH@Z 0000000140001564 f   disk_hook.obj
 0001:000005e0       ?SmartComplete@@YAJPEAU_DEVICE_OBJECT@@PEAU_IRP@@PEAX@Z 00000001400015e0 f   disk_hook.obj
 0001:00000690       ?StorageQueryCompletion@@YAJPEAU_DEVICE_OBJECT@@PEAU_IRP@@PEAX@Z 0000000140001690 f   disk_hook.obj
 0001:00000778       ?SwapEndianess@@YAXPEAD0@Z 0000000140001778 f   disk_hook.obj
 0001:000007d0       ?CommandHandler@@YAXPEAX@Z 00000001400017d0 f   main.obj
 0001:00000c54       ?DriverEntry@@YAJ_K0@Z     0000000140001c54 f   main.obj
 0001:00000c80       ?MapperEntry@@YAJ_K0@Z     0000000140001c80 f   main.obj
 0001:00000c88       ?SetR6PresentHook@@YA_N_KPEAXPEAUInjectInfo@@@Z 0000000140001c88 f   main.obj
 0001:00000d60       ?BBScan@utils@@YAJPEADPEBEE_KPEA_KPEAX@Z 0000000140001d60 f   util.obj
 0001:00000eb0       ?BBSearchPattern@utils@@YAJPEBEE_KPEBX1PEAPEAX@Z 0000000140001eb0 f   util.obj
 0001:00000f4c       ?FindVadNode@utils@@YAPEAU_MMVAD_SHORT@@_KPEAU_KPROCESS@@@Z 0000000140001f4c f   util.obj
 0001:00000fb4       ?GetKernelModule@utils@@YAPEAXPEAKU_UNICODE_STRING@@@Z 0000000140001fb4 f   util.obj
 0001:0000103c       ?GetPte@utils@@YAPEATPT_ENTRY_64@@PEAX_KP6AHPEAT2@@Z@Z 000000014000203c f   util.obj
 0001:0000114c       ?GetUserModule@utils@@YAPEAXPEAU_KPROCESS@@PEAU_UNICODE_STRING@@@Z 000000014000214c f   util.obj
 0001:000012bc       ?UnlockPages@utils@@YAJPEAU_MDL@@@Z 00000001400022bc f   util.obj
 0001:000012f0       __security_check_cookie    00000001400022f0 f   BufferOverflowFastFailK:amdsecgs.obj
 0001:00001310       _guard_check_icall_nop     0000000140002310 f i BufferOverflowFastFailK:guard_support.obj
 0001:00001320       __report_gsfailure         0000000140002320 f   BufferOverflowFastFailK:gs_report.obj
 0001:00001330       DbgPrint                   0000000140002330 f   ntoskrnl:ntoskrnl.exe
 0001:00001338       __GSHandlerCheck           0000000140002338 f   ntoskrnl:gshandler.obj
 0001:00001358       __GSHandlerCheckCommon     0000000140002358 f   ntoskrnl:gshandler.obj
 0001:000013b8       strstr                     00000001400023b8 f   ntoskrnl:ntoskrnl.exe
 0001:000013be       MmCopyVirtualMemory        00000001400023be f   ntoskrnl:ntoskrnl.exe
 0001:000013c4       RtlCreateUserThread        00000001400023c4 f   ntoskrnl:ntoskrnl.exe
 0001:000013ca       PsGetProcessImageFileName  00000001400023ca f   ntoskrnl:ntoskrnl.exe
 0001:000013e0       _guard_dispatch_icall_nop  00000001400023e0 f   BufferOverflowFastFailK:guard_dispatch.obj
 0001:00001400       memmove                    0000000140002400 f   ntoskrnl:memcpy.obj
 0001:00001400       memcpy                     0000000140002400 f   ntoskrnl:memcpy.obj
 0001:000016c0       memset                     00000001400026c0 f   ntoskrnl:memset.obj
 0001:000017b0       ??_C@_1BC@HJJPAEEO@?$AAd?$AAi?$AAs?$AAk?$AA?4?$AAs?$AAy?$AAs@FNODOBFM@ 00000001400027b0     communicate.obj
 0001:000017d0       ??_C@_1BK@ELHOPPAM@?$AAn?$AAt?$AAo?$AAs?$AAk?$AAr?$AAn?$AAl?$AA?4?$AAe?$AAx?$AAe@FNODOBFM@ 00000001400027d0     communicate.obj
 0001:000017f0       ??_C@_0BK@CFFEGLEM@Failed?5to?5get?5disk?5base?5?6@FNODOBFM@ 00000001400027f0     communicate.obj
 0001:00001810       ??_C@_03EBHDIIA@H?$IJ?$DN@FNODOBFM@ 0000000140002810     communicate.obj
 0001:00001820       ??_C@_04NKLNNIHE@PAGE@FNODOBFM@ 0000000140002820     communicate.obj
 0001:00001830       ??_C@_0CD@MIOPDPJH@Failed?5to?5get?5WPP_GLOBAL_Contro@FNODOBFM@ 0000000140002830     communicate.obj
 0001:00001860       ??_C@_0CF@DJCBCBLK@WPP_GLOBAL_Control?5sig?5found?5at@FNODOBFM@ 0000000140002860     communicate.obj
 0001:00001890       ??_C@_0BO@PGGDMCF@WPP?5global?5control?5timer?5?$CFp?5?6@FNODOBFM@ 0000000140002890     communicate.obj
 0001:000018b0       ??_C@_09FDNPFHNL@H?$IL?$AF?$AA?$AA?$AA?$AAH?$ID@FNODOBFM@ 00000001400028b0     communicate.obj
 0001:000018c0       ??_C@_05GCIAPODO@?4text@FNODOBFM@ 00000001400028c0     communicate.obj
 0001:000018d0       ??_C@_0BK@MFNBHCKD@Failed?5to?5get?5wpp_trace?5?6@FNODOBFM@ 00000001400028d0     communicate.obj
 0001:000018f0       ??_C@_0DE@MCNDODFH@wpp_trace?5sig?5found?5at?5?$CFp?5disk_@FNODOBFM@ 00000001400028f0     communicate.obj
 0001:00001930       ??_C@_0BI@KABOJDHE@wpp_trace?5found?5at?5?$CFp?5?6@FNODOBFM@ 0000000140002930     communicate.obj
 0001:00001950       ??_C@_0BF@GNKJJPDB@wpp_trace?5value?5?$CFp?5?6@FNODOBFM@ 0000000140002950     communicate.obj
 0001:00001970       ??_C@_0M@KJOMJGEJ@?$EA?$IK?O?$EA?$II?$DN?$AA?$AA?$AA?$AA?h@FNODOBFM@ 0000000140002970     communicate.obj
 0001:00001980       ??_C@_0CL@GMLECGLG@Failed?5to?5get?5NotifyMediaBuffer@FNODOBFM@ 0000000140002980     communicate.obj
 0001:000019b0       ??_C@_09CCNBEIIB@?$JA?i?$AA?$AA?$AA?$AAH?$INT@FNODOBFM@ 00000001400029b0     communicate.obj
 0001:000019c0       ??_C@_0BE@DCDJAGNK@ioctl_ret_addr?5?$CFp?5?6@FNODOBFM@ 00000001400029c0     communicate.obj
 0001:000019e0       ??_C@_0BB@IOHADPLG@stack_index?5?$CFi?5?6@FNODOBFM@ 00000001400029e0     disk_hook.obj
 0001:00001a00       ??_C@_0BB@GGNLOGG@IRP?5Not?5found?$CB?5?6@FNODOBFM@ 0000000140002a00     disk_hook.obj
 0001:00001a20       ??_C@_0BJ@BHJPLHHH@handled?5StorageQueryIoc?6@FNODOBFM@ 0000000140002a20     disk_hook.obj
 0001:00001a40       ??_C@_0CL@DECPCKAF@hello?5from?5smartComplete?0?5stack@FNODOBFM@ 0000000140002a40     disk_hook.obj
 0001:00001a70       ??_C@_0BE@KDFLPMGK@command?5key?5found?5?6@FNODOBFM@ 0000000140002a70     disk_hook.obj
 0001:00001a90       ??_C@_0M@PBJLJBON@msg_id?5?$CFi?5?6@FNODOBFM@ 0000000140002a90     main.obj
 0001:00001aa0       ??_C@_0P@NKIGBDOM@Exit?5request?5?6@FNODOBFM@ 0000000140002aa0     main.obj
 0001:00001ab0       ??_C@_0DA@KMBJNNL@receieved?5request?5?$CFi?5start?5thre@FNODOBFM@ 0000000140002ab0     main.obj
 0001:00001ae0       ??_C@_0P@PJOFDELN@RainbowSix?4exe@FNODOBFM@ 0000000140002ae0     main.obj
 0001:00001af0       ??_C@_0BP@NOLOJDDE@RainbowSix?5process?5injection?5?6@FNODOBFM@ 0000000140002af0     main.obj
 0001:00001b10       ??_C@_1BO@CCHFGKDE@?$AAR?$AAa?$AAi?$AAn?$AAb?$AAo?$AAw?$AAS?$AAi?$AAx?$AA?4?$AAe?$AAx?$AAe@FNODOBFM@ 0000000140002b10     main.obj
 0001:00001b30       ??_C@_0CL@JLAMOEPC@RtlCreateUserThread?5status?5?$CFp?5a@FNODOBFM@ 0000000140002b30     main.obj
 0001:00001b60       ??_C@_0CO@FGCBNLNF@receieved?5request?5?$CFi?0?5process?5i@FNODOBFM@ 0000000140002b60     main.obj
 0001:00001b90       ??_C@_1DM@MNPBLGGM@?$AA?2?$AAB?$AAa?$AAs?$AAe?$AAN?$AAa?$AAm?$AAe?$AAd?$AAO?$AAb?$AAj?$AAe?$AAc@FNODOBFM@ 0000000140002b90     main.obj
 0001:00001bd0       ??_C@_0CP@NHDHBIHG@ZwMapViewOfSection?5status?5?$CFp?5ma@FNODOBFM@ 0000000140002bd0     main.obj
 0001:00001c00       ??_C@_0CH@DODAHIIH@number?5of?5bytes?5copied?5?$CFi?5?5stat@FNODOBFM@ 0000000140002c00     main.obj
 0001:00001c30       ??_C@_0CG@MIENBEGB@receieved?5request?5?$CFi?5module?5nam@FNODOBFM@ 0000000140002c30     main.obj
 0001:00001c60       ??_C@_0O@DOLJBHJL@mod_base?5?$CFp?5?6@FNODOBFM@ 0000000140002c60     main.obj
 0001:00001c70       ??_C@_0FA@IDCPHMAB@receieved?5request?5?$CFi?5write?5size@FNODOBFM@ 0000000140002c70     main.obj
 0001:00001cc0       ??_C@_0BK@LPLNEGNK@wrote?5memory?$CB?5status?5?$CFp?5?6@FNODOBFM@ 0000000140002cc0     main.obj
 0001:00001ce0       ??_C@_0DO@KPHADMHJ@hello?0?5DiskHookHandler?5at?5?$CFp?5dr@FNODOBFM@ 0000000140002ce0     main.obj
 0001:00001d20       ??_C@_0BH@FBDNIILN@Node?5not?5found?5in?5tree@FNODOBFM@ 0000000140002d20     util.obj
 0001:00001d40       ??_C@_0CI@KGFHFBFF@VAD?5node?5found?0?5vpnStart?5?$CFp?5end@FNODOBFM@ 0000000140002d40     util.obj
 0001:00001d70       ??_C@_0BA@KNNLDCOH@Node?5not?5found?6@FNODOBFM@ 0000000140002d70     util.obj
 0001:00001d80       ??_C@_0BA@OBMJMEIE@found?5module?$CB?5?6@FNODOBFM@ 0000000140002d80     util.obj
 0001:00001d90       ??_C@_07MKDJPLHF@found?$AN?6@FNODOBFM@ 0000000140002d90     util.obj
 0002:00000000       __imp_DbgPrint             0000000140003000     ntoskrnl:ntoskrnl.exe
 0002:00000008       __imp_MmProbeAndLockPages  0000000140003008     ntoskrnl:ntoskrnl.exe
 0002:00000010       __imp_IoAllocateMdl        0000000140003010     ntoskrnl:ntoskrnl.exe
 0002:00000018       __imp_ExAllocatePool       0000000140003018     ntoskrnl:ntoskrnl.exe
 0002:00000020       __imp_ExFreePoolWithTag    0000000140003020     ntoskrnl:ntoskrnl.exe
 0002:00000028       __imp_MmIsAddressValid     0000000140003028     ntoskrnl:ntoskrnl.exe
 0002:00000030       __imp_RtlRandomEx          0000000140003030     ntoskrnl:ntoskrnl.exe
 0002:00000038       __imp_PsGetCurrentThreadStackBase 0000000140003038     ntoskrnl:ntoskrnl.exe
 0002:00000040       __imp_strstr               0000000140003040     ntoskrnl:ntoskrnl.exe
 0002:00000048       __imp_RtlInitUnicodeString 0000000140003048     ntoskrnl:ntoskrnl.exe
 0002:00000050       __imp_IoGetCurrentProcess  0000000140003050     ntoskrnl:ntoskrnl.exe
 0002:00000058       __imp_ZwOpenSection        0000000140003058     ntoskrnl:ntoskrnl.exe
 0002:00000060       __imp_ZwMapViewOfSection   0000000140003060     ntoskrnl:ntoskrnl.exe
 0002:00000068       __imp_KeStackAttachProcess 0000000140003068     ntoskrnl:ntoskrnl.exe
 0002:00000070       __imp_KeUnstackDetachProcess 0000000140003070     ntoskrnl:ntoskrnl.exe
 0002:00000078       __imp_PsLookupProcessByProcessId 0000000140003078     ntoskrnl:ntoskrnl.exe
 0002:00000080       __imp_ZwAllocateVirtualMemory 0000000140003080     ntoskrnl:ntoskrnl.exe
 0002:00000088       __imp_MmCopyVirtualMemory  0000000140003088     ntoskrnl:ntoskrnl.exe
 0002:00000090       __imp_RtlCreateUserThread  0000000140003090     ntoskrnl:ntoskrnl.exe
 0002:00000098       __imp_PsGetProcessImageFileName 0000000140003098     ntoskrnl:ntoskrnl.exe
 0002:000000a0       __imp_RtlInitAnsiString    00000001400030a0     ntoskrnl:ntoskrnl.exe
 0002:000000a8       __imp_RtlCompareUnicodeString 00000001400030a8     ntoskrnl:ntoskrnl.exe
 0002:000000b0       __imp_KeDelayExecutionThread 00000001400030b0     ntoskrnl:ntoskrnl.exe
 0002:000000b8       __imp_MmUnlockPages        00000001400030b8     ntoskrnl:ntoskrnl.exe
 0002:000000c0       __imp_IoFreeMdl            00000001400030c0     ntoskrnl:ntoskrnl.exe
 0002:000000c8       __imp_RtlCompareString     00000001400030c8     ntoskrnl:ntoskrnl.exe
 0002:000000d0       __imp_MmGetVirtualForPhysical 00000001400030d0     ntoskrnl:ntoskrnl.exe
 0002:000000d8       __imp_PsGetProcessPeb      00000001400030d8     ntoskrnl:ntoskrnl.exe
 0002:000000e0       __imp_PsGetProcessWow64Process 00000001400030e0     ntoskrnl:ntoskrnl.exe
 0002:000000e8       __imp_RtlImageNtHeader     00000001400030e8     ntoskrnl:ntoskrnl.exe
 0002:000000f0       PsLoadedModuleList         00000001400030f0     ntoskrnl:ntoskrnl.exe
 0002:000000f0       __imp_PsLoadedModuleList   00000001400030f0     ntoskrnl:ntoskrnl.exe
 0002:000000f8       \177ntoskrnl_NULL_THUNK_DATA 00000001400030f8     ntoskrnl:ntoskrnl.exe
 0002:00000100       __guard_check_icall_fptr   0000000140003100     BufferOverflowFastFailK:guard_support.obj
 0002:00000108       __guard_dispatch_icall_fptr 0000000140003108     BufferOverflowFastFailK:guard_support.obj
 0002:00000110       __guard_fids_table         0000000140003110     <linker-defined>
 0002:00000130       ??_C@_0BA@MDHKMHLD@H?$IL?$AF?$AA?$AA?$AA?$AAH?$IF?$MAu?$CIH?$IJ?J@ 0000000140003130     main.obj
 0002:00000180       _load_config_used          0000000140003180     BufferOverflowFastFailK:loadcfg.obj
 0003:00000000       ?alphabet@@3PADA           0000000140004000     disk_hook.obj
 0003:00000030       __security_cookie          0000000140004030     BufferOverflowFastFailK:gs_support.obj
 0003:00000040       ?client@Interface@@3PEAU_KPROCESS@@EA 0000000140004040     communicate.obj
 0003:00000048       ?o_WppTraceMessage@@3P6A_J_J0000@ZEA 0000000140004048     disk_hook.obj
 0003:00000050       ?ioctl_ret_addr@@3_KA      0000000140004050     disk_hook.obj
 0005:00000000       __IMPORT_DESCRIPTOR_ntoskrnl 0000000140006000     ntoskrnl:ntoskrnl.exe
 0005:00000014       __NULL_IMPORT_DESCRIPTOR   0000000140006014     ntoskrnl:ntoskrnl.exe

 entry point at        0001:00000c80

 Static symbols

 0002:ffffd000       __guard_fids_?Init@Interface@@YA_NXZ 0000000140000000     communicate.obj
 0002:ffffd000       __guard_fids_?DiskHookHandler@@YAXXZ 0000000140000000     disk_hook.obj
 0002:ffffd000       __guard_fids_?CommandHandler@@YAXPEAX@Z 0000000140000000     main.obj
 0002:ffffd000       __guard_fids_?DriverEntry@@YAJ_K0@Z 0000000140000000     main.obj
 0002:ffffd000       __guard_fids__             0000000140000000     BufferOverflowFastFailK:guard_support.obj
 0002:ffffd000       __guard_fids__guard_icall_checks_enforced 0000000140000000     BufferOverflowFastFailK:guard_support.obj
 0000:ffff8000       .debug$S                   0000000140000000     ntoskrnl:ntoskrnl.exe
 0000:ffff8000       .debug$S                   0000000140000000     ntoskrnl:ntoskrnl.exe
 0000:ffff8000       .debug$S                   0000000140000000     ntoskrnl:ntoskrnl.exe
 0000:ffff8000       .debug$S                   0000000140000000     ntoskrnl:ntoskrnl.exe
 0000:ffff8000       .debug$S                   0000000140000000     ntoskrnl:ntoskrnl.exe
 0000:ffff8000       .debug$S                   0000000140000000     ntoskrnl:ntoskrnl.exe
 0000:ffff8000       .debug$S                   0000000140000000     ntoskrnl:ntoskrnl.exe
 0000:ffff8000       .debug$S                   0000000140000000     ntoskrnl:ntoskrnl.exe
 0000:ffff8000       .debug$S                   0000000140000000     ntoskrnl:ntoskrnl.exe
 0000:ffff8000       .debug$S                   0000000140000000     ntoskrnl:ntoskrnl.exe
 0000:ffff8000       .debug$S                   0000000140000000     ntoskrnl:ntoskrnl.exe
 0000:ffff8000       .debug$S                   0000000140000000     ntoskrnl:ntoskrnl.exe
 0000:ffff8000       .debug$S                   0000000140000000     ntoskrnl:ntoskrnl.exe
 0000:ffff8000       .debug$S                   0000000140000000     ntoskrnl:ntoskrnl.exe
 0000:ffff8000       .debug$S                   0000000140000000     ntoskrnl:ntoskrnl.exe
 0000:ffff8000       .debug$S                   0000000140000000     ntoskrnl:ntoskrnl.exe
 0000:ffff8000       .debug$S                   0000000140000000     ntoskrnl:ntoskrnl.exe
 0000:ffff8000       .debug$S                   0000000140000000     ntoskrnl:ntoskrnl.exe
 0000:ffff8000       .debug$S                   0000000140000000     ntoskrnl:ntoskrnl.exe
 0000:ffff8000       .debug$S                   0000000140000000     ntoskrnl:ntoskrnl.exe
 0000:ffff8000       .debug$S                   0000000140000000     ntoskrnl:ntoskrnl.exe
 0000:ffff8000       .debug$S                   0000000140000000     ntoskrnl:ntoskrnl.exe
 0000:ffff8000       .debug$S                   0000000140000000     ntoskrnl:ntoskrnl.exe
 0000:ffff8000       .debug$S                   0000000140000000     ntoskrnl:ntoskrnl.exe
 0000:ffff8000       .debug$S                   0000000140000000     ntoskrnl:ntoskrnl.exe
 0000:ffff8000       .debug$S                   0000000140000000     ntoskrnl:ntoskrnl.exe
 0000:ffff8000       .debug$S                   0000000140000000     ntoskrnl:ntoskrnl.exe
 0000:ffff8000       .debug$S                   0000000140000000     ntoskrnl:ntoskrnl.exe
 0000:ffff8000       .debug$S                   0000000140000000     ntoskrnl:ntoskrnl.exe
 0000:ffff8000       .debug$S                   0000000140000000     ntoskrnl:ntoskrnl.exe
 0000:ffff8000       .debug$S                   0000000140000000     ntoskrnl:ntoskrnl.exe
 0000:ffff8000       .debug$S                   0000000140000000     ntoskrnl:ntoskrnl.exe
 0000:ffff8000       .debug$S                   0000000140000000     ntoskrnl:ntoskrnl.exe
 0000:ffff8000       .debug$S                   0000000140000000     ntoskrnl:ntoskrnl.exe
 0000:ffff8000       .debug$S                   0000000140000000     ntoskrnl:ntoskrnl.exe
 0000:ffff8000       .debug$S                   0000000140000000     ntoskrnl:ntoskrnl.exe
 0000:ffff8000       .debug$S                   0000000140000000     ntoskrnl:ntoskrnl.exe
 0000:ffff8000       .debug$S                   0000000140000000     ntoskrnl:ntoskrnl.exe
 0000:ffff8000       .debug$S                   0000000140000000     ntoskrnl:ntoskrnl.exe
 0000:ffff8000       .debug$S                   0000000140000000     ntoskrnl:ntoskrnl.exe
 0000:ffff8000       .debug$S                   0000000140000000     ntoskrnl:ntoskrnl.exe
 0000:ffff8000       .debug$S                   0000000140000000     ntoskrnl:ntoskrnl.exe
 0000:ffff8000       .debug$S                   0000000140000000     ntoskrnl:ntoskrnl.exe
 0000:ffff8000       .debug$S                   0000000140000000     ntoskrnl:ntoskrnl.exe
 0001:000007c0       ?<lambda_invoker_cdecl>@<lambda_325f3680d543881836bc5bde1d855d25>@@CAHPEATPT_ENTRY_64@@@Z 00000001400017c0 f   main.obj
 0001:000012e0       $$000000                   00000001400022e0     BufferOverflowFastFailK:amdsecgs.obj
 0001:000013d0       $$000000                   00000001400023d0     BufferOverflowFastFailK:guard_dispatch.obj
 0001:00001400       $$000000                   0000000140002400     ntoskrnl:memcpy.obj
 0001:000016c0       $$000000                   00000001400026c0     ntoskrnl:memset.obj
 0002:00000438       $unwind$?Init@Interface@@YA_NXZ 0000000140003438     communicate.obj
 0002:00000448       $unwind$?DiskHookHandler@@YAXXZ 0000000140003448     disk_hook.obj
 0002:0000045c       $unwind$?FindValue@Stack@@YA_NH_KH@Z 000000014000345c     disk_hook.obj
 0002:00000470       $unwind$?FindIRP@Stack@@YAPEAU_IRP@@HH@Z 0000000140003470     disk_hook.obj
 0002:00000470       $unwind$?SetIoCompletion@@YAXPEAU_IRP@@PEAU_IO_STACK_LOCATION@@P6AJPEAU_DEVICE_OBJECT@@0PEAX@ZH@Z 0000000140003470     disk_hook.obj
 0002:00000488       $unwind$?RandomString@@YAXPEADH@Z 0000000140003488     disk_hook.obj
 0002:0000049c       $unwind$?StorageQueryCompletion@@YAJPEAU_DEVICE_OBJECT@@PEAU_IRP@@PEAX@Z 000000014000349c     disk_hook.obj
 0002:000004b8       $unwind$?SmartComplete@@YAJPEAU_DEVICE_OBJECT@@PEAU_IRP@@PEAX@Z 00000001400034b8     disk_hook.obj
 0002:000004d4       $unwind$?SetR6PresentHook@@YA_N_KPEAXPEAUInjectInfo@@@Z 00000001400034d4     main.obj
 0002:000004e8       $unwind$?CommandHandler@@YAXPEAX@Z 00000001400034e8     main.obj
 0002:0000050c       $unwind$?DriverEntry@@YAJ_K0@Z 000000014000350c     main.obj
 0002:00000518       $unwind$?GetPte@utils@@YAPEATPT_ENTRY_64@@PEAX_KP6AHPEAT2@@Z@Z 0000000140003518     util.obj
 0002:00000534       $unwind$?FindVadNode@utils@@YAPEAU_MMVAD_SHORT@@_KPEAU_KPROCESS@@@Z 0000000140003534     util.obj
 0002:00000534       $unwind$?UnlockPages@utils@@YAJPEAU_MDL@@@Z 0000000140003534     util.obj
 0002:00000540       $unwind$?GetKernelModule@utils@@YAPEAXPEAKU_UNICODE_STRING@@@Z 0000000140003540     util.obj
 0002:00000558       $unwind$?GetUserModule@utils@@YAPEAXPEAU_KPROCESS@@PEAU_UNICODE_STRING@@@Z 0000000140003558     util.obj
 0002:00000570       $unwind$?BBSearchPattern@utils@@YAJPEBEE_KPEBX1PEAPEAX@Z 0000000140003570     util.obj
 0002:00000588       $unwind$?BBScan@utils@@YAJPEADPEBEE_KPEA_KPEAX@Z 0000000140003588     util.obj
 0002:000005a8       $xdatasym                  00000001400035a8     BufferOverflowFastFailK:amdsecgs.obj
 0002:000005b0       $xdatasym                  00000001400035b0     BufferOverflowFastFailK:guard_dispatch.obj
 0002:000005b4       $unwind$__GSHandlerCheck   00000001400035b4     ntoskrnl:gshandler.obj
 0002:000005b4       $unwind$__GSHandlerCheckCommon 00000001400035b4     ntoskrnl:gshandler.obj
 0002:000005c0       $xdatasym                  00000001400035c0     ntoskrnl:memcpy.obj
 0002:000005c8       $xdatasym                  00000001400035c8     ntoskrnl:memset.obj
 0005:000003ba       .idata$6                   00000001400063ba     ntoskrnl:ntoskrnl.exe
