 Injector-client

 Timestamp is 637eb75e (Wed Nov 23 19:14:22 2022)

 Preferred load address is 0000000140000000

 Start         Length     Name                   Class
 0001:00000000 00000010H .text$di                CODE
 0001:00000010 00003100H .text$mn                CODE
 0001:00003110 00000040H .text$mn$00             CODE
 0001:00003150 000001fcH .text$x                 CODE
 0001:0000334c 0000005bH .text$yd                CODE
 0002:00000000 000003b0H .idata$5                DATA
 0002:000003b0 00000038H .00cfg                  DATA
 0002:000003e8 00000008H .CRT$XCA                DATA
 0002:000003f0 00000008H .CRT$XCAA               DATA
 0002:000003f8 00000008H .CRT$XCL                DATA
 0002:00000400 00000008H .CRT$XCZ                DATA
 0002:00000408 00000008H .CRT$XIA                DATA
 0002:00000410 00000008H .CRT$XIAA               DATA
 0002:00000418 00000008H .CRT$XIAC               DATA
 0002:00000420 00000008H .CRT$XIZ                DATA
 0002:00000428 00000008H .CRT$XPA                DATA
 0002:00000430 00000008H .CRT$XPZ                DATA
 0002:00000438 00000008H .CRT$XTA                DATA
 0002:00000440 00000010H .CRT$XTZ                DATA
 0002:00000448 00000000H .gehcont$y              DATA
 0002:00000448 00000000H .gfids$y                DATA
 0002:00000450 00000430H .rdata                  DATA
 0002:00000880 00000000H .rdata$CastGuardVftablesA DATA
 0002:00000880 00000000H .rdata$CastGuardVftablesC DATA
 0002:00000880 00000274H .rdata$r                DATA
 0002:00000af4 0000006cH .rdata$voltmd           DATA
 0002:00000b60 00000398H .rdata$zzzdbg           DATA
 0002:00000ef8 00000008H .rtc$IAA                DATA
 0002:00000f00 00000008H .rtc$IZZ                DATA
 0002:00000f08 00000008H .rtc$TAA                DATA
 0002:00000f10 00000008H .rtc$TZZ                DATA
 0002:00000f18 000005b8H .xdata                  DATA
 0002:000014d0 00000150H .xdata$x                DATA
 0002:00001620 00000058H .edata                  DATA
 0002:00001678 000000c8H .idata$2                DATA
 0002:00001740 00000018H .idata$3                DATA
 0002:00001758 000003b0H .idata$4                DATA
 0002:00001b08 00000fbcH .idata$6                DATA
 0003:00000000 00000048H .data                   DATA
 0003:00000048 000000a8H .data$r                 DATA
 0003:000000f0 00000020H .data$rs                DATA
 0003:00000110 00000620H .bss                    DATA
 0004:00000000 0000042cH .pdata                  DATA
 0005:00000000 00000060H .rsrc$01                DATA
 0005:00000060 00000180H .rsrc$02                DATA

  Address         Publics by Value              Rva+Base               Lib:Object

 0000:00000000       __AbsoluteZero             0000000000000000     <absolute>
 0000:00000000       ___safe_se_handler_count   0000000000000000     <absolute>
 0000:00000000       ___safe_se_handler_table   0000000000000000     <absolute>
 0000:00000000       __arm64x_extra_rfe_table   0000000000000000     <absolute>
 0000:00000000       __arm64x_extra_rfe_table_size 0000000000000000     <absolute>
 0000:00000000       __arm64x_native_entrypoint 0000000000000000     <absolute>
 0000:00000000       __arm64x_redirection_metadata 0000000000000000     <absolute>
 0000:00000000       __arm64x_redirection_metadata_count 0000000000000000     <absolute>
 0000:00000000       __dynamic_value_reloc_table 0000000000000000     <absolute>
 0000:00000000       __enclave_config           0000000000000000     <absolute>
 0000:00000000       __guard_check_icall_a64n_fptr 0000000000000000     <absolute>
 0000:00000000       __guard_eh_cont_count      0000000000000000     <absolute>
 0000:00000000       __guard_eh_cont_table      0000000000000000     <absolute>
 0000:00000000       __guard_fids_count         0000000000000000     <absolute>
 0000:00000000       __guard_fids_table         0000000000000000     <absolute>
 0000:00000000       __guard_iat_count          0000000000000000     <absolute>
 0000:00000000       __guard_iat_table          0000000000000000     <absolute>
 0000:00000000       __guard_longjmp_count      0000000000000000     <absolute>
 0000:00000000       __guard_longjmp_table      0000000000000000     <absolute>
 0000:00000000       __hybrid_auxiliary_iat     0000000000000000     <absolute>
 0000:00000000       __hybrid_auxiliary_iat_copy 0000000000000000     <absolute>
 0000:00000000       __hybrid_code_map          0000000000000000     <absolute>
 0000:00000000       __hybrid_code_map_count    0000000000000000     <absolute>
 0000:00000000       __x64_code_ranges_to_entry_points 0000000000000000     <absolute>
 0000:00000000       __x64_code_ranges_to_entry_points_count 0000000000000000     <absolute>
 0000:00000100       __guard_flags              0000000000000100     <absolute>
 0000:00000000       __ImageBase                0000000140000000     <linker-defined>
 0001:00000010       ??1?$basic_string@_WU?$char_traits@_W@std@@V?$allocator@_W@2@@std@@QEAA@XZ 0000000140001010 f i communicate.obj
 0001:00000080       ??0exception@std@@QEAA@AEBV01@@Z 0000000140001080 f i main.obj
 0001:000000c0       ?what@exception@std@@UEBAPEBDXZ 00000001400010c0 f i main.obj
 0001:000000e0       ??_Ebad_alloc@std@@UEAAPEAXI@Z 00000001400010e0 f i * CIL library *:* CIL module *
 0001:000000e0       ??_Ebad_array_new_length@std@@UEAAPEAXI@Z 00000001400010e0 f i * CIL library *:* CIL module *
 0001:000000e0       ??_Ebad_cast@std@@UEAAPEAXI@Z 00000001400010e0 f i * CIL library *:* CIL module *
 0001:000000e0       ??_Eexception@std@@UEAAPEAXI@Z 00000001400010e0 f i * CIL library *:* CIL module *
 0001:000000e0       ??_Gbad_alloc@std@@UEAAPEAXI@Z 00000001400010e0 f i main.obj
 0001:000000e0       ??_Gbad_array_new_length@std@@UEAAPEAXI@Z 00000001400010e0 f i main.obj
 0001:000000e0       ??_Gbad_cast@std@@UEAAPEAXI@Z 00000001400010e0 f i main.obj
 0001:000000e0       ??_Gexception@std@@UEAAPEAXI@Z 00000001400010e0 f i main.obj
 0001:00000130       ??1bad_alloc@std@@UEAA@XZ  0000000140001130 f i main.obj
 0001:00000130       ??1bad_array_new_length@std@@UEAA@XZ 0000000140001130 f i main.obj
 0001:00000130       ??1bad_cast@std@@UEAA@XZ   0000000140001130 f i main.obj
 0001:00000150       ??0bad_array_new_length@std@@QEAA@XZ 0000000140001150 f i main.obj
 0001:00000180       ?_Throw_bad_array_new_length@std@@YAXXZ 0000000140001180 f i main.obj
 0001:00000180       ?__scrt_throw_std_bad_array_new_length@@YAXXZ 0000000140001180 f i MSVCRT:throw_bad_alloc.obj
 0001:000001a0       ??0bad_array_new_length@std@@QEAA@AEBV01@@Z 00000001400011a0 f i main.obj
 0001:000001e0       ??0bad_alloc@std@@QEAA@AEBV01@@Z 00000001400011e0 f i main.obj
 0001:00000220       ?_Xlen_string@std@@YAXXZ   0000000140001220 f i main.obj
 0001:00000240       ??0bad_cast@std@@QEAA@XZ   0000000140001240 f i main.obj
 0001:00000270       ?_Throw_bad_cast@std@@YAXXZ 0000000140001270 f i main.obj
 0001:00000290       ??0bad_cast@std@@QEAA@AEBV01@@Z 0000000140001290 f i main.obj
 0001:000002d0       ??1locale@std@@QEAA@XZ     00000001400012d0 f i main.obj
 0001:00000300       ?hex@std@@YAAEAVios_base@1@AEAV21@@Z 0000000140001300 f i main.obj
 0001:00000320       InjectDLLBytes             0000000140001320 f   main.obj
 0001:000006d0       main                       00000001400016d0 f   main.obj
 0001:00000960       ??1sentry@?$basic_istream@DU?$char_traits@D@std@@@std@@QEAA@XZ 0000000140001960 f i main.obj
 0001:00000960       ??1sentry@?$basic_istream@_WU?$char_traits@_W@std@@@std@@QEAA@XZ 0000000140001960 f i main.obj
 0001:00000990       ??1sentry@?$basic_ostream@DU?$char_traits@D@std@@@std@@QEAA@XZ 0000000140001990 f i main.obj
 0001:000009d0       ??1_Sentry_base@?$basic_istream@DU?$char_traits@D@std@@@std@@QEAA@XZ 00000001400019d0 f i main.obj
 0001:000009d0       ??1_Sentry_base@?$basic_istream@_WU?$char_traits@_W@std@@@std@@QEAA@XZ 00000001400019d0 f i main.obj
 0001:000009d0       ??1_Sentry_base@?$basic_ostream@DU?$char_traits@D@std@@@std@@QEAA@XZ 00000001400019d0 f i main.obj
 0001:000009d0       ??1_Sentry_base@?$basic_ostream@_WU?$char_traits@_W@std@@@std@@QEAA@XZ 00000001400019d0 f i manual_map.obj
 0001:00000a00       ??$use_facet@V?$ctype@D@std@@@std@@YAAEBV?$ctype@D@0@AEBVlocale@0@@Z 0000000140001a00 f i main.obj
 0001:00000b10       ??$?6U?$char_traits@D@std@@@std@@YAAEAV?$basic_ostream@DU?$char_traits@D@std@@@0@AEAV10@PEBD@Z 0000000140001b10 f i main.obj
 0001:00000ce0       ??$endl@DU?$char_traits@D@std@@@std@@YAAEAV?$basic_ostream@DU?$char_traits@D@std@@@0@AEAV10@@Z 0000000140001ce0 f i main.obj
 0001:00000d20       ??$?5DU?$char_traits@D@std@@V?$allocator@D@1@@std@@YAAEAV?$basic_istream@DU?$char_traits@D@std@@@0@AEAV10@AEAV?$basic_string@DU?$char_traits@D@std@@V?$allocator@D@2@@0@@Z 0000000140001d20 f i main.obj
 0001:00000f10       ??$?5_WU?$char_traits@_W@std@@V?$allocator@_W@1@@std@@YAAEAV?$basic_istream@_WU?$char_traits@_W@std@@@0@AEAV10@AEAV?$basic_string@_WU?$char_traits@_W@std@@V?$allocator@_W@2@@0@@Z 0000000140001f10 f i main.obj
 0001:00001120       ??$use_facet@V?$ctype@_W@std@@@std@@YAAEBV?$ctype@_W@0@AEBVlocale@0@@Z 0000000140002120 f i main.obj
 0001:00001230       ??$_Reallocate_grow_by@V<lambda_1>@?1??push_back@?$basic_string@_WU?$char_traits@_W@std@@V?$allocator@_W@2@@std@@QEAAX_W@Z@_W@?$basic_string@_WU?$char_traits@_W@std@@V?$allocator@_W@2@@std@@AEAAAEAV01@_KV<lambda_1>@?1??push_back@01@QEAAX_W@Z@_W@Z 0000000140002230 f i main.obj
 0001:000013e0       ??$_Reallocate_grow_by@V<lambda_1>@?1??push_back@?$basic_string@DU?$char_traits@D@std@@V?$allocator@D@2@@std@@QEAAXD@Z@D@?$basic_string@DU?$char_traits@D@std@@V?$allocator@D@2@@std@@AEAAAEAV01@_KV<lambda_1>@?1??push_back@01@QEAAXD@Z@D@Z 00000001400023e0 f i main.obj
 0001:00001540       ??1?$unique_ptr@V_Facet_base@std@@U?$default_delete@V_Facet_base@std@@@2@@std@@QEAA@XZ 0000000140002540 f i main.obj
 0001:00001560       ?ResolveImports@PE@@YA_NPEAEH@Z 0000000140002560 f   manual_map.obj
 0001:00001ad0       ?RemapImage@PE@@YA_KPEAEPEAPEAEH_K@Z 0000000140002ad0 f   manual_map.obj
 0001:00001cc0       ??$?6_WU?$char_traits@_W@std@@@std@@YAAEAV?$basic_ostream@_WU?$char_traits@_W@std@@@0@AEAV10@PEB_W@Z 0000000140002cc0 f i manual_map.obj
 0001:00001e90       ??$endl@_WU?$char_traits@_W@std@@@std@@YAAEAV?$basic_ostream@_WU?$char_traits@_W@std@@@0@AEAV10@@Z 0000000140002e90 f i manual_map.obj
 0001:00001ed0       ??$_Reallocate_for@V<lambda_1>@?1??assign@?$basic_string@_WU?$char_traits@_W@std@@V?$allocator@_W@2@@std@@QEAAAEAV34@QEB_W_K@Z@PEB_W@?$basic_string@_WU?$char_traits@_W@std@@V?$allocator@_W@2@@std@@AEAAAEAV01@_KV<lambda_1>@?1??assign@01@QEAAAEAV01@QEB_W0@Z@PEB_W@Z 0000000140002ed0 f i manual_map.obj
 0001:00002040       ??1sentry@?$basic_ostream@_WU?$char_traits@_W@std@@@std@@QEAA@XZ 0000000140003040 f i manual_map.obj
 0001:00002080       ??1?$_Tidy_deallocate_guard@V?$basic_string@_WU?$char_traits@_W@std@@V?$allocator@_W@2@@std@@@std@@QEAA@XZ 0000000140003080 f i manual_map.obj
 0001:000020f0       ??$_Reallocate_grow_by@V<lambda_1>@?L@??reserve@?$basic_string@_WU?$char_traits@_W@std@@V?$allocator@_W@2@@std@@QEAAX_K@Z@$$V@?$basic_string@_WU?$char_traits@_W@std@@V?$allocator@_W@2@@std@@AEAAAEAV01@_KV<lambda_1>@?L@??reserve@01@QEAAX0@Z@@Z 00000001400030f0 f i manual_map.obj
 0001:00002255       ??1_Lockit@std@@QEAA@XZ    0000000140003255 f   msvcprt:MSVCP140.dll
 0001:0000225c       ?_Facet_Register@std@@YAXPEAV_Facet_base@1@@Z 000000014000325c f   msvcprt:locale0_implib.obj
 0001:000022b0       __security_check_cookie    00000001400032b0 f   MSVCRT:amdsecgs.obj
 0001:000022d0       ??3@YAXPEAX_K@Z            00000001400032d0 f   MSVCRT:delete_scalar_size.obj
 0001:000022d8       ??2@YAPEAX_K@Z             00000001400032d8 f   MSVCRT:new_scalar.obj
 0001:00002314       ??_Etype_info@@UEAAPEAXI@Z 0000000140003314 f i MSVCRT:std_type_info_static.obj
 0001:00002314       ??_Gtype_info@@UEAAPEAXI@Z 0000000140003314 f i MSVCRT:std_type_info_static.obj
 0001:000025a0       mainCRTStartup             00000001400035a0 f   MSVCRT:exe_main.obj
 0001:000025b4       __scrt_acquire_startup_lock 00000001400035b4 f   MSVCRT:utility.obj
 0001:000025f0       __scrt_initialize_crt      00000001400035f0 f   MSVCRT:utility.obj
 0001:0000263c       __scrt_initialize_onexit_tables 000000014000363c f   MSVCRT:utility.obj
 0001:000026c8       __scrt_is_nonwritable_in_current_image 00000001400036c8 f   MSVCRT:utility.obj
 0001:00002760       __scrt_release_startup_lock 0000000140003760 f   MSVCRT:utility.obj
 0001:00002784       __scrt_uninitialize_crt    0000000140003784 f   MSVCRT:utility.obj
 0001:000027b0       _onexit                    00000001400037b0 f   MSVCRT:utility.obj
 0001:000027ec       atexit                     00000001400037ec f   MSVCRT:utility.obj
 0001:00002804       _guard_check_icall_nop     0000000140003804 f i MSVCRT:guard_support.obj
 0001:00002804       _initialize_denormal_control 0000000140003804 f i MSVCRT:denormal_control.obj
 0001:00002804       _initialize_invalid_parameter_handler 0000000140003804 f i MSVCRT:invalid_parameter_handler.obj
 0001:00002808       __raise_securityfailure    0000000140003808 f   MSVCRT:gs_report.obj
 0001:0000283c       __report_gsfailure         000000014000383c f   MSVCRT:gs_report.obj
 0001:00002984       ??3@YAXPEAX@Z              0000000140003984 f   MSVCRT:delete_scalar.obj
 0001:0000298c       ??0bad_alloc@std@@QEAA@XZ  000000014000398c f i MSVCRT:throw_bad_alloc.obj
 0001:000029ac       ?__scrt_throw_std_bad_alloc@@YAXXZ 00000001400039ac f   MSVCRT:throw_bad_alloc.obj
 0001:000029cc       __security_init_cookie     00000001400039cc f   MSVCRT:gs_support.obj
 0001:00002a78       __scrt_exe_initialize_mta  0000000140003a78 f   MSVCRT:utility_desktop.obj
 0001:00002a78       __scrt_initialize_winrt    0000000140003a78 f   MSVCRT:utility_desktop.obj
 0001:00002a78       __scrt_stub_for_initialize_mta 0000000140003a78 f   MSVCRT:utility_desktop.obj
 0001:00002a78       _get_startup_commit_mode   0000000140003a78 f   MSVCRT:commit_mode.obj
 0001:00002a78       _get_startup_new_mode      0000000140003a78 f   MSVCRT:new_mode.obj
 0001:00002a78       _get_startup_thread_locale_mode 0000000140003a78 f   MSVCRT:thread_locale.obj
 0001:00002a78       _matherr                   0000000140003a78 f   MSVCRT:matherr.obj
 0001:00002a7c       _get_startup_argv_mode     0000000140003a7c f   MSVCRT:argv_mode.obj
 0001:00002a84       _get_startup_file_mode     0000000140003a84 f   MSVCRT:file_mode.obj
 0001:00002a8c       ?__scrt_initialize_type_info@@YAXXZ 0000000140003a8c f   MSVCRT:tncleanup.obj
 0001:00002a9c       __acrt_initialize          0000000140003a9c f   MSVCRT:ucrt_stubs.obj
 0001:00002a9c       __acrt_uninitialize        0000000140003a9c f   MSVCRT:ucrt_stubs.obj
 0001:00002a9c       __scrt_stub_for_acrt_initialize 0000000140003a9c f   MSVCRT:ucrt_stubs.obj
 0001:00002a9c       __scrt_stub_for_acrt_uninitialize 0000000140003a9c f   MSVCRT:ucrt_stubs.obj
 0001:00002a9c       __vcrt_initialize          0000000140003a9c f   MSVCRT:ucrt_stubs.obj
 0001:00002a9c       __vcrt_uninitialize        0000000140003a9c f   MSVCRT:ucrt_stubs.obj
 0001:00002a9c       _should_initialize_environment 0000000140003a9c f   MSVCRT:env_mode.obj
 0001:00002aa0       __local_stdio_printf_options 0000000140003aa0 f i MSVCRT:default_local_stdio_options.obj
 0001:00002aa8       __local_stdio_scanf_options 0000000140003aa8 f i MSVCRT:default_local_stdio_options.obj
 0001:00002ab0       __scrt_initialize_default_local_stdio_options 0000000140003ab0 f   MSVCRT:default_local_stdio_options.obj
 0001:00002acc       __scrt_is_user_matherr_present 0000000140003acc f   MSVCRT:matherr_detection.obj
 0001:00002ad8       __scrt_get_dyn_tls_init_callback 0000000140003ad8 f   MSVCRT:dyn_tls_init.obj
 0001:00002ae0       __scrt_get_dyn_tls_dtor_callback 0000000140003ae0 f   MSVCRT:dyn_tls_dtor.obj
 0001:00002ae8       __crt_debugger_hook        0000000140003ae8 f   MSVCRT:utility_desktop.obj
 0001:00002af0       __scrt_fastfail            0000000140003af0 f   MSVCRT:utility_desktop.obj
 0001:00002c3c       __scrt_initialize_mta      0000000140003c3c f   MSVCRT:utility_desktop.obj
 0001:00002c44       __scrt_is_managed_app      0000000140003c44 f   MSVCRT:utility_desktop.obj
 0001:00002c98       __scrt_set_unhandled_exception_filter 0000000140003c98 f   MSVCRT:utility_desktop.obj
 0001:00002ca8       __scrt_unhandled_exception_filter 0000000140003ca8 f   MSVCRT:utility_desktop.obj
 0001:00002d04       _RTC_Initialize            0000000140003d04 f   MSVCRT:initsect.obj
 0001:00002d40       _RTC_Terminate             0000000140003d40 f   MSVCRT:initsect.obj
 0001:00002d7c       __isa_available_init       0000000140003d7c f   MSVCRT:cpu_disp.obj
 0001:00002f28       __scrt_is_ucrt_dll_in_use  0000000140003f28 f   MSVCRT:ucrt_detection.obj
 0001:00002f40       __CxxFrameHandler4         0000000140003f40 f   vcruntime:VCRUNTIME140_1.dll
 0001:00002f46       __std_terminate            0000000140003f46 f   vcruntime:VCRUNTIME140.dll
 0001:00002f4c       __C_specific_handler       0000000140003f4c f   vcruntime:VCRUNTIME140.dll
 0001:00002f52       _CxxThrowException         0000000140003f52 f   vcruntime:VCRUNTIME140.dll
 0001:00002f58       __current_exception        0000000140003f58 f   vcruntime:VCRUNTIME140.dll
 0001:00002f5e       __current_exception_context 0000000140003f5e f   vcruntime:VCRUNTIME140.dll
 0001:00002f64       memset                     0000000140003f64 f   vcruntime:VCRUNTIME140.dll
 0001:00002f6a       _callnewh                  0000000140003f6a f   ucrt:api-ms-win-crt-heap-l1-1-0.dll
 0001:00002f70       malloc                     0000000140003f70 f   ucrt:api-ms-win-crt-heap-l1-1-0.dll
 0001:00002f76       _seh_filter_exe            0000000140003f76 f   ucrt:api-ms-win-crt-runtime-l1-1-0.dll
 0001:00002f7c       _set_app_type              0000000140003f7c f   ucrt:api-ms-win-crt-runtime-l1-1-0.dll
 0001:00002f82       __setusermatherr           0000000140003f82 f   ucrt:api-ms-win-crt-math-l1-1-0.dll
 0001:00002f88       _configure_narrow_argv     0000000140003f88 f   ucrt:api-ms-win-crt-runtime-l1-1-0.dll
 0001:00002f8e       _initialize_narrow_environment 0000000140003f8e f   ucrt:api-ms-win-crt-runtime-l1-1-0.dll
 0001:00002f94       _get_initial_narrow_environment 0000000140003f94 f   ucrt:api-ms-win-crt-runtime-l1-1-0.dll
 0001:00002f9a       _initterm                  0000000140003f9a f   ucrt:api-ms-win-crt-runtime-l1-1-0.dll
 0001:00002fa0       _initterm_e                0000000140003fa0 f   ucrt:api-ms-win-crt-runtime-l1-1-0.dll
 0001:00002fa6       exit                       0000000140003fa6 f   ucrt:api-ms-win-crt-runtime-l1-1-0.dll
 0001:00002fac       _exit                      0000000140003fac f   ucrt:api-ms-win-crt-runtime-l1-1-0.dll
 0001:00002fb2       _set_fmode                 0000000140003fb2 f   ucrt:api-ms-win-crt-stdio-l1-1-0.dll
 0001:00002fb8       __p___argc                 0000000140003fb8 f   ucrt:api-ms-win-crt-runtime-l1-1-0.dll
 0001:00002fbe       __p___argv                 0000000140003fbe f   ucrt:api-ms-win-crt-runtime-l1-1-0.dll
 0001:00002fc4       _cexit                     0000000140003fc4 f   ucrt:api-ms-win-crt-runtime-l1-1-0.dll
 0001:00002fca       _c_exit                    0000000140003fca f   ucrt:api-ms-win-crt-runtime-l1-1-0.dll
 0001:00002fd0       _register_thread_local_exe_atexit_callback 0000000140003fd0 f   ucrt:api-ms-win-crt-runtime-l1-1-0.dll
 0001:00002fd6       _configthreadlocale        0000000140003fd6 f   ucrt:api-ms-win-crt-locale-l1-1-0.dll
 0001:00002fdc       _set_new_mode              0000000140003fdc f   ucrt:api-ms-win-crt-heap-l1-1-0.dll
 0001:00002fe2       __p__commode               0000000140003fe2 f   ucrt:api-ms-win-crt-stdio-l1-1-0.dll
 0001:00002fe8       _initialize_onexit_table   0000000140003fe8 f   ucrt:api-ms-win-crt-runtime-l1-1-0.dll
 0001:00002fee       _register_onexit_function  0000000140003fee f   ucrt:api-ms-win-crt-runtime-l1-1-0.dll
 0001:00002ff4       _crt_atexit                0000000140003ff4 f   ucrt:api-ms-win-crt-runtime-l1-1-0.dll
 0001:00002ffa       free                       0000000140003ffa f   ucrt:api-ms-win-crt-heap-l1-1-0.dll
 0001:00003000       terminate                  0000000140004000 f   ucrt:api-ms-win-crt-runtime-l1-1-0.dll
 0001:00003008       __GSHandlerCheck           0000000140004008 f   MSVCRT:gshandler.obj
 0001:00003028       __GSHandlerCheckCommon     0000000140004028 f   MSVCRT:gshandler.obj
 0001:00003084       __GSHandlerCheck_EH4       0000000140004084 f   MSVCRT:gshandlereh4.obj
 0001:00003103       memcpy                     0000000140004103 f   vcruntime:VCRUNTIME140.dll
 0001:00003109       memmove                    0000000140004109 f   vcruntime:VCRUNTIME140.dll
 0001:00003120       _guard_dispatch_icall_nop  0000000140004120 f   MSVCRT:guard_dispatch.obj
 0001:00003140       _guard_xfg_dispatch_icall_nop 0000000140004140 f   MSVCRT:guard_xfg_dispatch.obj
 0002:00000000       __imp_DeviceIoControl      0000000140005000     kernel32:KERNEL32.dll
 0002:00000008       __imp_RtlAddFunctionTable  0000000140005008     kernel32:KERNEL32.dll
 0002:00000010       __imp_CreateFileW          0000000140005010     kernel32:KERNEL32.dll
 0002:00000018       __imp_GetProcAddress       0000000140005018     kernel32:KERNEL32.dll
 0002:00000020       __imp_GetModuleHandleW     0000000140005020     kernel32:KERNEL32.dll
 0002:00000028       __imp_LoadLibraryA         0000000140005028     kernel32:KERNEL32.dll
 0002:00000030       __imp_ReadFile             0000000140005030     kernel32:KERNEL32.dll
 0002:00000038       __imp_VirtualAlloc         0000000140005038     kernel32:KERNEL32.dll
 0002:00000040       __imp_SetFilePointer       0000000140005040     kernel32:KERNEL32.dll
 0002:00000048       __imp_CreateFileA          0000000140005048     kernel32:KERNEL32.dll
 0002:00000050       __imp_CloseHandle          0000000140005050     kernel32:KERNEL32.dll
 0002:00000058       __imp_GetFileSize          0000000140005058     kernel32:KERNEL32.dll
 0002:00000060       __imp_RtlLookupFunctionEntry 0000000140005060     kernel32:KERNEL32.dll
 0002:00000068       __imp_IsDebuggerPresent    0000000140005068     kernel32:KERNEL32.dll
 0002:00000070       __imp_RtlVirtualUnwind     0000000140005070     kernel32:KERNEL32.dll
 0002:00000078       __imp_UnhandledExceptionFilter 0000000140005078     kernel32:KERNEL32.dll
 0002:00000080       __imp_SetUnhandledExceptionFilter 0000000140005080     kernel32:KERNEL32.dll
 0002:00000088       __imp_GetCurrentProcess    0000000140005088     kernel32:KERNEL32.dll
 0002:00000090       __imp_TerminateProcess     0000000140005090     kernel32:KERNEL32.dll
 0002:00000098       __imp_IsProcessorFeaturePresent 0000000140005098     kernel32:KERNEL32.dll
 0002:000000a0       __imp_QueryPerformanceCounter 00000001400050a0     kernel32:KERNEL32.dll
 0002:000000a8       __imp_GetCurrentProcessId  00000001400050a8     kernel32:KERNEL32.dll
 0002:000000b0       __imp_GetCurrentThreadId   00000001400050b0     kernel32:KERNEL32.dll
 0002:000000b8       __imp_GetSystemTimeAsFileTime 00000001400050b8     kernel32:KERNEL32.dll
 0002:000000c0       __imp_InitializeSListHead  00000001400050c0     kernel32:KERNEL32.dll
 0002:000000c8       __imp_RtlCaptureContext    00000001400050c8     kernel32:KERNEL32.dll
 0002:000000d0       \177KERNEL32_NULL_THUNK_DATA 00000001400050d0     kernel32:KERNEL32.dll
 0002:000000d8       __imp_?snextc@?$basic_streambuf@_WU?$char_traits@_W@std@@@std@@QEAAGXZ 00000001400050d8     msvcprt:MSVCP140.dll
 0002:000000e0       __imp_?widen@?$basic_ios@DU?$char_traits@D@std@@@std@@QEBADD@Z 00000001400050e0     msvcprt:MSVCP140.dll
 0002:000000e8       __imp_?setstate@?$basic_ios@_WU?$char_traits@_W@std@@@std@@QEAAXH_N@Z 00000001400050e8     msvcprt:MSVCP140.dll
 0002:000000f0       __imp_?put@?$basic_ostream@DU?$char_traits@D@std@@@std@@QEAAAEAV12@D@Z 00000001400050f0     msvcprt:MSVCP140.dll
 0002:000000f8       __imp_?sgetc@?$basic_streambuf@_WU?$char_traits@_W@std@@@std@@QEAAGXZ 00000001400050f8     msvcprt:MSVCP140.dll
 0002:00000100       __imp_?snextc@?$basic_streambuf@DU?$char_traits@D@std@@@std@@QEAAHXZ 0000000140005100     msvcprt:MSVCP140.dll
 0002:00000108       __imp_?sputc@?$basic_streambuf@DU?$char_traits@D@std@@@std@@QEAAHD@Z 0000000140005108     msvcprt:MSVCP140.dll
 0002:00000110       __imp_?_Osfx@?$basic_ostream@DU?$char_traits@D@std@@@std@@QEAAXXZ 0000000140005110     msvcprt:MSVCP140.dll
 0002:00000118       __imp_?flush@?$basic_ostream@DU?$char_traits@D@std@@@std@@QEAAAEAV12@XZ 0000000140005118     msvcprt:MSVCP140.dll
 0002:00000120       __imp_?_Ipfx@?$basic_istream@DU?$char_traits@D@std@@@std@@QEAA_N_N@Z 0000000140005120     msvcprt:MSVCP140.dll
 0002:00000128       __imp_?sgetc@?$basic_streambuf@DU?$char_traits@D@std@@@std@@QEAAHXZ 0000000140005128     msvcprt:MSVCP140.dll
 0002:00000130       __imp_?setstate@?$basic_ios@DU?$char_traits@D@std@@@std@@QEAAXH_N@Z 0000000140005130     msvcprt:MSVCP140.dll
 0002:00000138       __imp_?_Ipfx@?$basic_istream@_WU?$char_traits@_W@std@@@std@@QEAA_N_N@Z 0000000140005138     msvcprt:MSVCP140.dll
 0002:00000140       __imp_??6?$basic_ostream@DU?$char_traits@D@std@@@std@@QEAAAEAV01@P6AAEAV01@AEAV01@@Z@Z 0000000140005140     msvcprt:MSVCP140.dll
 0002:00000148       __imp_??6?$basic_ostream@DU?$char_traits@D@std@@@std@@QEAAAEAV01@P6AAEAVios_base@1@AEAV21@@Z@Z 0000000140005148     msvcprt:MSVCP140.dll
 0002:00000150       __imp_??6?$basic_ostream@DU?$char_traits@D@std@@@std@@QEAAAEAV01@_K@Z 0000000140005150     msvcprt:MSVCP140.dll
 0002:00000158       __imp_?get@?$basic_istream@DU?$char_traits@D@std@@@std@@QEAAHXZ 0000000140005158     msvcprt:MSVCP140.dll
 0002:00000160       __imp_?getloc@ios_base@std@@QEBA?AVlocale@2@XZ 0000000140005160     msvcprt:MSVCP140.dll
 0002:00000168       __imp_?_Getcat@?$ctype@_W@std@@SA_KPEAPEBVfacet@locale@2@PEBV42@@Z 0000000140005168     msvcprt:MSVCP140.dll
 0002:00000170       __imp_?is@?$ctype@_W@std@@QEBA_NF_W@Z 0000000140005170     msvcprt:MSVCP140.dll
 0002:00000178       __imp_?_Getcat@?$ctype@D@std@@SA_KPEAPEBVfacet@locale@2@PEBV42@@Z 0000000140005178     msvcprt:MSVCP140.dll
 0002:00000180       __imp_??Bid@locale@std@@QEAA_KXZ 0000000140005180     msvcprt:MSVCP140.dll
 0002:00000188       __imp_?wcout@std@@3V?$basic_ostream@_WU?$char_traits@_W@std@@@1@A 0000000140005188     msvcprt:MSVCP140.dll
 0002:00000190       __imp_?_Osfx@?$basic_ostream@_WU?$char_traits@_W@std@@@std@@QEAAXXZ 0000000140005190     msvcprt:MSVCP140.dll
 0002:00000198       __imp_?sputn@?$basic_streambuf@_WU?$char_traits@_W@std@@@std@@QEAA_JPEB_W_J@Z 0000000140005198     msvcprt:MSVCP140.dll
 0002:000001a0       __imp_?widen@?$basic_ios@_WU?$char_traits@_W@std@@@std@@QEBA_WD@Z 00000001400051a0     msvcprt:MSVCP140.dll
 0002:000001a8       __imp_?put@?$basic_ostream@_WU?$char_traits@_W@std@@@std@@QEAAAEAV12@_W@Z 00000001400051a8     msvcprt:MSVCP140.dll
 0002:000001b0       __imp_?flush@?$basic_ostream@_WU?$char_traits@_W@std@@@std@@QEAAAEAV12@XZ 00000001400051b0     msvcprt:MSVCP140.dll
 0002:000001b8       __imp_?sputc@?$basic_streambuf@_WU?$char_traits@_W@std@@@std@@QEAAG_W@Z 00000001400051b8     msvcprt:MSVCP140.dll
 0002:000001c0       __imp_??6?$basic_ostream@DU?$char_traits@D@std@@@std@@QEAAAEAV01@H@Z 00000001400051c0     msvcprt:MSVCP140.dll
 0002:000001c8       __imp_??6?$basic_ostream@_WU?$char_traits@_W@std@@@std@@QEAAAEAV01@P6AAEAV01@AEAV01@@Z@Z 00000001400051c8     msvcprt:MSVCP140.dll
 0002:000001d0       __imp_?sputn@?$basic_streambuf@DU?$char_traits@D@std@@@std@@QEAA_JPEBD_J@Z 00000001400051d0     msvcprt:MSVCP140.dll
 0002:000001d8       __imp_?_Xlength_error@std@@YAXPEBD@Z 00000001400051d8     msvcprt:MSVCP140.dll
 0002:000001e0       __imp_?id@?$ctype@D@std@@2V0locale@2@A 00000001400051e0     msvcprt:MSVCP140.dll
 0002:000001e8       __imp_?wcin@std@@3V?$basic_istream@_WU?$char_traits@_W@std@@@1@A 00000001400051e8     msvcprt:MSVCP140.dll
 0002:000001f0       __imp_?id@?$ctype@_W@std@@2V0locale@2@A 00000001400051f0     msvcprt:MSVCP140.dll
 0002:000001f8       __imp_?cin@std@@3V?$basic_istream@DU?$char_traits@D@std@@@1@A 00000001400051f8     msvcprt:MSVCP140.dll
 0002:00000200       __imp_?uncaught_exception@std@@YA_NXZ 0000000140005200     msvcprt:MSVCP140.dll
 0002:00000208       __imp_?_Getgloballocale@locale@std@@CAPEAV_Locimp@12@XZ 0000000140005208     msvcprt:MSVCP140.dll
 0002:00000210       __imp_?cout@std@@3V?$basic_ostream@DU?$char_traits@D@std@@@1@A 0000000140005210     msvcprt:MSVCP140.dll
 0002:00000218       __imp_??0_Lockit@std@@QEAA@H@Z 0000000140005218     msvcprt:MSVCP140.dll
 0002:00000220       __imp_??1_Lockit@std@@QEAA@XZ 0000000140005220     msvcprt:MSVCP140.dll
 0002:00000228       \177MSVCP140_NULL_THUNK_DATA 0000000140005228     msvcprt:MSVCP140.dll
 0002:00000230       __imp_MessageBoxA          0000000140005230     user32:USER32.dll
 0002:00000238       \177USER32_NULL_THUNK_DATA 0000000140005238     user32:USER32.dll
 0002:00000240       __imp_memcpy               0000000140005240     vcruntime:VCRUNTIME140.dll
 0002:00000248       __imp___current_exception  0000000140005248     vcruntime:VCRUNTIME140.dll
 0002:00000250       __imp___current_exception_context 0000000140005250     vcruntime:VCRUNTIME140.dll
 0002:00000258       __imp_memset               0000000140005258     vcruntime:VCRUNTIME140.dll
 0002:00000260       __imp___C_specific_handler 0000000140005260     vcruntime:VCRUNTIME140.dll
 0002:00000268       __imp___std_exception_copy 0000000140005268     vcruntime:VCRUNTIME140.dll
 0002:00000270       __imp___std_exception_destroy 0000000140005270     vcruntime:VCRUNTIME140.dll
 0002:00000278       __imp___std_terminate      0000000140005278     vcruntime:VCRUNTIME140.dll
 0002:00000280       __imp__CxxThrowException   0000000140005280     vcruntime:VCRUNTIME140.dll
 0002:00000288       __imp_memmove              0000000140005288     vcruntime:VCRUNTIME140.dll
 0002:00000290       \177VCRUNTIME140_NULL_THUNK_DATA 0000000140005290     vcruntime:VCRUNTIME140.dll
 0002:00000298       __imp___CxxFrameHandler4   0000000140005298     vcruntime:VCRUNTIME140_1.dll
 0002:000002a0       \177VCRUNTIME140_1_NULL_THUNK_DATA 00000001400052a0     vcruntime:VCRUNTIME140_1.dll
 0002:000002a8       __imp_malloc               00000001400052a8     ucrt:api-ms-win-crt-heap-l1-1-0.dll
 0002:000002b0       __imp__callnewh            00000001400052b0     ucrt:api-ms-win-crt-heap-l1-1-0.dll
 0002:000002b8       __imp_free                 00000001400052b8     ucrt:api-ms-win-crt-heap-l1-1-0.dll
 0002:000002c0       __imp__aligned_malloc      00000001400052c0     ucrt:api-ms-win-crt-heap-l1-1-0.dll
 0002:000002c8       __imp__set_new_mode        00000001400052c8     ucrt:api-ms-win-crt-heap-l1-1-0.dll
 0002:000002d0       \177api-ms-win-crt-heap-l1-1-0_NULL_THUNK_DATA 00000001400052d0     ucrt:api-ms-win-crt-heap-l1-1-0.dll
 0002:000002d8       __imp__configthreadlocale  00000001400052d8     ucrt:api-ms-win-crt-locale-l1-1-0.dll
 0002:000002e0       \177api-ms-win-crt-locale-l1-1-0_NULL_THUNK_DATA 00000001400052e0     ucrt:api-ms-win-crt-locale-l1-1-0.dll
 0002:000002e8       __imp___setusermatherr     00000001400052e8     ucrt:api-ms-win-crt-math-l1-1-0.dll
 0002:000002f0       \177api-ms-win-crt-math-l1-1-0_NULL_THUNK_DATA 00000001400052f0     ucrt:api-ms-win-crt-math-l1-1-0.dll
 0002:000002f8       __imp__initialize_onexit_table 00000001400052f8     ucrt:api-ms-win-crt-runtime-l1-1-0.dll
 0002:00000300       __imp__register_onexit_function 0000000140005300     ucrt:api-ms-win-crt-runtime-l1-1-0.dll
 0002:00000308       __imp__cexit               0000000140005308     ucrt:api-ms-win-crt-runtime-l1-1-0.dll
 0002:00000310       __imp___p___argv           0000000140005310     ucrt:api-ms-win-crt-runtime-l1-1-0.dll
 0002:00000318       __imp_terminate            0000000140005318     ucrt:api-ms-win-crt-runtime-l1-1-0.dll
 0002:00000320       __imp__initialize_narrow_environment 0000000140005320     ucrt:api-ms-win-crt-runtime-l1-1-0.dll
 0002:00000328       __imp__configure_narrow_argv 0000000140005328     ucrt:api-ms-win-crt-runtime-l1-1-0.dll
 0002:00000330       __imp__get_initial_narrow_environment 0000000140005330     ucrt:api-ms-win-crt-runtime-l1-1-0.dll
 0002:00000338       __imp__c_exit              0000000140005338     ucrt:api-ms-win-crt-runtime-l1-1-0.dll
 0002:00000340       __imp__crt_atexit          0000000140005340     ucrt:api-ms-win-crt-runtime-l1-1-0.dll
 0002:00000348       __imp__set_app_type        0000000140005348     ucrt:api-ms-win-crt-runtime-l1-1-0.dll
 0002:00000350       __imp__register_thread_local_exe_atexit_callback 0000000140005350     ucrt:api-ms-win-crt-runtime-l1-1-0.dll
 0002:00000358       __imp__invalid_parameter_noinfo_noreturn 0000000140005358     ucrt:api-ms-win-crt-runtime-l1-1-0.dll
 0002:00000360       __imp___p___argc           0000000140005360     ucrt:api-ms-win-crt-runtime-l1-1-0.dll
 0002:00000368       __imp__initterm            0000000140005368     ucrt:api-ms-win-crt-runtime-l1-1-0.dll
 0002:00000370       __imp__seh_filter_exe      0000000140005370     ucrt:api-ms-win-crt-runtime-l1-1-0.dll
 0002:00000378       __imp__exit                0000000140005378     ucrt:api-ms-win-crt-runtime-l1-1-0.dll
 0002:00000380       __imp_exit                 0000000140005380     ucrt:api-ms-win-crt-runtime-l1-1-0.dll
 0002:00000388       __imp__initterm_e          0000000140005388     ucrt:api-ms-win-crt-runtime-l1-1-0.dll
 0002:00000390       \177api-ms-win-crt-runtime-l1-1-0_NULL_THUNK_DATA 0000000140005390     ucrt:api-ms-win-crt-runtime-l1-1-0.dll
 0002:00000398       __imp__set_fmode           0000000140005398     ucrt:api-ms-win-crt-stdio-l1-1-0.dll
 0002:000003a0       __imp___p__commode         00000001400053a0     ucrt:api-ms-win-crt-stdio-l1-1-0.dll
 0002:000003a8       \177api-ms-win-crt-stdio-l1-1-0_NULL_THUNK_DATA 00000001400053a8     ucrt:api-ms-win-crt-stdio-l1-1-0.dll
 0002:000003b0       __guard_check_icall_fptr   00000001400053b0     MSVCRT:guard_support.obj
 0002:000003b8       __guard_xfg_check_icall_fptr 00000001400053b8     MSVCRT:guard_support.obj
 0002:000003c0       __guard_dispatch_icall_fptr 00000001400053c0     MSVCRT:guard_support.obj
 0002:000003c8       __guard_xfg_dispatch_icall_fptr 00000001400053c8     MSVCRT:guard_support.obj
 0002:000003d0       __guard_xfg_table_dispatch_icall_fptr 00000001400053d0     MSVCRT:guard_support.obj
 0002:000003d8       __castguard_check_failure_os_handled_fptr 00000001400053d8     MSVCRT:guard_support.obj
 0002:000003e0       __guard_memcpy_fptr        00000001400053e0     vcruntime:softmemtag.obj
 0002:000003e8       __xc_a                     00000001400053e8     MSVCRT:initializers.obj
 0002:00000400       __xc_z                     0000000140005400     MSVCRT:initializers.obj
 0002:00000408       __xi_a                     0000000140005408     MSVCRT:initializers.obj
 0002:00000420       __xi_z                     0000000140005420     MSVCRT:initializers.obj
 0002:00000428       __xp_a                     0000000140005428     MSVCRT:initializers.obj
 0002:00000430       __xp_z                     0000000140005430     MSVCRT:initializers.obj
 0002:00000438       __xt_a                     0000000140005438     MSVCRT:initializers.obj
 0002:00000440       __xt_z                     0000000140005440     MSVCRT:initializers.obj
 0002:00000458       ??_7type_info@@6B@         0000000140005458     MSVCRT:std_type_info_static.obj
 0002:00000460       __xmm@ffffffffffffffffffffffffffffffff 0000000140005460     MSVCRT:utility.obj
 0002:00000488       ??_7exception@std@@6B@     0000000140005488     MSVCRT:throw_bad_alloc.obj
 0002:000004a0       ??_7bad_alloc@std@@6B@     00000001400054a0     MSVCRT:throw_bad_alloc.obj
 0002:000004b0       ??_C@_0P@GHFPNOJB@bad?5allocation@ 00000001400054b0     MSVCRT:throw_bad_alloc.obj
 0002:000004c8       ??_7bad_array_new_length@std@@6B@ 00000001400054c8     MSVCRT:throw_bad_alloc.obj
 0002:000004d8       ??_C@_1CG@JNMJDDHN@?$AA?2?$AA?2?$AA?4?$AA?2?$AAP?$AAh?$AAy?$AAs?$AAi?$AAc?$AAa?$AAl?$AAD?$AAr?$AAi@ 00000001400054d8     communicate.obj
 0002:00000508       ??_C@_0BC@EOODALEL@Unknown?5exception@ 0000000140005508     main.obj
 0002:00000520       ??_C@_0BF@KINCDENJ@bad?5array?5new?5length@ 0000000140005520     main.obj
 0002:00000538       ??_C@_0BA@JFNIOLAK@string?5too?5long@ 0000000140005538     main.obj
 0002:00000548       ??_C@_08EPJLHIJG@bad?5cast@ 0000000140005548     main.obj
 0002:00000558       ??_C@_0BE@BLLOBEII@SecurityViolation?$CI?$CJ@ 0000000140005558     main.obj
 0002:00000570       ??_C@_0BM@KOENBAEK@security?5violation?5detected@ 0000000140005570     main.obj
 0002:00000590       ??_C@_0P@HHJDEGHH@?5cheat_base?50x@ 0000000140005590     main.obj
 0002:000005a0       ??_C@_0BA@PHJNLPFN@?5entry_point?50x@ 00000001400055a0     main.obj
 0002:000005b0       ??_C@_0CG@NMGKOCFA@Enter?5the?5name?5of?5the?5DLL?5to?5in@ 00000001400055b0     main.obj
 0002:000005d8       ??_C@_0CH@OBKEHBCK@Enter?5the?5name?5of?5the?5target?5pr@ 00000001400055d8     main.obj
 0002:00000600       ??_C@_0BG@IEKNKAIM@CreateUserThreadEntry@ 0000000140005600     main.obj
 0002:00000620       ??_7bad_cast@std@@6B@      0000000140005620     main.obj
 0002:00000630       ??_C@_06OOFCMLKK@?5base?5@ 0000000140005630     manual_map.obj
 0002:00000638       ??_C@_09CGPLLLOI@?5import?3?5@ 0000000140005638     manual_map.obj
 0002:00000648       ??_C@_0BL@DOFLHKFB@Import?5thunk?5is?5destroyed?$CB@ 0000000140005648     manual_map.obj
 0002:00000668       ??_C@_0BO@HGKEEODD@Failed?5to?5resolve?5imports?$CB?$CB?$CB?$CB@ 0000000140005668     manual_map.obj
 0002:00000690       _load_config_used          0000000140005690     MSVCRT:loadcfg.obj
 0002:00000880       ??_R4type_info@@6B@        0000000140005880     MSVCRT:std_type_info_static.obj
 0002:000008a8       ??_R3type_info@@8          00000001400058a8     MSVCRT:std_type_info_static.obj
 0002:000008c0       ??_R2type_info@@8          00000001400058c0     MSVCRT:std_type_info_static.obj
 0002:000008d0       ??_R1A@?0A@EA@type_info@@8 00000001400058d0     MSVCRT:std_type_info_static.obj
 0002:000008f8       ??_R4exception@std@@6B@    00000001400058f8     main.obj
 0002:00000920       ??_R2bad_array_new_length@std@@8 0000000140005920     main.obj
 0002:00000940       ??_R1A@?0A@EA@bad_cast@std@@8 0000000140005940     main.obj
 0002:00000968       ??_R2bad_alloc@std@@8      0000000140005968     main.obj
 0002:00000980       ??_R1A@?0A@EA@exception@std@@8 0000000140005980     main.obj
 0002:000009a8       ??_R1A@?0A@EA@bad_alloc@std@@8 00000001400059a8     main.obj
 0002:000009d0       ??_R2bad_cast@std@@8       00000001400059d0     main.obj
 0002:000009e8       ??_R2exception@std@@8      00000001400059e8     main.obj
 0002:000009f8       ??_R3exception@std@@8      00000001400059f8     main.obj
 0002:00000a10       ??_R3bad_cast@std@@8       0000000140005a10     main.obj
 0002:00000a28       ??_R4bad_alloc@std@@6B@    0000000140005a28     main.obj
 0002:00000a50       ??_R4bad_cast@std@@6B@     0000000140005a50     main.obj
 0002:00000a78       ??_R3bad_array_new_length@std@@8 0000000140005a78     main.obj
 0002:00000a90       ??_R3bad_alloc@std@@8      0000000140005a90     main.obj
 0002:00000aa8       ??_R4bad_array_new_length@std@@6B@ 0000000140005aa8     main.obj
 0002:00000ad0       ??_R1A@?0A@EA@bad_array_new_length@std@@8 0000000140005ad0     main.obj
 0002:00000af4       __volatile_metadata        0000000140005af4     <linker-defined>
 0002:00000ef8       __rtc_iaa                  0000000140005ef8     MSVCRT:initsect.obj
 0002:00000f00       __rtc_izz                  0000000140005f00     MSVCRT:initsect.obj
 0002:00000f08       __rtc_taa                  0000000140005f08     MSVCRT:initsect.obj
 0002:00000f10       __rtc_tzz                  0000000140005f10     MSVCRT:initsect.obj
 0002:000014d0       _TI2?AVbad_alloc@std@@     00000001400064d0     MSVCRT:throw_bad_alloc.obj
 0002:000014f0       _CTA2?AVbad_alloc@std@@    00000001400064f0     MSVCRT:throw_bad_alloc.obj
 0002:00001508       _CTA3?AVbad_array_new_length@std@@ 0000000140006508     main.obj
 0002:00001528       _CTA2?AVbad_cast@std@@     0000000140006528     main.obj
 0002:00001540       _TI2?AVbad_cast@std@@      0000000140006540     main.obj
 0002:00001560       _CT??_R0?AVbad_array_new_length@std@@@8??0bad_array_new_length@std@@QEAA@AEBV01@@Z24 0000000140006560     main.obj
 0002:00001588       _CT??_R0?AVbad_cast@std@@@8??0bad_cast@std@@QEAA@AEBV01@@Z24 0000000140006588     main.obj
 0002:000015b0       _CT??_R0?AVbad_alloc@std@@@8??0bad_alloc@std@@QEAA@AEBV01@@Z24 00000001400065b0     main.obj
 0002:000015d8       _CT??_R0?AVexception@std@@@8??0exception@std@@QEAA@AEBV01@@Z24 00000001400065d8     main.obj
 0002:00001600       _TI3?AVbad_array_new_length@std@@ 0000000140006600     main.obj
 0002:00001678       __IMPORT_DESCRIPTOR_KERNEL32 0000000140006678     kernel32:KERNEL32.dll
 0002:0000168c       __IMPORT_DESCRIPTOR_USER32 000000014000668c     user32:USER32.dll
 0002:000016a0       __IMPORT_DESCRIPTOR_MSVCP140 00000001400066a0     msvcprt:MSVCP140.dll
 0002:000016b4       __IMPORT_DESCRIPTOR_VCRUNTIME140_1 00000001400066b4     vcruntime:VCRUNTIME140_1.dll
 0002:000016c8       __IMPORT_DESCRIPTOR_VCRUNTIME140 00000001400066c8     vcruntime:VCRUNTIME140.dll
 0002:000016dc       __IMPORT_DESCRIPTOR_api-ms-win-crt-runtime-l1-1-0 00000001400066dc     ucrt:api-ms-win-crt-runtime-l1-1-0.dll
 0002:000016f0       __IMPORT_DESCRIPTOR_api-ms-win-crt-heap-l1-1-0 00000001400066f0     ucrt:api-ms-win-crt-heap-l1-1-0.dll
 0002:00001704       __IMPORT_DESCRIPTOR_api-ms-win-crt-math-l1-1-0 0000000140006704     ucrt:api-ms-win-crt-math-l1-1-0.dll
 0002:00001718       __IMPORT_DESCRIPTOR_api-ms-win-crt-stdio-l1-1-0 0000000140006718     ucrt:api-ms-win-crt-stdio-l1-1-0.dll
 0002:0000172c       __IMPORT_DESCRIPTOR_api-ms-win-crt-locale-l1-1-0 000000014000672c     ucrt:api-ms-win-crt-locale-l1-1-0.dll
 0002:00001740       __NULL_IMPORT_DESCRIPTOR   0000000140006740     kernel32:KERNEL32.dll
 0003:00000000       __scrt_native_dllmain_reason 0000000140008000     MSVCRT:utility.obj
 0003:00000008       __security_cookie          0000000140008008     MSVCRT:gs_cookie.obj
 0003:00000010       __security_cookie_complement 0000000140008010     MSVCRT:gs_cookie.obj
 0003:00000018       __scrt_default_matherr     0000000140008018     MSVCRT:matherr.obj
 0003:00000020       __isa_available            0000000140008020     MSVCRT:cpu_disp.obj
 0003:00000024       __isa_enabled              0000000140008024     MSVCRT:cpu_disp.obj
 0003:00000028       __memset_fast_string_threshold 0000000140008028     MSVCRT:cpu_disp.obj
 0003:00000030       __memset_nt_threshold      0000000140008030     MSVCRT:cpu_disp.obj
 0003:00000040       __scrt_ucrt_dll_is_in_use  0000000140008040     MSVCRT:ucrt_stubs.obj
 0003:00000048       ??_R0?AVbad_alloc@std@@@8  0000000140008048     main.obj
 0003:00000070       ??_R0?AVbad_cast@std@@@8   0000000140008070     main.obj
 0003:00000098       ??_R0?AVexception@std@@@8  0000000140008098     main.obj
 0003:000000c0       ??_R0?AVbad_array_new_length@std@@@8 00000001400080c0     main.obj
 0003:000000f0       ??_R0?AVtype_info@@@8      00000001400080f0     MSVCRT:std_type_info_static.obj
 0003:00000120       __scrt_current_native_startup_state 0000000140008120     MSVCRT:utility.obj
 0003:00000128       __scrt_native_startup_lock 0000000140008128     MSVCRT:utility.obj
 0003:000006e0       ?__type_info_root_node@@3U__type_info_node@@A 00000001400086e0     MSVCRT:tncleanup.obj
 0003:000006f0       ?_OptionsStorage@?1??__local_stdio_printf_options@@9@4_KA 00000001400086f0     MSVCRT:default_local_stdio_options.obj
 0003:000006f8       ?_OptionsStorage@?1??__local_stdio_scanf_options@@9@4_KA 00000001400086f8     MSVCRT:default_local_stdio_options.obj
 0003:00000700       __scrt_debugger_hook_flag  0000000140008700     MSVCRT:utility_desktop.obj
 0003:00000704       __favor                    0000000140008704     MSVCRT:cpu_disp.obj
 0003:00000708       ?driver_handle@Driver@@3PEAXEA 0000000140008708     communicate.obj
 0003:00000710       ?_Psave@?$_Facetptr@V?$ctype@_W@std@@@std@@2PEBVfacet@locale@2@EB 0000000140008710     main.obj
 0003:00000718       ?_Psave@?$_Facetptr@V?$ctype@D@std@@@std@@2PEBVfacet@locale@2@EB 0000000140008718     main.obj
 0003:00000720       __dyn_tls_dtor_callback    0000000140008720     <common>
 0003:00000728       __dyn_tls_init_callback    0000000140008728     <common>

 entry point at        0001:000025a0

 Static symbols

 0000:ffff4000       .debug$S                   0000000140000000     Injector-client.exp
 0000:ffff4000       .debug$S                   0000000140000000     ucrt:api-ms-win-crt-heap-l1-1-0.dll
 0000:ffff4000       .debug$S                   0000000140000000     ucrt:api-ms-win-crt-heap-l1-1-0.dll
 0000:ffff4000       .debug$S                   0000000140000000     ucrt:api-ms-win-crt-heap-l1-1-0.dll
 0000:ffff4000       .debug$S                   0000000140000000     ucrt:api-ms-win-crt-heap-l1-1-0.dll
 0000:ffff4000       .debug$S                   0000000140000000     ucrt:api-ms-win-crt-heap-l1-1-0.dll
 0000:ffff4000       .debug$S                   0000000140000000     ucrt:api-ms-win-crt-locale-l1-1-0.dll
 0000:ffff4000       .debug$S                   0000000140000000     ucrt:api-ms-win-crt-math-l1-1-0.dll
 0000:ffff4000       .debug$S                   0000000140000000     ucrt:api-ms-win-crt-runtime-l1-1-0.dll
 0000:ffff4000       .debug$S                   0000000140000000     ucrt:api-ms-win-crt-runtime-l1-1-0.dll
 0000:ffff4000       .debug$S                   0000000140000000     ucrt:api-ms-win-crt-runtime-l1-1-0.dll
 0000:ffff4000       .debug$S                   0000000140000000     ucrt:api-ms-win-crt-runtime-l1-1-0.dll
 0000:ffff4000       .debug$S                   0000000140000000     ucrt:api-ms-win-crt-runtime-l1-1-0.dll
 0000:ffff4000       .debug$S                   0000000140000000     ucrt:api-ms-win-crt-runtime-l1-1-0.dll
 0000:ffff4000       .debug$S                   0000000140000000     ucrt:api-ms-win-crt-runtime-l1-1-0.dll
 0000:ffff4000       .debug$S                   0000000140000000     ucrt:api-ms-win-crt-runtime-l1-1-0.dll
 0000:ffff4000       .debug$S                   0000000140000000     ucrt:api-ms-win-crt-runtime-l1-1-0.dll
 0000:ffff4000       .debug$S                   0000000140000000     ucrt:api-ms-win-crt-runtime-l1-1-0.dll
 0000:ffff4000       .debug$S                   0000000140000000     ucrt:api-ms-win-crt-runtime-l1-1-0.dll
 0000:ffff4000       .debug$S                   0000000140000000     ucrt:api-ms-win-crt-runtime-l1-1-0.dll
 0000:ffff4000       .debug$S                   0000000140000000     ucrt:api-ms-win-crt-runtime-l1-1-0.dll
 0000:ffff4000       .debug$S                   0000000140000000     ucrt:api-ms-win-crt-runtime-l1-1-0.dll
 0000:ffff4000       .debug$S                   0000000140000000     ucrt:api-ms-win-crt-runtime-l1-1-0.dll
 0000:ffff4000       .debug$S                   0000000140000000     ucrt:api-ms-win-crt-runtime-l1-1-0.dll
 0000:ffff4000       .debug$S                   0000000140000000     ucrt:api-ms-win-crt-runtime-l1-1-0.dll
 0000:ffff4000       .debug$S                   0000000140000000     ucrt:api-ms-win-crt-runtime-l1-1-0.dll
 0000:ffff4000       .debug$S                   0000000140000000     ucrt:api-ms-win-crt-runtime-l1-1-0.dll
 0000:ffff4000       .debug$S                   0000000140000000     ucrt:api-ms-win-crt-runtime-l1-1-0.dll
 0000:ffff4000       .debug$S                   0000000140000000     ucrt:api-ms-win-crt-runtime-l1-1-0.dll
 0000:ffff4000       .debug$S                   0000000140000000     ucrt:api-ms-win-crt-runtime-l1-1-0.dll
 0000:ffff4000       .debug$S                   0000000140000000     ucrt:api-ms-win-crt-stdio-l1-1-0.dll
 0000:ffff4000       .debug$S                   0000000140000000     ucrt:api-ms-win-crt-stdio-l1-1-0.dll
 0000:ffff4000       .debug$S                   0000000140000000     ucrt:api-ms-win-crt-time-l1-1-0.dll
 0002:ffffb000       .idata$6                   0000000140000000     ucrt:api-ms-win-crt-time-l1-1-0.dll
 0000:ffff4000       .debug$S                   0000000140000000     ucrt:api-ms-win-crt-utility-l1-1-0.dll
 0000:ffff4000       .debug$S                   0000000140000000     ucrt:api-ms-win-crt-utility-l1-1-0.dll
 0002:ffffb000       .idata$6                   0000000140000000     ucrt:api-ms-win-crt-utility-l1-1-0.dll
 0000:ffff4000       .debug$S                   0000000140000000     kernel32:KERNEL32.dll
 0000:ffff4000       .debug$S                   0000000140000000     kernel32:KERNEL32.dll
 0000:ffff4000       .debug$S                   0000000140000000     kernel32:KERNEL32.dll
 0000:ffff4000       .debug$S                   0000000140000000     kernel32:KERNEL32.dll
 0000:ffff4000       .debug$S                   0000000140000000     kernel32:KERNEL32.dll
 0000:ffff4000       .debug$S                   0000000140000000     kernel32:KERNEL32.dll
 0000:ffff4000       .debug$S                   0000000140000000     kernel32:KERNEL32.dll
 0000:ffff4000       .debug$S                   0000000140000000     kernel32:KERNEL32.dll
 0000:ffff4000       .debug$S                   0000000140000000     kernel32:KERNEL32.dll
 0000:ffff4000       .debug$S                   0000000140000000     kernel32:KERNEL32.dll
 0000:ffff4000       .debug$S                   0000000140000000     kernel32:KERNEL32.dll
 0000:ffff4000       .debug$S                   0000000140000000     kernel32:KERNEL32.dll
 0000:ffff4000       .debug$S                   0000000140000000     kernel32:KERNEL32.dll
 0000:ffff4000       .debug$S                   0000000140000000     kernel32:KERNEL32.dll
 0000:ffff4000       .debug$S                   0000000140000000     kernel32:KERNEL32.dll
 0000:ffff4000       .debug$S                   0000000140000000     kernel32:KERNEL32.dll
 0000:ffff4000       .debug$S                   0000000140000000     kernel32:KERNEL32.dll
 0000:ffff4000       .debug$S                   0000000140000000     kernel32:KERNEL32.dll
 0000:ffff4000       .debug$S                   0000000140000000     kernel32:KERNEL32.dll
 0000:ffff4000       .debug$S                   0000000140000000     kernel32:KERNEL32.dll
 0000:ffff4000       .debug$S                   0000000140000000     kernel32:KERNEL32.dll
 0000:ffff4000       .debug$S                   0000000140000000     kernel32:KERNEL32.dll
 0000:ffff4000       .debug$S                   0000000140000000     kernel32:KERNEL32.dll
 0000:ffff4000       .debug$S                   0000000140000000     kernel32:KERNEL32.dll
 0000:ffff4000       .debug$S                   0000000140000000     kernel32:KERNEL32.dll
 0000:ffff4000       .debug$S                   0000000140000000     kernel32:KERNEL32.dll
 0000:ffff4000       .debug$S                   0000000140000000     kernel32:KERNEL32.dll
 0000:ffff4000       .debug$S                   0000000140000000     user32:USER32.dll
 0000:ffff4000       .debug$S                   0000000140000000     msvcprt:MSVCP140.dll
 0000:ffff4000       .debug$S                   0000000140000000     msvcprt:MSVCP140.dll
 0000:ffff4000       .debug$S                   0000000140000000     msvcprt:MSVCP140.dll
 0000:ffff4000       .debug$S                   0000000140000000     msvcprt:MSVCP140.dll
 0000:ffff4000       .debug$S                   0000000140000000     msvcprt:MSVCP140.dll
 0000:ffff4000       .debug$S                   0000000140000000     msvcprt:MSVCP140.dll
 0000:ffff4000       .debug$S                   0000000140000000     msvcprt:MSVCP140.dll
 0000:ffff4000       .debug$S                   0000000140000000     msvcprt:MSVCP140.dll
 0000:ffff4000       .debug$S                   0000000140000000     msvcprt:MSVCP140.dll
 0000:ffff4000       .debug$S                   0000000140000000     msvcprt:MSVCP140.dll
 0000:ffff4000       .debug$S                   0000000140000000     msvcprt:MSVCP140.dll
 0000:ffff4000       .debug$S                   0000000140000000     msvcprt:MSVCP140.dll
 0000:ffff4000       .debug$S                   0000000140000000     msvcprt:MSVCP140.dll
 0000:ffff4000       .debug$S                   0000000140000000     msvcprt:MSVCP140.dll
 0000:ffff4000       .debug$S                   0000000140000000     msvcprt:MSVCP140.dll
 0000:ffff4000       .debug$S                   0000000140000000     msvcprt:MSVCP140.dll
 0000:ffff4000       .debug$S                   0000000140000000     msvcprt:MSVCP140.dll
 0000:ffff4000       .debug$S                   0000000140000000     msvcprt:MSVCP140.dll
 0000:ffff4000       .debug$S                   0000000140000000     msvcprt:MSVCP140.dll
 0000:ffff4000       .debug$S                   0000000140000000     msvcprt:MSVCP140.dll
 0000:ffff4000       .debug$S                   0000000140000000     msvcprt:MSVCP140.dll
 0000:ffff4000       .debug$S                   0000000140000000     msvcprt:MSVCP140.dll
 0000:ffff4000       .debug$S                   0000000140000000     msvcprt:MSVCP140.dll
 0000:ffff4000       .debug$S                   0000000140000000     msvcprt:MSVCP140.dll
 0000:ffff4000       .debug$S                   0000000140000000     msvcprt:MSVCP140.dll
 0000:ffff4000       .debug$S                   0000000140000000     msvcprt:MSVCP140.dll
 0000:ffff4000       .debug$S                   0000000140000000     msvcprt:MSVCP140.dll
 0000:ffff4000       .debug$S                   0000000140000000     msvcprt:MSVCP140.dll
 0000:ffff4000       .debug$S                   0000000140000000     msvcprt:MSVCP140.dll
 0000:ffff4000       .debug$S                   0000000140000000     msvcprt:MSVCP140.dll
 0000:ffff4000       .debug$S                   0000000140000000     msvcprt:MSVCP140.dll
 0000:ffff4000       .debug$S                   0000000140000000     msvcprt:MSVCP140.dll
 0000:ffff4000       .debug$S                   0000000140000000     msvcprt:MSVCP140.dll
 0000:ffff4000       .debug$S                   0000000140000000     msvcprt:MSVCP140.dll
 0000:ffff4000       .debug$S                   0000000140000000     msvcprt:MSVCP140.dll
 0000:ffff4000       .debug$S                   0000000140000000     msvcprt:MSVCP140.dll
 0000:ffff4000       .debug$S                   0000000140000000     msvcprt:MSVCP140.dll
 0000:ffff4000       .debug$S                   0000000140000000     msvcprt:MSVCP140.dll
 0000:ffff4000       .debug$S                   0000000140000000     msvcprt:MSVCP140.dll
 0000:ffff4000       .debug$S                   0000000140000000     msvcprt:MSVCP140.dll
 0000:ffff4000       .debug$S                   0000000140000000     msvcprt:MSVCP140.dll
 0000:ffff4000       .debug$S                   0000000140000000     msvcprt:MSVCP140.dll
 0000:ffff4000       .debug$S                   0000000140000000     msvcprt:MSVCP140.dll
 0000:ffff4000       .debug$S                   0000000140000000     msvcprt:MSVCP140.dll
 0000:ffff4000       .debug$S                   0000000140000000     msvcprt:MSVCP140.dll
 0000:ffff4000       .debug$S                   0000000140000000     msvcprt:MSVCP140.dll
 0000:ffff4000       .debug$S                   0000000140000000     msvcprt:MSVCP140.dll
 0000:ffff4000       .debug$S                   0000000140000000     msvcprt:MSVCP140.dll
 0000:ffff4000       .debug$S                   0000000140000000     msvcprt:MSVCP140.dll
 0000:ffff4000       .debug$S                   0000000140000000     msvcprt:MSVCP140.dll
 0000:ffff4000       .debug$S                   0000000140000000     msvcprt:MSVCP140.dll
 0000:ffff4000       .debug$S                   0000000140000000     msvcprt:MSVCP140.dll
 0000:ffff4000       .debug$S                   0000000140000000     msvcprt:MSVCP140.dll
 0000:ffff4000       .debug$S                   0000000140000000     msvcprt:MSVCP140.dll
 0000:ffff4000       .debug$S                   0000000140000000     msvcprt:MSVCP140.dll
 0000:ffff4000       .debug$S                   0000000140000000     msvcprt:MSVCP140.dll
 0000:ffff4000       .debug$S                   0000000140000000     vcruntime:VCRUNTIME140.dll
 0000:ffff4000       .debug$S                   0000000140000000     vcruntime:VCRUNTIME140.dll
 0000:ffff4000       .debug$S                   0000000140000000     vcruntime:VCRUNTIME140.dll
 0000:ffff4000       .debug$S                   0000000140000000     vcruntime:VCRUNTIME140.dll
 0000:ffff4000       .debug$S                   0000000140000000     vcruntime:VCRUNTIME140.dll
 0000:ffff4000       .debug$S                   0000000140000000     vcruntime:VCRUNTIME140.dll
 0000:ffff4000       .debug$S                   0000000140000000     vcruntime:VCRUNTIME140.dll
 0000:ffff4000       .debug$S                   0000000140000000     vcruntime:VCRUNTIME140.dll
 0000:ffff4000       .debug$S                   0000000140000000     vcruntime:VCRUNTIME140.dll
 0000:ffff4000       .debug$S                   0000000140000000     vcruntime:VCRUNTIME140.dll
 0000:ffff4000       .debug$S                   0000000140000000     vcruntime:VCRUNTIME140.dll
 0000:ffff4000       .debug$S                   0000000140000000     vcruntime:VCRUNTIME140_1.dll
 0001:00000000       ??__F_Fac_tidy_reg@std@@YAXXZ 0000000140001000 f   msvcprt:locale0_implib.obj
 0001:00001ca0       ?<lambda_invoker_cdecl>@_Closure_wrapper_016b903d_1@@CAXPEAU_IMAGE_SECTION_HEADER@@_KPEAX@Z 0000000140002ca0 f   manual_map.obj
 0001:000022a0       $$000000                   00000001400032a0     MSVCRT:amdsecgs.obj
 0001:00002340       ?pre_c_initialization@@YAHXZ 0000000140003340 f   MSVCRT:exe_main.obj
 0001:000023f8       ?post_pgo_initialization@@YAHXZ 00000001400033f8 f   MSVCRT:exe_main.obj
 0001:00002408       ?pre_cpp_initialization@@YAXXZ 0000000140003408 f   MSVCRT:exe_main.obj
 0001:00002424       ?__scrt_common_main_seh@@YAHXZ 0000000140003424 f   MSVCRT:exe_main.obj
 0001:00002910       capture_previous_context   0000000140003910 f   MSVCRT:gs_report.obj
 0001:00003110       $$000000                   0000000140004110     MSVCRT:guard_dispatch.obj
 0001:00003130       $$000000                   0000000140004130     MSVCRT:guard_xfg_dispatch.obj
 0001:00003150       ?dtor$0@?0???$use_facet@V?$ctype@D@std@@@std@@YAAEBV?$ctype@D@0@AEBVlocale@0@@Z@4HA 0000000140004150 f   main.obj
 0001:00003150       ?dtor$0@?0???$use_facet@V?$ctype@_W@std@@@std@@YAAEBV?$ctype@_W@0@AEBVlocale@0@@Z@4HA 0000000140004150 f   main.obj
 0001:0000315e       ?dtor$1@?0???$use_facet@V?$ctype@D@std@@@std@@YAAEBV?$ctype@D@0@AEBVlocale@0@@Z@4HA 000000014000415e f   main.obj
 0001:0000315e       ?dtor$1@?0???$use_facet@V?$ctype@_W@std@@@std@@YAAEBV?$ctype@_W@0@AEBVlocale@0@@Z@4HA 000000014000415e f   main.obj
 0001:00003170       ?dtor$3@?0???$?6U?$char_traits@D@std@@@std@@YAAEAV?$basic_ostream@DU?$char_traits@D@std@@@0@AEAV10@PEBD@Z@4HA 0000000140004170 f   main.obj
 0001:0000317c       ?dtor$0@?0???$?6U?$char_traits@D@std@@@std@@YAAEAV?$basic_ostream@DU?$char_traits@D@std@@@0@AEAV10@PEBD@Z@4HA 000000014000417c f   main.obj
 0001:00003188       ?catch$4@?0???$?6U?$char_traits@D@std@@@std@@YAAEAV?$basic_ostream@DU?$char_traits@D@std@@@0@AEAV10@PEBD@Z@4HA 0000000140004188 f   main.obj
 0001:00003195       __catch$??$?6U?$char_traits@D@std@@@std@@YAAEAV?$basic_ostream@DU?$char_traits@D@std@@@0@AEAV10@PEBD@Z$0 0000000140004195 f   main.obj
 0001:000031d0       ?dtor$4@?0???$?5DU?$char_traits@D@std@@V?$allocator@D@1@@std@@YAAEAV?$basic_istream@DU?$char_traits@D@std@@@0@AEAV10@AEAV?$basic_string@DU?$char_traits@D@std@@V?$allocator@D@2@@0@@Z@4HA 00000001400041d0 f   main.obj
 0001:000031dc       ?dtor$0@?0???$?5DU?$char_traits@D@std@@V?$allocator@D@1@@std@@YAAEAV?$basic_istream@DU?$char_traits@D@std@@@0@AEAV10@AEAV?$basic_string@DU?$char_traits@D@std@@V?$allocator@D@2@@0@@Z@4HA 00000001400041dc f   main.obj
 0001:000031e8       ?dtor$1@?0???$?5DU?$char_traits@D@std@@V?$allocator@D@1@@std@@YAAEAV?$basic_istream@DU?$char_traits@D@std@@@0@AEAV10@AEAV?$basic_string@DU?$char_traits@D@std@@V?$allocator@D@2@@0@@Z@4HA 00000001400041e8 f   main.obj
 0001:000031f4       ?catch$5@?0???$?5DU?$char_traits@D@std@@V?$allocator@D@1@@std@@YAAEAV?$basic_istream@DU?$char_traits@D@std@@@0@AEAV10@AEAV?$basic_string@DU?$char_traits@D@std@@V?$allocator@D@2@@0@@Z@4HA 00000001400041f4 f   main.obj
 0001:00003201       __catch$??$?5DU?$char_traits@D@std@@V?$allocator@D@1@@std@@YAAEAV?$basic_istream@DU?$char_traits@D@std@@@0@AEAV10@AEAV?$basic_string@DU?$char_traits@D@std@@V?$allocator@D@2@@0@@Z$0 0000000140004201 f   main.obj
 0001:00003230       ?dtor$4@?0???$?5_WU?$char_traits@_W@std@@V?$allocator@_W@1@@std@@YAAEAV?$basic_istream@_WU?$char_traits@_W@std@@@0@AEAV10@AEAV?$basic_string@_WU?$char_traits@_W@std@@V?$allocator@_W@2@@0@@Z@4HA 0000000140004230 f   main.obj
 0001:0000323c       ?dtor$0@?0???$?5_WU?$char_traits@_W@std@@V?$allocator@_W@1@@std@@YAAEAV?$basic_istream@_WU?$char_traits@_W@std@@@0@AEAV10@AEAV?$basic_string@_WU?$char_traits@_W@std@@V?$allocator@_W@2@@0@@Z@4HA 000000014000423c f   main.obj
 0001:00003248       ?dtor$1@?0???$?5_WU?$char_traits@_W@std@@V?$allocator@_W@1@@std@@YAAEAV?$basic_istream@_WU?$char_traits@_W@std@@@0@AEAV10@AEAV?$basic_string@_WU?$char_traits@_W@std@@V?$allocator@_W@2@@0@@Z@4HA 0000000140004248 f   main.obj
 0001:00003254       ?catch$5@?0???$?5_WU?$char_traits@_W@std@@V?$allocator@_W@1@@std@@YAAEAV?$basic_istream@_WU?$char_traits@_W@std@@@0@AEAV10@AEAV?$basic_string@_WU?$char_traits@_W@std@@V?$allocator@_W@2@@0@@Z@4HA 0000000140004254 f   main.obj
 0001:00003261       __catch$??$?5_WU?$char_traits@_W@std@@V?$allocator@_W@1@@std@@YAAEAV?$basic_istream@_WU?$char_traits@_W@std@@@0@AEAV10@AEAV?$basic_string@_WU?$char_traits@_W@std@@V?$allocator@_W@2@@0@@Z$0 0000000140004261 f   main.obj
 0001:00003290       ?dtor$3@?0??ResolveImports@PE@@YA_NPEAEH@Z@4HA 0000000140004290 f   manual_map.obj
 0001:0000329c       ?dtor$0@?0??ResolveImports@PE@@YA_NPEAEH@Z@4HA 000000014000429c f   manual_map.obj
 0001:000032a8       ?dtor$10@?0??ResolveImports@PE@@YA_NPEAEH@Z@4HA 00000001400042a8 f   manual_map.obj
 0001:000032b4       ?dtor$2@?0??ResolveImports@PE@@YA_NPEAEH@Z@4HA 00000001400042b4 f   manual_map.obj
 0001:000032c0       ?dtor$3@?0???$?6_WU?$char_traits@_W@std@@@std@@YAAEAV?$basic_ostream@_WU?$char_traits@_W@std@@@0@AEAV10@PEB_W@Z@4HA 00000001400042c0 f   manual_map.obj
 0001:000032cc       ?dtor$0@?0???$?6_WU?$char_traits@_W@std@@@std@@YAAEAV?$basic_ostream@_WU?$char_traits@_W@std@@@0@AEAV10@PEB_W@Z@4HA 00000001400042cc f   manual_map.obj
 0001:000032d8       ?catch$4@?0???$?6_WU?$char_traits@_W@std@@@std@@YAAEAV?$basic_ostream@_WU?$char_traits@_W@std@@@0@AEAV10@PEB_W@Z@4HA 00000001400042d8 f   manual_map.obj
 0001:000032e5       __catch$??$?6_WU?$char_traits@_W@std@@@std@@YAAEAV?$basic_ostream@_WU?$char_traits@_W@std@@@0@AEAV10@PEB_W@Z$0 00000001400042e5 f   manual_map.obj
 0001:00003313       ?filt$0@?0??__scrt_common_main_seh@@YAHXZ@4HA 0000000140004313 f   MSVCRT:exe_main.obj
 0001:00003331       __scrt_is_nonwritable_in_current_image$filt$0 0000000140004331 f   MSVCRT:utility.obj
 0001:0000334c       ??__F_Fac_tidy_reg@std@@YAXXZ 000000014000434c f   msvcprt:locale0_implib.obj
 0002:000003f0       ?pre_cpp_initializer@@3P6AXXZEA 00000001400053f0     MSVCRT:exe_main.obj
 0002:000003f8       ?_Fac_tidy_reg$initializer$@std@@3P6AXXZEA 00000001400053f8     msvcprt:locale0_implib.obj
 0002:00000410       ?pre_c_initializer@@3P6AHXZEA 0000000140005410     MSVCRT:exe_main.obj
 0002:00000418       ?post_pgo_initializer@@3P6AHXZEA 0000000140005418     MSVCRT:exe_main.obj
 0002:00000470       GS_ExceptionPointers       0000000140005470     MSVCRT:gs_report.obj
 0002:000004fe       ?_Fake_alloc@std@@3U_Fake_allocator@1@B 00000001400054fe     communicate.obj
 0002:000004ff       ?_Fake_alloc@std@@3U_Fake_allocator@1@B 00000001400054ff     main.obj
 0002:00000500       ?_Fake_alloc@std@@3U_Fake_allocator@1@B 0000000140005500     manual_map.obj
 0002:00000501       ?_Fake_alloc@std@@3U_Fake_allocator@1@B 0000000140005501     utils.obj
 0002:00000f18       $unwind$??1?$basic_string@_WU?$char_traits@_W@std@@V?$allocator@_W@2@@std@@QEAA@XZ 0000000140005f18     communicate.obj
 0002:00000f18       $unwind$??$endl@DU?$char_traits@D@std@@@std@@YAAEAV?$basic_ostream@DU?$char_traits@D@std@@@0@AEAV10@@Z 0000000140005f18     main.obj
 0002:00000f18       $unwind$??0bad_alloc@std@@QEAA@AEBV01@@Z 0000000140005f18     main.obj
 0002:00000f18       $unwind$??0bad_array_new_length@std@@QEAA@AEBV01@@Z 0000000140005f18     main.obj
 0002:00000f18       $unwind$??0bad_cast@std@@QEAA@AEBV01@@Z 0000000140005f18     main.obj
 0002:00000f18       $unwind$??0exception@std@@QEAA@AEBV01@@Z 0000000140005f18     main.obj
 0002:00000f18       $unwind$??$endl@_WU?$char_traits@_W@std@@@std@@YAAEAV?$basic_ostream@_WU?$char_traits@_W@std@@@0@AEAV10@@Z 0000000140005f18     manual_map.obj
 0002:00000f18       $unwind$??1?$_Tidy_deallocate_guard@V?$basic_string@_WU?$char_traits@_W@std@@V?$allocator@_W@2@@std@@@std@@QEAA@XZ 0000000140005f18     manual_map.obj
 0002:00000f18       $unwind$?pre_c_initialization@@YAHXZ 0000000140005f18     MSVCRT:exe_main.obj
 0002:00000f18       $unwind$__raise_securityfailure 0000000140005f18     MSVCRT:gs_report.obj
 0002:00000f18       $unwind$??2@YAPEAX_K@Z     0000000140005f18     MSVCRT:new_scalar.obj
 0002:00000f18       $unwind$??_Gtype_info@@UEAAPEAXI@Z 0000000140005f18     MSVCRT:std_type_info_static.obj
 0002:00000f18       $unwind$__scrt_initialize_crt 0000000140005f18     MSVCRT:utility.obj
 0002:00000f18       $unwind$__scrt_initialize_onexit_tables 0000000140005f18     MSVCRT:utility.obj
 0002:00000f18       $unwind$__scrt_release_startup_lock 0000000140005f18     MSVCRT:utility.obj
 0002:00000f18       $unwind$__scrt_uninitialize_crt 0000000140005f18     MSVCRT:utility.obj
 0002:00000f18       $unwind$_onexit            0000000140005f18     MSVCRT:utility.obj
 0002:00000f18       $unwind$??__F_Fac_tidy_reg@std@@YAXXZ 0000000140005f18     msvcprt:locale0_implib.obj
 0002:00000f18       $unwind$?_Facet_Register@std@@YAXPEAV_Facet_base@1@@Z 0000000140005f18     msvcprt:locale0_implib.obj
 0002:00000f20       $unwind$??_Gbad_alloc@std@@UEAAPEAXI@Z 0000000140005f20     main.obj
 0002:00000f20       $unwind$??_Gbad_array_new_length@std@@UEAAPEAXI@Z 0000000140005f20     main.obj
 0002:00000f20       $unwind$??_Gbad_cast@std@@UEAAPEAXI@Z 0000000140005f20     main.obj
 0002:00000f20       $unwind$??_Gexception@std@@UEAAPEAXI@Z 0000000140005f20     main.obj
 0002:00000f20       $unwind$_RTC_Initialize    0000000140005f20     MSVCRT:initsect.obj
 0002:00000f20       $unwind$_RTC_Terminate     0000000140005f20     MSVCRT:initsect.obj
 0002:00000f20       $unwind$__scrt_unhandled_exception_filter 0000000140005f20     MSVCRT:utility_desktop.obj
 0002:00000f2c       $unwind$?_Throw_bad_array_new_length@std@@YAXXZ 0000000140005f2c     main.obj
 0002:00000f2c       $unwind$?_Throw_bad_cast@std@@YAXXZ 0000000140005f2c     main.obj
 0002:00000f2c       $unwind$?__scrt_throw_std_bad_alloc@@YAXXZ 0000000140005f2c     MSVCRT:throw_bad_alloc.obj
 0002:00000f2c       $unwind$?__scrt_throw_std_bad_array_new_length@@YAXXZ 0000000140005f2c     MSVCRT:throw_bad_alloc.obj
 0002:00000f34       $unwind$??1locale@std@@QEAA@XZ 0000000140005f34     main.obj
 0002:00000f34       $unwind$?_Xlen_string@std@@YAXXZ 0000000140005f34     main.obj
 0002:00000f34       $unwind$__scrt_initialize_default_local_stdio_options 0000000140005f34     MSVCRT:default_local_stdio_options.obj
 0002:00000f34       $unwind$?post_pgo_initialization@@YAHXZ 0000000140005f34     MSVCRT:exe_main.obj
 0002:00000f34       $unwind$?pre_cpp_initialization@@YAXXZ 0000000140005f34     MSVCRT:exe_main.obj
 0002:00000f34       $unwind$mainCRTStartup     0000000140005f34     MSVCRT:exe_main.obj
 0002:00000f34       $unwind$__GSHandlerCheck   0000000140005f34     MSVCRT:gshandler.obj
 0002:00000f34       $unwind$__scrt_acquire_startup_lock 0000000140005f34     MSVCRT:utility.obj
 0002:00000f34       $unwind$atexit             0000000140005f34     MSVCRT:utility.obj
 0002:00000f34       $unwind$__scrt_is_managed_app 0000000140005f34     MSVCRT:utility_desktop.obj
 0002:00000f3c       $unwind$InjectDLLBytes     0000000140005f3c     main.obj
 0002:00000f60       $unwind$main               0000000140005f60     main.obj
 0002:00000f88       $unwind$??1sentry@?$basic_istream@DU?$char_traits@D@std@@@std@@QEAA@XZ 0000000140005f88     main.obj
 0002:00000f88       $unwind$??1sentry@?$basic_istream@_WU?$char_traits@_W@std@@@std@@QEAA@XZ 0000000140005f88     main.obj
 0002:00000f98       $cppxdata$??1sentry@?$basic_istream@DU?$char_traits@D@std@@@std@@QEAA@XZ 0000000140005f98     main.obj
 0002:00000f98       $cppxdata$??1sentry@?$basic_istream@_WU?$char_traits@_W@std@@@std@@QEAA@XZ 0000000140005f98     main.obj
 0002:00000fa1       $stateUnwindMap$??1sentry@?$basic_istream@DU?$char_traits@D@std@@@std@@QEAA@XZ 0000000140005fa1     main.obj
 0002:00000fa1       $stateUnwindMap$??1sentry@?$basic_istream@_WU?$char_traits@_W@std@@@std@@QEAA@XZ 0000000140005fa1     main.obj
 0002:00000fa1       $stateUnwindMap$??1sentry@?$basic_ostream@DU?$char_traits@D@std@@@std@@QEAA@XZ 0000000140005fa1     main.obj
 0002:00000fa1       $stateUnwindMap$??1sentry@?$basic_ostream@_WU?$char_traits@_W@std@@@std@@QEAA@XZ 0000000140005fa1     manual_map.obj
 0002:00000fa7       $ip2state$??1sentry@?$basic_istream@DU?$char_traits@D@std@@@std@@QEAA@XZ 0000000140005fa7     main.obj
 0002:00000fa7       $ip2state$??1sentry@?$basic_istream@_WU?$char_traits@_W@std@@@std@@QEAA@XZ 0000000140005fa7     main.obj
 0002:00000fac       $unwind$??1sentry@?$basic_ostream@DU?$char_traits@D@std@@@std@@QEAA@XZ 0000000140005fac     main.obj
 0002:00000fac       $unwind$??1sentry@?$basic_ostream@_WU?$char_traits@_W@std@@@std@@QEAA@XZ 0000000140005fac     manual_map.obj
 0002:00000fbc       $cppxdata$??1sentry@?$basic_ostream@DU?$char_traits@D@std@@@std@@QEAA@XZ 0000000140005fbc     main.obj
 0002:00000fbc       $cppxdata$??1sentry@?$basic_ostream@_WU?$char_traits@_W@std@@@std@@QEAA@XZ 0000000140005fbc     manual_map.obj
 0002:00000fc5       $ip2state$??1sentry@?$basic_ostream@DU?$char_traits@D@std@@@std@@QEAA@XZ 0000000140005fc5     main.obj
 0002:00000fc5       $ip2state$??1sentry@?$basic_ostream@_WU?$char_traits@_W@std@@@std@@QEAA@XZ 0000000140005fc5     manual_map.obj
 0002:00000fcc       $unwind$??1_Sentry_base@?$basic_istream@DU?$char_traits@D@std@@@std@@QEAA@XZ 0000000140005fcc     main.obj
 0002:00000fcc       $unwind$??1_Sentry_base@?$basic_istream@_WU?$char_traits@_W@std@@@std@@QEAA@XZ 0000000140005fcc     main.obj
 0002:00000fcc       $unwind$??1_Sentry_base@?$basic_ostream@DU?$char_traits@D@std@@@std@@QEAA@XZ 0000000140005fcc     main.obj
 0002:00000fcc       $unwind$??1_Sentry_base@?$basic_ostream@_WU?$char_traits@_W@std@@@std@@QEAA@XZ 0000000140005fcc     manual_map.obj
 0002:00000fdc       $cppxdata$??1_Sentry_base@?$basic_istream@DU?$char_traits@D@std@@@std@@QEAA@XZ 0000000140005fdc     main.obj
 0002:00000fdc       $cppxdata$??1_Sentry_base@?$basic_istream@_WU?$char_traits@_W@std@@@std@@QEAA@XZ 0000000140005fdc     main.obj
 0002:00000fdc       $cppxdata$??1_Sentry_base@?$basic_ostream@DU?$char_traits@D@std@@@std@@QEAA@XZ 0000000140005fdc     main.obj
 0002:00000fdc       $cppxdata$??1_Sentry_base@?$basic_ostream@_WU?$char_traits@_W@std@@@std@@QEAA@XZ 0000000140005fdc     manual_map.obj
 0002:00000fe1       $ip2state$??1_Sentry_base@?$basic_istream@DU?$char_traits@D@std@@@std@@QEAA@XZ 0000000140005fe1     main.obj
 0002:00000fe1       $ip2state$??1_Sentry_base@?$basic_istream@_WU?$char_traits@_W@std@@@std@@QEAA@XZ 0000000140005fe1     main.obj
 0002:00000fe1       $ip2state$??1_Sentry_base@?$basic_ostream@DU?$char_traits@D@std@@@std@@QEAA@XZ 0000000140005fe1     main.obj
 0002:00000fe1       $ip2state$??1_Sentry_base@?$basic_ostream@_WU?$char_traits@_W@std@@@std@@QEAA@XZ 0000000140005fe1     manual_map.obj
 0002:00000fe4       $unwind$??$use_facet@V?$ctype@D@std@@@std@@YAAEBV?$ctype@D@0@AEBVlocale@0@@Z 0000000140005fe4     main.obj
 0002:00000fe4       $unwind$??$use_facet@V?$ctype@_W@std@@@std@@YAAEBV?$ctype@_W@0@AEBVlocale@0@@Z 0000000140005fe4     main.obj
 0002:00001004       $cppxdata$??$use_facet@V?$ctype@D@std@@@std@@YAAEBV?$ctype@D@0@AEBVlocale@0@@Z 0000000140006004     main.obj
 0002:00001004       $cppxdata$??$use_facet@V?$ctype@_W@std@@@std@@YAAEBV?$ctype@_W@0@AEBVlocale@0@@Z 0000000140006004     main.obj
 0002:0000100d       $stateUnwindMap$??$use_facet@V?$ctype@D@std@@@std@@YAAEBV?$ctype@D@0@AEBVlocale@0@@Z 000000014000600d     main.obj
 0002:0000100d       $stateUnwindMap$??$use_facet@V?$ctype@_W@std@@@std@@YAAEBV?$ctype@_W@0@AEBVlocale@0@@Z 000000014000600d     main.obj
 0002:0000101a       $ip2state$??$use_facet@V?$ctype@D@std@@@std@@YAAEBV?$ctype@D@0@AEBVlocale@0@@Z 000000014000601a     main.obj
 0002:0000101a       $ip2state$??$use_facet@V?$ctype@_W@std@@@std@@YAAEBV?$ctype@_W@0@AEBVlocale@0@@Z 000000014000601a     main.obj
 0002:00001024       $unwind$??$?6U?$char_traits@D@std@@@std@@YAAEAV?$basic_ostream@DU?$char_traits@D@std@@@0@AEAV10@PEBD@Z 0000000140006024     main.obj
 0002:00001040       $cppxdata$??$?6U?$char_traits@D@std@@@std@@YAAEAV?$basic_ostream@DU?$char_traits@D@std@@@0@AEAV10@PEBD@Z 0000000140006040     main.obj
 0002:0000104d       $stateUnwindMap$??$?6U?$char_traits@D@std@@@std@@YAAEAV?$basic_ostream@DU?$char_traits@D@std@@@0@AEAV10@PEBD@Z 000000014000604d     main.obj
 0002:00001066       $tryMap$??$?6U?$char_traits@D@std@@@std@@YAAEAV?$basic_ostream@DU?$char_traits@D@std@@@0@AEAV10@PEBD@Z 0000000140006066     main.obj
 0002:0000106e       $handlerMap$??$?6U?$char_traits@D@std@@@std@@YAAEAV?$basic_ostream@DU?$char_traits@D@std@@@0@AEAV10@PEBD@Z 000000014000606e     main.obj
 0002:00001077       $ip2state$??$?6U?$char_traits@D@std@@@std@@YAAEAV?$basic_ostream@DU?$char_traits@D@std@@@0@AEAV10@PEBD@Z 0000000140006077     main.obj
 0002:00001088       $unwind$?catch$4@?0???$?6U?$char_traits@D@std@@@std@@YAAEAV?$basic_ostream@DU?$char_traits@D@std@@@0@AEAV10@PEBD@Z@4HA 0000000140006088     main.obj
 0002:00001088       $unwind$?catch$5@?0???$?5DU?$char_traits@D@std@@V?$allocator@D@1@@std@@YAAEAV?$basic_istream@DU?$char_traits@D@std@@@0@AEAV10@AEAV?$basic_string@DU?$char_traits@D@std@@V?$allocator@D@2@@0@@Z@4HA 0000000140006088     main.obj
 0002:00001088       $unwind$?catch$5@?0???$?5_WU?$char_traits@_W@std@@V?$allocator@_W@1@@std@@YAAEAV?$basic_istream@_WU?$char_traits@_W@std@@@0@AEAV10@AEAV?$basic_string@_WU?$char_traits@_W@std@@V?$allocator@_W@2@@0@@Z@4HA 0000000140006088     main.obj
 0002:00001088       $unwind$?catch$4@?0???$?6_WU?$char_traits@_W@std@@@std@@YAAEAV?$basic_ostream@_WU?$char_traits@_W@std@@@0@AEAV10@PEB_W@Z@4HA 0000000140006088     manual_map.obj
 0002:00001090       $unwind$??$?5DU?$char_traits@D@std@@V?$allocator@D@1@@std@@YAAEAV?$basic_istream@DU?$char_traits@D@std@@@0@AEAV10@AEAV?$basic_string@DU?$char_traits@D@std@@V?$allocator@D@2@@0@@Z 0000000140006090     main.obj
 0002:000010b0       $cppxdata$??$?5DU?$char_traits@D@std@@V?$allocator@D@1@@std@@YAAEAV?$basic_istream@DU?$char_traits@D@std@@@0@AEAV10@AEAV?$basic_string@DU?$char_traits@D@std@@V?$allocator@D@2@@0@@Z 00000001400060b0     main.obj
 0002:000010bd       $stateUnwindMap$??$?5DU?$char_traits@D@std@@V?$allocator@D@1@@std@@YAAEAV?$basic_istream@DU?$char_traits@D@std@@@0@AEAV10@AEAV?$basic_string@DU?$char_traits@D@std@@V?$allocator@D@2@@0@@Z 00000001400060bd     main.obj
 0002:000010d7       $tryMap$??$?5DU?$char_traits@D@std@@V?$allocator@D@1@@std@@YAAEAV?$basic_istream@DU?$char_traits@D@std@@@0@AEAV10@AEAV?$basic_string@DU?$char_traits@D@std@@V?$allocator@D@2@@0@@Z 00000001400060d7     main.obj
 0002:000010df       $handlerMap$??$?5DU?$char_traits@D@std@@V?$allocator@D@1@@std@@YAAEAV?$basic_istream@DU?$char_traits@D@std@@@0@AEAV10@AEAV?$basic_string@DU?$char_traits@D@std@@V?$allocator@D@2@@0@@Z 00000001400060df     main.obj
 0002:000010e8       $ip2state$??$?5DU?$char_traits@D@std@@V?$allocator@D@1@@std@@YAAEAV?$basic_istream@DU?$char_traits@D@std@@@0@AEAV10@AEAV?$basic_string@DU?$char_traits@D@std@@V?$allocator@D@2@@0@@Z 00000001400060e8     main.obj
 0002:000010fc       $unwind$??$?5_WU?$char_traits@_W@std@@V?$allocator@_W@1@@std@@YAAEAV?$basic_istream@_WU?$char_traits@_W@std@@@0@AEAV10@AEAV?$basic_string@_WU?$char_traits@_W@std@@V?$allocator@_W@2@@0@@Z 00000001400060fc     main.obj
 0002:0000111c       $cppxdata$??$?5_WU?$char_traits@_W@std@@V?$allocator@_W@1@@std@@YAAEAV?$basic_istream@_WU?$char_traits@_W@std@@@0@AEAV10@AEAV?$basic_string@_WU?$char_traits@_W@std@@V?$allocator@_W@2@@0@@Z 000000014000611c     main.obj
 0002:00001129       $stateUnwindMap$??$?5_WU?$char_traits@_W@std@@V?$allocator@_W@1@@std@@YAAEAV?$basic_istream@_WU?$char_traits@_W@std@@@0@AEAV10@AEAV?$basic_string@_WU?$char_traits@_W@std@@V?$allocator@_W@2@@0@@Z 0000000140006129     main.obj
 0002:00001143       $tryMap$??$?5_WU?$char_traits@_W@std@@V?$allocator@_W@1@@std@@YAAEAV?$basic_istream@_WU?$char_traits@_W@std@@@0@AEAV10@AEAV?$basic_string@_WU?$char_traits@_W@std@@V?$allocator@_W@2@@0@@Z 0000000140006143     main.obj
 0002:0000114b       $handlerMap$??$?5_WU?$char_traits@_W@std@@V?$allocator@_W@1@@std@@YAAEAV?$basic_istream@_WU?$char_traits@_W@std@@@0@AEAV10@AEAV?$basic_string@_WU?$char_traits@_W@std@@V?$allocator@_W@2@@0@@Z 000000014000614b     main.obj
 0002:00001154       $ip2state$??$?5_WU?$char_traits@_W@std@@V?$allocator@_W@1@@std@@YAAEAV?$basic_istream@_WU?$char_traits@_W@std@@@0@AEAV10@AEAV?$basic_string@_WU?$char_traits@_W@std@@V?$allocator@_W@2@@0@@Z 0000000140006154     main.obj
 0002:00001168       $unwind$??$_Reallocate_grow_by@V<lambda_1>@?1??push_back@?$basic_string@_WU?$char_traits@_W@std@@V?$allocator@_W@2@@std@@QEAAX_W@Z@_W@?$basic_string@_WU?$char_traits@_W@std@@V?$allocator@_W@2@@std@@AEAAAEAV01@_KV<lambda_1>@?1??push_back@01@QEAAX_W@Z@_W@Z 0000000140006168     main.obj
 0002:00001178       $chain$3$??$_Reallocate_grow_by@V<lambda_1>@?1??push_back@?$basic_string@_WU?$char_traits@_W@std@@V?$allocator@_W@2@@std@@QEAAX_W@Z@_W@?$basic_string@_WU?$char_traits@_W@std@@V?$allocator@_W@2@@std@@AEAAAEAV01@_KV<lambda_1>@?1??push_back@01@QEAAX_W@Z@_W@Z 0000000140006178     main.obj
 0002:00001198       $chain$4$??$_Reallocate_grow_by@V<lambda_1>@?1??push_back@?$basic_string@_WU?$char_traits@_W@std@@V?$allocator@_W@2@@std@@QEAAX_W@Z@_W@?$basic_string@_WU?$char_traits@_W@std@@V?$allocator@_W@2@@std@@AEAAAEAV01@_KV<lambda_1>@?1??push_back@01@QEAAX_W@Z@_W@Z 0000000140006198     main.obj
 0002:000011a8       $chain$5$??$_Reallocate_grow_by@V<lambda_1>@?1??push_back@?$basic_string@_WU?$char_traits@_W@std@@V?$allocator@_W@2@@std@@QEAAX_W@Z@_W@?$basic_string@_WU?$char_traits@_W@std@@V?$allocator@_W@2@@std@@AEAAAEAV01@_KV<lambda_1>@?1??push_back@01@QEAAX_W@Z@_W@Z 00000001400061a8     main.obj
 0002:000011c8       $unwind$??$_Reallocate_grow_by@V<lambda_1>@?1??push_back@?$basic_string@DU?$char_traits@D@std@@V?$allocator@D@2@@std@@QEAAXD@Z@D@?$basic_string@DU?$char_traits@D@std@@V?$allocator@D@2@@std@@AEAAAEAV01@_KV<lambda_1>@?1??push_back@01@QEAAXD@Z@D@Z 00000001400061c8     main.obj
 0002:000011d8       $chain$2$??$_Reallocate_grow_by@V<lambda_1>@?1??push_back@?$basic_string@DU?$char_traits@D@std@@V?$allocator@D@2@@std@@QEAAXD@Z@D@?$basic_string@DU?$char_traits@D@std@@V?$allocator@D@2@@std@@AEAAAEAV01@_KV<lambda_1>@?1??push_back@01@QEAAXD@Z@D@Z 00000001400061d8     main.obj
 0002:000011f4       $chain$4$??$_Reallocate_grow_by@V<lambda_1>@?1??push_back@?$basic_string@DU?$char_traits@D@std@@V?$allocator@D@2@@std@@QEAAXD@Z@D@?$basic_string@DU?$char_traits@D@std@@V?$allocator@D@2@@std@@AEAAAEAV01@_KV<lambda_1>@?1??push_back@01@QEAAXD@Z@D@Z 00000001400061f4     main.obj
 0002:00001210       $chain$5$??$_Reallocate_grow_by@V<lambda_1>@?1??push_back@?$basic_string@DU?$char_traits@D@std@@V?$allocator@D@2@@std@@QEAAXD@Z@D@?$basic_string@DU?$char_traits@D@std@@V?$allocator@D@2@@std@@AEAAAEAV01@_KV<lambda_1>@?1??push_back@01@QEAAXD@Z@D@Z 0000000140006210     main.obj
 0002:00001220       $unwind$?ResolveImports@PE@@YA_NPEAEH@Z 0000000140006220     manual_map.obj
 0002:00001248       $cppxdata$?ResolveImports@PE@@YA_NPEAEH@Z 0000000140006248     manual_map.obj
 0002:00001251       $stateUnwindMap$?ResolveImports@PE@@YA_NPEAEH@Z 0000000140006251     manual_map.obj
 0002:0000125f       $ip2state$?ResolveImports@PE@@YA_NPEAEH@Z 000000014000625f     manual_map.obj
 0002:00001278       $unwind$?RemapImage@PE@@YA_KPEAEPEAPEAEH_K@Z 0000000140006278     manual_map.obj
 0002:00001280       $chain$5$?RemapImage@PE@@YA_KPEAEPEAPEAEH_K@Z 0000000140006280     manual_map.obj
 0002:000012a8       $chain$6$?RemapImage@PE@@YA_KPEAEPEAPEAEH_K@Z 00000001400062a8     manual_map.obj
 0002:000012bc       $chain$7$?RemapImage@PE@@YA_KPEAEPEAPEAEH_K@Z 00000001400062bc     manual_map.obj
 0002:000012cc       $chain$8$?RemapImage@PE@@YA_KPEAEPEAPEAEH_K@Z 00000001400062cc     manual_map.obj
 0002:000012dc       $unwind$??$?6_WU?$char_traits@_W@std@@@std@@YAAEAV?$basic_ostream@_WU?$char_traits@_W@std@@@0@AEAV10@PEB_W@Z 00000001400062dc     manual_map.obj
 0002:000012fc       $cppxdata$??$?6_WU?$char_traits@_W@std@@@std@@YAAEAV?$basic_ostream@_WU?$char_traits@_W@std@@@0@AEAV10@PEB_W@Z 00000001400062fc     manual_map.obj
 0002:00001309       $stateUnwindMap$??$?6_WU?$char_traits@_W@std@@@std@@YAAEAV?$basic_ostream@_WU?$char_traits@_W@std@@@0@AEAV10@PEB_W@Z 0000000140006309     manual_map.obj
 0002:00001322       $tryMap$??$?6_WU?$char_traits@_W@std@@@std@@YAAEAV?$basic_ostream@_WU?$char_traits@_W@std@@@0@AEAV10@PEB_W@Z 0000000140006322     manual_map.obj
 0002:0000132a       $handlerMap$??$?6_WU?$char_traits@_W@std@@@std@@YAAEAV?$basic_ostream@_WU?$char_traits@_W@std@@@0@AEAV10@PEB_W@Z 000000014000632a     manual_map.obj
 0002:00001333       $ip2state$??$?6_WU?$char_traits@_W@std@@@std@@YAAEAV?$basic_ostream@_WU?$char_traits@_W@std@@@0@AEAV10@PEB_W@Z 0000000140006333     manual_map.obj
 0002:00001344       $unwind$??$_Reallocate_for@V<lambda_1>@?1??assign@?$basic_string@_WU?$char_traits@_W@std@@V?$allocator@_W@2@@std@@QEAAAEAV34@QEB_W_K@Z@PEB_W@?$basic_string@_WU?$char_traits@_W@std@@V?$allocator@_W@2@@std@@AEAAAEAV01@_KV<lambda_1>@?1??assign@01@QEAAAEAV01@QEB_W0@Z@PEB_W@Z 0000000140006344     manual_map.obj
 0002:00001354       $chain$2$??$_Reallocate_for@V<lambda_1>@?1??assign@?$basic_string@_WU?$char_traits@_W@std@@V?$allocator@_W@2@@std@@QEAAAEAV34@QEB_W_K@Z@PEB_W@?$basic_string@_WU?$char_traits@_W@std@@V?$allocator@_W@2@@std@@AEAAAEAV01@_KV<lambda_1>@?1??assign@01@QEAAAEAV01@QEB_W0@Z@PEB_W@Z 0000000140006354     manual_map.obj
 0002:00001370       $chain$4$??$_Reallocate_for@V<lambda_1>@?1??assign@?$basic_string@_WU?$char_traits@_W@std@@V?$allocator@_W@2@@std@@QEAAAEAV34@QEB_W_K@Z@PEB_W@?$basic_string@_WU?$char_traits@_W@std@@V?$allocator@_W@2@@std@@AEAAAEAV01@_KV<lambda_1>@?1??assign@01@QEAAAEAV01@QEB_W0@Z@PEB_W@Z 0000000140006370     manual_map.obj
 0002:00001370       $chain$6$??$_Reallocate_for@V<lambda_1>@?1??assign@?$basic_string@_WU?$char_traits@_W@std@@V?$allocator@_W@2@@std@@QEAAAEAV34@QEB_W_K@Z@PEB_W@?$basic_string@_WU?$char_traits@_W@std@@V?$allocator@_W@2@@std@@AEAAAEAV01@_KV<lambda_1>@?1??assign@01@QEAAAEAV01@QEB_W0@Z@PEB_W@Z 0000000140006370     manual_map.obj
 0002:0000138c       $chain$5$??$_Reallocate_for@V<lambda_1>@?1??assign@?$basic_string@_WU?$char_traits@_W@std@@V?$allocator@_W@2@@std@@QEAAAEAV34@QEB_W_K@Z@PEB_W@?$basic_string@_WU?$char_traits@_W@std@@V?$allocator@_W@2@@std@@AEAAAEAV01@_KV<lambda_1>@?1??assign@01@QEAAAEAV01@QEB_W0@Z@PEB_W@Z 000000014000638c     manual_map.obj
 0002:0000139c       $unwind$??$_Reallocate_grow_by@V<lambda_1>@?L@??reserve@?$basic_string@_WU?$char_traits@_W@std@@V?$allocator@_W@2@@std@@QEAAX_K@Z@$$V@?$basic_string@_WU?$char_traits@_W@std@@V?$allocator@_W@2@@std@@AEAAAEAV01@_KV<lambda_1>@?L@??reserve@01@QEAAX0@Z@@Z 000000014000639c     manual_map.obj
 0002:000013a8       $chain$2$??$_Reallocate_grow_by@V<lambda_1>@?L@??reserve@?$basic_string@_WU?$char_traits@_W@std@@V?$allocator@_W@2@@std@@QEAAX_K@Z@$$V@?$basic_string@_WU?$char_traits@_W@std@@V?$allocator@_W@2@@std@@AEAAAEAV01@_KV<lambda_1>@?L@??reserve@01@QEAAX0@Z@@Z 00000001400063a8     manual_map.obj
 0002:000013c4       $chain$3$??$_Reallocate_grow_by@V<lambda_1>@?L@??reserve@?$basic_string@_WU?$char_traits@_W@std@@V?$allocator@_W@2@@std@@QEAAX_K@Z@$$V@?$basic_string@_WU?$char_traits@_W@std@@V?$allocator@_W@2@@std@@AEAAAEAV01@_KV<lambda_1>@?L@??reserve@01@QEAAX0@Z@@Z 00000001400063c4     manual_map.obj
 0002:000013d4       $chain$4$??$_Reallocate_grow_by@V<lambda_1>@?L@??reserve@?$basic_string@_WU?$char_traits@_W@std@@V?$allocator@_W@2@@std@@QEAAX_K@Z@$$V@?$basic_string@_WU?$char_traits@_W@std@@V?$allocator@_W@2@@std@@AEAAAEAV01@_KV<lambda_1>@?L@??reserve@01@QEAAX0@Z@@Z 00000001400063d4     manual_map.obj
 0002:000013f0       $xdatasym                  00000001400063f0     MSVCRT:amdsecgs.obj
 0002:000013f4       $unwind$?__scrt_common_main_seh@@YAHXZ 00000001400063f4     MSVCRT:exe_main.obj
 0002:0000142c       $unwind$?filt$0@?0??__scrt_common_main_seh@@YAHXZ@4HA 000000014000642c     MSVCRT:exe_main.obj
 0002:00001434       $unwind$__scrt_is_nonwritable_in_current_image 0000000140006434     MSVCRT:utility.obj
 0002:00001454       $unwind$__scrt_is_nonwritable_in_current_image$filt$0 0000000140006454     MSVCRT:utility.obj
 0002:0000145c       $unwind$__report_gsfailure 000000014000645c     MSVCRT:gs_report.obj
 0002:00001464       $unwind$capture_previous_context 0000000140006464     MSVCRT:gs_report.obj
 0002:00001470       $unwind$__security_init_cookie 0000000140006470     MSVCRT:gs_support.obj
 0002:0000147c       $unwind$__scrt_fastfail    000000014000647c     MSVCRT:utility_desktop.obj
 0002:0000148c       $unwind$__isa_available_init 000000014000648c     MSVCRT:cpu_disp.obj
 0002:000014a0       $xdatasym                  00000001400064a0     MSVCRT:guard_dispatch.obj
 0002:000014a8       $xdatasym                  00000001400064a8     MSVCRT:guard_xfg_dispatch.obj
 0002:000014ac       $unwind$__GSHandlerCheckCommon 00000001400064ac     MSVCRT:gshandler.obj
 0002:000014b4       $unwind$__GSHandlerCheck_EH4 00000001400064b4     MSVCRT:gshandlereh4.obj
 0002:00001620       .edata                     0000000140006620     Injector-client.exp
 0002:00001648       rgpv                       0000000140006648     Injector-client.exp
 0002:0000164c       rgszName                   000000014000664c     Injector-client.exp
 0002:00001650       rgwOrd                     0000000140006650     Injector-client.exp
 0002:00001652       szName                     0000000140006652     Injector-client.exp
 0002:00001666       $N00001                    0000000140006666     Injector-client.exp
 0002:00001bcc       .idata$6                   0000000140006bcc     kernel32:KERNEL32.dll
 0002:00001be8       .idata$6                   0000000140006be8     user32:USER32.dll
 0002:000025c0       .idata$6                   00000001400075c0     msvcprt:MSVCP140.dll
 0002:00002694       .idata$6                   0000000140007694     vcruntime:VCRUNTIME140_1.dll
 0002:000026a8       .idata$6                   00000001400076a8     vcruntime:VCRUNTIME140.dll
 0002:000028c2       .idata$6                   00000001400078c2     ucrt:api-ms-win-crt-runtime-l1-1-0.dll
 0002:000028e4       .idata$6                   00000001400078e4     ucrt:api-ms-win-crt-heap-l1-1-0.dll
 0002:00002904       .idata$6                   0000000140007904     ucrt:api-ms-win-crt-math-l1-1-0.dll
 0002:00002924       .idata$6                   0000000140007924     ucrt:api-ms-win-crt-stdio-l1-1-0.dll
 0002:00002944       .idata$6                   0000000140007944     ucrt:api-ms-win-crt-locale-l1-1-0.dll
 0003:00000110       ?_Fac_head@std@@3PEAU_Fac_node@1@EA 0000000140008110     msvcprt:locale0_implib.obj
 0003:00000118       ?_Fac_tidy_reg@std@@3U_Fac_tidy_reg_t@1@B 0000000140008118     msvcprt:locale0_implib.obj
 0003:00000130       ?is_initialized_as_dll@@3_NA 0000000140008130     MSVCRT:utility.obj
 0003:00000131       ?module_local_atexit_table_initialized@@3_NA 0000000140008131     MSVCRT:utility.obj
 0003:00000138       ?module_local_atexit_table@@3U_onexit_table_t@@A 0000000140008138     MSVCRT:utility.obj
 0003:00000150       ?module_local_at_quick_exit_table@@3U_onexit_table_t@@A 0000000140008150     MSVCRT:utility.obj
 0003:00000170       GS_ExceptionRecord         0000000140008170     MSVCRT:gs_report.obj
 0003:00000210       GS_ContextRecord           0000000140008210     MSVCRT:gs_report.obj
 0005:00000060       $R000000                   000000014000a060     * linker generated manifest res *
