 Injector-client

 Timestamp is 61d1150f (Sat Jan  1 21:59:27 2022)

 Preferred load address is 0000000140000000

 Start         Length     Name                   Class
 0001:00000000 00002330H .text$mn                CODE
 0001:00002330 00000040H .text$mn$00             CODE
 0001:00002370 000000a9H .text$x                 CODE
 0002:00000000 00000320H .idata$5                DATA
 0002:00000320 00000028H .00cfg                  DATA
 0002:00000348 00000008H .CRT$XCA                DATA
 0002:00000350 00000008H .CRT$XCAA               DATA
 0002:00000358 00000008H .CRT$XCZ                DATA
 0002:00000360 00000008H .CRT$XIA                DATA
 0002:00000368 00000008H .CRT$XIAA               DATA
 0002:00000370 00000008H .CRT$XIAC               DATA
 0002:00000378 00000008H .CRT$XIZ                DATA
 0002:00000380 00000008H .CRT$XPA                DATA
 0002:00000388 00000008H .CRT$XPZ                DATA
 0002:00000390 00000008H .CRT$XTA                DATA
 0002:00000398 00000008H .CRT$XTZ                DATA
 0002:000003a0 00000000H .gehcont$y              DATA
 0002:000003a0 00000000H .gfids$y                DATA
 0002:000003a0 00000460H .rdata                  DATA
 0002:00000800 00000000H .rdata$CastGuardVftablesA DATA
 0002:00000800 00000000H .rdata$CastGuardVftablesC DATA
 0002:00000800 000001f4H .rdata$r                DATA
 0002:000009f4 0000005cH .rdata$voltmd           DATA
 0002:00000a50 00000348H .rdata$zzzdbg           DATA
 0002:00000d98 00000008H .rtc$IAA                DATA
 0002:00000da0 00000008H .rtc$IZZ                DATA
 0002:00000da8 00000008H .rtc$TAA                DATA
 0002:00000db0 00000008H .rtc$TZZ                DATA
 0002:00000db8 00000310H .xdata                  DATA
 0002:000010c8 000000ecH .xdata$x                DATA
 0002:000011b4 00000000H .edata                  DATA
 0002:000011b4 000000dcH .idata$2                DATA
 0002:00001290 00000018H .idata$3                DATA
 0002:000012a8 00000320H .idata$4                DATA
 0002:000015c8 00000ab0H .idata$6                DATA
 0003:00000000 00000038H .data                   DATA
 0003:00000038 00000080H .data$r                 DATA
 0003:000000b8 00000028H .data$rs                DATA
 0003:000000e0 00000610H .bss                    DATA
 0004:00000000 000002d0H .pdata                  DATA
 0005:00000000 00000060H .rsrc$01                DATA
 0005:00000060 00000180H .rsrc$02                DATA

  Address         Publics by Value              Rva+Base               Lib:Object

 0000:00000000       __hybrid_auxiliary_iat     0000000000000000     <absolute>
 0000:00000000       __guard_iat_table          0000000000000000     <absolute>
 0000:00000000       __guard_longjmp_table      0000000000000000     <absolute>
 0000:00000000       __arm64x_redirection_metadata 0000000000000000     <absolute>
 0000:00000000       __guard_fids_count         0000000000000000     <absolute>
 0000:00000000       __guard_iat_count          0000000000000000     <absolute>
 0000:00000000       __guard_longjmp_count      0000000000000000     <absolute>
 0000:00000000       __dynamic_value_reloc_table 0000000000000000     <absolute>
 0000:00000000       __arm64x_extra_rfe_table   0000000000000000     <absolute>
 0000:00000000       __hybrid_code_map          0000000000000000     <absolute>
 0000:00000000       ___safe_se_handler_table   0000000000000000     <absolute>
 0000:00000000       __hybrid_code_map_count    0000000000000000     <absolute>
 0000:00000000       __hybrid_auxiliary_iat_copy 0000000000000000     <absolute>
 0000:00000000       __arm64x_extra_rfe_table_size 0000000000000000     <absolute>
 0000:00000000       ___safe_se_handler_count   0000000000000000     <absolute>
 0000:00000000       __x64_code_ranges_to_entry_points_count 0000000000000000     <absolute>
 0000:00000000       __AbsoluteZero             0000000000000000     <absolute>
 0000:00000000       __guard_eh_cont_count      0000000000000000     <absolute>
 0000:00000000       __guard_check_icall_a64n_fptr 0000000000000000     <absolute>
 0000:00000000       __guard_fids_table         0000000000000000     <absolute>
 0000:00000000       __x64_code_ranges_to_entry_points 0000000000000000     <absolute>
 0000:00000000       __arm64x_redirection_metadata_count 0000000000000000     <absolute>
 0000:00000000       __enclave_config           0000000000000000     <absolute>
 0000:00000000       __arm64x_native_entrypoint 0000000000000000     <absolute>
 0000:00000000       __guard_eh_cont_table      0000000000000000     <absolute>
 0000:00000100       __guard_flags              0000000000000100     <absolute>
 0000:00000000       __ImageBase                0000000140000000     <linker-defined>
 0001:00000000       ??0exception@std@@QEAA@AEBV01@@Z 0000000140001000 f i main.obj
 0001:00000040       ?what@exception@std@@UEBAPEBDXZ 0000000140001040 f i main.obj
 0001:00000060       ??_Ebad_array_new_length@std@@UEAAPEAXI@Z 0000000140001060 f i * CIL library *:* CIL module *
 0001:00000060       ??_Eexception@std@@UEAAPEAXI@Z 0000000140001060 f i * CIL library *:* CIL module *
 0001:00000060       ??_Gbad_array_new_length@std@@UEAAPEAXI@Z 0000000140001060 f i main.obj
 0001:00000060       ??_Gexception@std@@UEAAPEAXI@Z 0000000140001060 f i main.obj
 0001:00000060       ??_Ebad_alloc@std@@UEAAPEAXI@Z 0000000140001060 f i * CIL library *:* CIL module *
 0001:00000060       ??_Gbad_alloc@std@@UEAAPEAXI@Z 0000000140001060 f i main.obj
 0001:000000b0       ??1bad_array_new_length@std@@UEAA@XZ 00000001400010b0 f i main.obj
 0001:000000b0       ??1bad_alloc@std@@UEAA@XZ  00000001400010b0 f i main.obj
 0001:000000d0       ??0bad_array_new_length@std@@QEAA@XZ 00000001400010d0 f i main.obj
 0001:00000100       ?_Throw_bad_array_new_length@std@@YAXXZ 0000000140001100 f i main.obj
 0001:00000100       ?__scrt_throw_std_bad_array_new_length@@YAXXZ 0000000140001100 f i MSVCRT:throw_bad_alloc.obj
 0001:00000120       ??0bad_array_new_length@std@@QEAA@AEBV01@@Z 0000000140001120 f i main.obj
 0001:00000160       ??0bad_alloc@std@@QEAA@AEBV01@@Z 0000000140001160 f i main.obj
 0001:000001a0       ?_Xlen_string@std@@YAXXZ   00000001400011a0 f i main.obj
 0001:000001c0       ?hex@std@@YAAEAVios_base@1@AEAV21@@Z 00000001400011c0 f i main.obj
 0001:000001e0       ?ResolveImports@@YAEHPEAE@Z 00000001400011e0 f   main.obj
 0001:000005e0       ?PrepareImage@@YAPEAU_IMAGE_DOS_HEADER@@PEAXH_KH@Z 00000001400015e0 f   main.obj
 0001:000007a0       main                       00000001400017a0 f   main.obj
 0001:00000cc0       ??1?$basic_string@_WU?$char_traits@_W@std@@V?$allocator@_W@2@@std@@QEAA@XZ 0000000140001cc0 f i main.obj
 0001:00000d30       ??1sentry@?$basic_ostream@DU?$char_traits@D@std@@@std@@QEAA@XZ 0000000140001d30 f i main.obj
 0001:00000d70       ?assign@?$basic_string@_WU?$char_traits@_W@std@@V?$allocator@_W@2@@std@@QEAAAEAV12@QEB_W_K@Z 0000000140001d70 f i main.obj
 0001:00000ef0       ??1_Sentry_base@?$basic_ostream@DU?$char_traits@D@std@@@std@@QEAA@XZ 0000000140001ef0 f i main.obj
 0001:00000f20       ??$?6U?$char_traits@D@std@@@std@@YAAEAV?$basic_ostream@DU?$char_traits@D@std@@@0@AEAV10@PEBD@Z 0000000140001f20 f i main.obj
 0001:000010f0       ??$endl@DU?$char_traits@D@std@@@std@@YAAEAV?$basic_ostream@DU?$char_traits@D@std@@@0@AEAV10@@Z 00000001400020f0 f i main.obj
 0001:00001130       ??$_Reallocate_grow_by@V<lambda_25953b27f3c43b57ba59f021c7f225c5>@@_W@?$basic_string@_WU?$char_traits@_W@std@@V?$allocator@_W@2@@std@@AEAAAEAV01@_KV<lambda_25953b27f3c43b57ba59f021c7f225c5>@@_W@Z 0000000140002130 f i main.obj
 0001:000012d0       ??$_Reallocate_grow_by@V<lambda_19662282d61fd793232134d409f2e084>@@$$V@?$basic_string@_WU?$char_traits@_W@std@@V?$allocator@_W@2@@std@@AEAAAEAV01@_KV<lambda_19662282d61fd793232134d409f2e084>@@@Z 00000001400022d0 f i main.obj
 0001:00001440       ??1?$_Tidy_deallocate_guard@V?$basic_string@_WU?$char_traits@_W@std@@V?$allocator@_W@2@@std@@@std@@QEAA@XZ 0000000140002440 f i main.obj
 0001:000014c0       __security_check_cookie    00000001400024c0 f   MSVCRT:amdsecgs.obj
 0001:000014e0       ??2@YAPEAX_K@Z             00000001400024e0 f   MSVCRT:new_scalar.obj
 0001:0000151c       ??3@YAXPEAX_K@Z            000000014000251c f   MSVCRT:delete_scalar_size.obj
 0001:00001524       ??_U@YAPEAX_K@Z            0000000140002524 f   MSVCRT:new_array.obj
 0001:0000152c       ??_Etype_info@@UEAAPEAXI@Z 000000014000252c f i MSVCRT:std_type_info_static.obj
 0001:0000152c       ??_Gtype_info@@UEAAPEAXI@Z 000000014000252c f i MSVCRT:std_type_info_static.obj
 0001:000017b8       mainCRTStartup             00000001400027b8 f   MSVCRT:exe_main.obj
 0001:000017cc       __raise_securityfailure    00000001400027cc f   MSVCRT:gs_report.obj
 0001:00001800       __report_gsfailure         0000000140002800 f   MSVCRT:gs_report.obj
 0001:00001948       ??0bad_alloc@std@@QEAA@XZ  0000000140002948 f i MSVCRT:throw_bad_alloc.obj
 0001:00001968       ?__scrt_throw_std_bad_alloc@@YAXXZ 0000000140002968 f   MSVCRT:throw_bad_alloc.obj
 0001:00001988       ??3@YAXPEAX@Z              0000000140002988 f   MSVCRT:delete_scalar.obj
 0001:00001990       __scrt_acquire_startup_lock 0000000140002990 f   MSVCRT:utility.obj
 0001:000019cc       __scrt_initialize_crt      00000001400029cc f   MSVCRT:utility.obj
 0001:00001a18       __scrt_initialize_onexit_tables 0000000140002a18 f   MSVCRT:utility.obj
 0001:00001aa4       __scrt_is_nonwritable_in_current_image 0000000140002aa4 f   MSVCRT:utility.obj
 0001:00001b3c       __scrt_release_startup_lock 0000000140002b3c f   MSVCRT:utility.obj
 0001:00001b60       __scrt_uninitialize_crt    0000000140002b60 f   MSVCRT:utility.obj
 0001:00001b8c       _onexit                    0000000140002b8c f   MSVCRT:utility.obj
 0001:00001bc8       atexit                     0000000140002bc8 f   MSVCRT:utility.obj
 0001:00001be0       __security_init_cookie     0000000140002be0 f   MSVCRT:gs_support.obj
 0001:00001c8c       __scrt_initialize_winrt    0000000140002c8c f   MSVCRT:utility_desktop.obj
 0001:00001c8c       __scrt_stub_for_initialize_mta 0000000140002c8c f   MSVCRT:utility_desktop.obj
 0001:00001c8c       _get_startup_thread_locale_mode 0000000140002c8c f   MSVCRT:thread_locale.obj
 0001:00001c8c       _matherr                   0000000140002c8c f   MSVCRT:matherr.obj
 0001:00001c8c       __scrt_exe_initialize_mta  0000000140002c8c f   MSVCRT:utility_desktop.obj
 0001:00001c8c       _get_startup_commit_mode   0000000140002c8c f   MSVCRT:commit_mode.obj
 0001:00001c8c       _get_startup_new_mode      0000000140002c8c f   MSVCRT:new_mode.obj
 0001:00001c90       _get_startup_argv_mode     0000000140002c90 f   MSVCRT:argv_mode.obj
 0001:00001c98       _get_startup_file_mode     0000000140002c98 f   MSVCRT:file_mode.obj
 0001:00001ca0       ?__scrt_initialize_type_info@@YAXXZ 0000000140002ca0 f   MSVCRT:tncleanup.obj
 0001:00001cb0       __acrt_uninitialize        0000000140002cb0 f   MSVCRT:ucrt_stubs.obj
 0001:00001cb0       __vcrt_initialize          0000000140002cb0 f   MSVCRT:ucrt_stubs.obj
 0001:00001cb0       _should_initialize_environment 0000000140002cb0 f   MSVCRT:env_mode.obj
 0001:00001cb0       __scrt_stub_for_acrt_initialize 0000000140002cb0 f   MSVCRT:ucrt_stubs.obj
 0001:00001cb0       __acrt_initialize          0000000140002cb0 f   MSVCRT:ucrt_stubs.obj
 0001:00001cb0       __vcrt_uninitialize        0000000140002cb0 f   MSVCRT:ucrt_stubs.obj
 0001:00001cb0       __scrt_stub_for_acrt_uninitialize 0000000140002cb0 f   MSVCRT:ucrt_stubs.obj
 0001:00001cb4       _initialize_invalid_parameter_handler 0000000140002cb4 f   MSVCRT:invalid_parameter_handler.obj
 0001:00001cb4       _guard_check_icall_nop     0000000140002cb4 f   MSVCRT:guard_support.obj
 0001:00001cb4       _initialize_denormal_control 0000000140002cb4 f   MSVCRT:denormal_control.obj
 0001:00001cb8       __local_stdio_printf_options 0000000140002cb8 f i MSVCRT:default_local_stdio_options.obj
 0001:00001cc0       __local_stdio_scanf_options 0000000140002cc0 f i MSVCRT:default_local_stdio_options.obj
 0001:00001cc8       __scrt_initialize_default_local_stdio_options 0000000140002cc8 f   MSVCRT:default_local_stdio_options.obj
 0001:00001ce4       __scrt_is_user_matherr_present 0000000140002ce4 f   MSVCRT:matherr_detection.obj
 0001:00001cf0       __scrt_get_dyn_tls_init_callback 0000000140002cf0 f   MSVCRT:dyn_tls_init.obj
 0001:00001cf8       __scrt_get_dyn_tls_dtor_callback 0000000140002cf8 f   MSVCRT:dyn_tls_dtor.obj
 0001:00001d00       __crt_debugger_hook        0000000140002d00 f   MSVCRT:utility_desktop.obj
 0001:00001d08       __scrt_fastfail            0000000140002d08 f   MSVCRT:utility_desktop.obj
 0001:00001e54       __scrt_initialize_mta      0000000140002e54 f   MSVCRT:utility_desktop.obj
 0001:00001e5c       __scrt_is_managed_app      0000000140002e5c f   MSVCRT:utility_desktop.obj
 0001:00001eb0       __scrt_set_unhandled_exception_filter 0000000140002eb0 f   MSVCRT:utility_desktop.obj
 0001:00001ec0       __scrt_unhandled_exception_filter 0000000140002ec0 f   MSVCRT:utility_desktop.obj
 0001:00001f1c       _RTC_Initialize            0000000140002f1c f   MSVCRT:initsect.obj
 0001:00001f58       _RTC_Terminate             0000000140002f58 f   MSVCRT:initsect.obj
 0001:00001f94       __isa_available_init       0000000140002f94 f   MSVCRT:cpu_disp.obj
 0001:00002138       __scrt_is_ucrt_dll_in_use  0000000140003138 f   MSVCRT:ucrt_detection.obj
 0001:00002150       __CxxFrameHandler4         0000000140003150 f   vcruntime:VCRUNTIME140_1.dll
 0001:00002156       __std_terminate            0000000140003156 f   vcruntime:VCRUNTIME140.dll
 0001:0000215c       __C_specific_handler       000000014000315c f   vcruntime:VCRUNTIME140.dll
 0001:00002162       _CxxThrowException         0000000140003162 f   vcruntime:VCRUNTIME140.dll
 0001:00002168       __current_exception        0000000140003168 f   vcruntime:VCRUNTIME140.dll
 0001:0000216e       __current_exception_context 000000014000316e f   vcruntime:VCRUNTIME140.dll
 0001:00002174       memset                     0000000140003174 f   vcruntime:VCRUNTIME140.dll
 0001:0000217a       _callnewh                  000000014000317a f   ucrt:api-ms-win-crt-heap-l1-1-0.dll
 0001:00002180       malloc                     0000000140003180 f   ucrt:api-ms-win-crt-heap-l1-1-0.dll
 0001:00002186       _seh_filter_exe            0000000140003186 f   ucrt:api-ms-win-crt-runtime-l1-1-0.dll
 0001:0000218c       _set_app_type              000000014000318c f   ucrt:api-ms-win-crt-runtime-l1-1-0.dll
 0001:00002192       __setusermatherr           0000000140003192 f   ucrt:api-ms-win-crt-math-l1-1-0.dll
 0001:00002198       _configure_narrow_argv     0000000140003198 f   ucrt:api-ms-win-crt-runtime-l1-1-0.dll
 0001:0000219e       _initialize_narrow_environment 000000014000319e f   ucrt:api-ms-win-crt-runtime-l1-1-0.dll
 0001:000021a4       _get_initial_narrow_environment 00000001400031a4 f   ucrt:api-ms-win-crt-runtime-l1-1-0.dll
 0001:000021aa       _initterm                  00000001400031aa f   ucrt:api-ms-win-crt-runtime-l1-1-0.dll
 0001:000021b0       _initterm_e                00000001400031b0 f   ucrt:api-ms-win-crt-runtime-l1-1-0.dll
 0001:000021b6       exit                       00000001400031b6 f   ucrt:api-ms-win-crt-runtime-l1-1-0.dll
 0001:000021bc       _exit                      00000001400031bc f   ucrt:api-ms-win-crt-runtime-l1-1-0.dll
 0001:000021c2       _set_fmode                 00000001400031c2 f   ucrt:api-ms-win-crt-stdio-l1-1-0.dll
 0001:000021c8       __p___argc                 00000001400031c8 f   ucrt:api-ms-win-crt-runtime-l1-1-0.dll
 0001:000021ce       __p___argv                 00000001400031ce f   ucrt:api-ms-win-crt-runtime-l1-1-0.dll
 0001:000021d4       _cexit                     00000001400031d4 f   ucrt:api-ms-win-crt-runtime-l1-1-0.dll
 0001:000021da       _c_exit                    00000001400031da f   ucrt:api-ms-win-crt-runtime-l1-1-0.dll
 0001:000021e0       _register_thread_local_exe_atexit_callback 00000001400031e0 f   ucrt:api-ms-win-crt-runtime-l1-1-0.dll
 0001:000021e6       _configthreadlocale        00000001400031e6 f   ucrt:api-ms-win-crt-locale-l1-1-0.dll
 0001:000021ec       _set_new_mode              00000001400031ec f   ucrt:api-ms-win-crt-heap-l1-1-0.dll
 0001:000021f2       __p__commode               00000001400031f2 f   ucrt:api-ms-win-crt-stdio-l1-1-0.dll
 0001:000021f8       free                       00000001400031f8 f   ucrt:api-ms-win-crt-heap-l1-1-0.dll
 0001:000021fe       _initialize_onexit_table   00000001400031fe f   ucrt:api-ms-win-crt-runtime-l1-1-0.dll
 0001:00002204       _register_onexit_function  0000000140003204 f   ucrt:api-ms-win-crt-runtime-l1-1-0.dll
 0001:0000220a       _crt_atexit                000000014000320a f   ucrt:api-ms-win-crt-runtime-l1-1-0.dll
 0001:00002210       terminate                  0000000140003210 f   ucrt:api-ms-win-crt-runtime-l1-1-0.dll
 0001:00002218       __GSHandlerCheck           0000000140003218 f   MSVCRT:gshandler.obj
 0001:00002238       __GSHandlerCheckCommon     0000000140003238 f   MSVCRT:gshandler.obj
 0001:00002294       __GSHandlerCheck_EH4       0000000140003294 f   MSVCRT:gshandlereh4.obj
 0001:00002313       memcpy                     0000000140003313 f   vcruntime:VCRUNTIME140.dll
 0001:00002319       memmove                    0000000140003319 f   vcruntime:VCRUNTIME140.dll
 0001:0000231f       strcmp                     000000014000331f f   ucrt:api-ms-win-crt-string-l1-1-0.dll
 0001:00002340       _guard_dispatch_icall_nop  0000000140003340 f   MSVCRT:guard_dispatch.obj
 0001:00002360       _guard_xfg_dispatch_icall_nop 0000000140003360 f   MSVCRT:guard_xfg_dispatch.obj
 0002:00000000       __imp_SetSecurityDescriptorSacl 0000000140004000     advapi32:ADVAPI32.dll
 0002:00000008       __imp_InitializeSecurityDescriptor 0000000140004008     advapi32:ADVAPI32.dll
 0002:00000010       __imp_SetSecurityDescriptorGroup 0000000140004010     advapi32:ADVAPI32.dll
 0002:00000018       __imp_SetSecurityDescriptorDacl 0000000140004018     advapi32:ADVAPI32.dll
 0002:00000020       \177ADVAPI32_NULL_THUNK_DATA 0000000140004020     advapi32:ADVAPI32.dll
 0002:00000028       __imp_GetLastError         0000000140004028     kernel32:KERNEL32.dll
 0002:00000030       __imp_Process32NextW       0000000140004030     kernel32:KERNEL32.dll
 0002:00000038       __imp_CreateFileA          0000000140004038     kernel32:KERNEL32.dll
 0002:00000040       __imp_LoadLibraryA         0000000140004040     kernel32:KERNEL32.dll
 0002:00000048       __imp_Process32FirstW      0000000140004048     kernel32:KERNEL32.dll
 0002:00000050       __imp_Sleep                0000000140004050     kernel32:KERNEL32.dll
 0002:00000058       __imp_GetProcAddress       0000000140004058     kernel32:KERNEL32.dll
 0002:00000060       __imp_GetFileSize          0000000140004060     kernel32:KERNEL32.dll
 0002:00000068       __imp_GetCurrentProcessId  0000000140004068     kernel32:KERNEL32.dll
 0002:00000070       __imp_CreateFileMappingW   0000000140004070     kernel32:KERNEL32.dll
 0002:00000078       __imp_RtlLookupFunctionEntry 0000000140004078     kernel32:KERNEL32.dll
 0002:00000080       __imp_CreateToolhelp32Snapshot 0000000140004080     kernel32:KERNEL32.dll
 0002:00000088       __imp_SetFilePointer       0000000140004088     kernel32:KERNEL32.dll
 0002:00000090       __imp_DeviceIoControl      0000000140004090     kernel32:KERNEL32.dll
 0002:00000098       __imp_CloseHandle          0000000140004098     kernel32:KERNEL32.dll
 0002:000000a0       __imp_ReadFile             00000001400040a0     kernel32:KERNEL32.dll
 0002:000000a8       __imp_RtlVirtualUnwind     00000001400040a8     kernel32:KERNEL32.dll
 0002:000000b0       __imp_UnhandledExceptionFilter 00000001400040b0     kernel32:KERNEL32.dll
 0002:000000b8       __imp_SetUnhandledExceptionFilter 00000001400040b8     kernel32:KERNEL32.dll
 0002:000000c0       __imp_GetCurrentProcess    00000001400040c0     kernel32:KERNEL32.dll
 0002:000000c8       __imp_TerminateProcess     00000001400040c8     kernel32:KERNEL32.dll
 0002:000000d0       __imp_IsProcessorFeaturePresent 00000001400040d0     kernel32:KERNEL32.dll
 0002:000000d8       __imp_QueryPerformanceCounter 00000001400040d8     kernel32:KERNEL32.dll
 0002:000000e0       __imp_GetCurrentThreadId   00000001400040e0     kernel32:KERNEL32.dll
 0002:000000e8       __imp_GetSystemTimeAsFileTime 00000001400040e8     kernel32:KERNEL32.dll
 0002:000000f0       __imp_InitializeSListHead  00000001400040f0     kernel32:KERNEL32.dll
 0002:000000f8       __imp_IsDebuggerPresent    00000001400040f8     kernel32:KERNEL32.dll
 0002:00000100       __imp_GetModuleHandleW     0000000140004100     kernel32:KERNEL32.dll
 0002:00000108       __imp_RtlCaptureContext    0000000140004108     kernel32:KERNEL32.dll
 0002:00000110       \177KERNEL32_NULL_THUNK_DATA 0000000140004110     kernel32:KERNEL32.dll
 0002:00000118       __imp_??6?$basic_ostream@DU?$char_traits@D@std@@@std@@QEAAAEAV01@P6AAEAVios_base@1@AEAV21@@Z@Z 0000000140004118     msvcprt:MSVCP140.dll
 0002:00000120       __imp_??6?$basic_ostream@DU?$char_traits@D@std@@@std@@QEAAAEAV01@K@Z 0000000140004120     msvcprt:MSVCP140.dll
 0002:00000128       __imp_?get@?$basic_istream@DU?$char_traits@D@std@@@std@@QEAAHXZ 0000000140004128     msvcprt:MSVCP140.dll
 0002:00000130       __imp_??6?$basic_ostream@DU?$char_traits@D@std@@@std@@QEAAAEAV01@P6AAEAV01@AEAV01@@Z@Z 0000000140004130     msvcprt:MSVCP140.dll
 0002:00000138       __imp_?cout@std@@3V?$basic_ostream@DU?$char_traits@D@std@@@1@A 0000000140004138     msvcprt:MSVCP140.dll
 0002:00000140       __imp_?uncaught_exception@std@@YA_NXZ 0000000140004140     msvcprt:MSVCP140.dll
 0002:00000148       __imp_?cin@std@@3V?$basic_istream@DU?$char_traits@D@std@@@1@A 0000000140004148     msvcprt:MSVCP140.dll
 0002:00000150       __imp_?_Xlength_error@std@@YAXPEBD@Z 0000000140004150     msvcprt:MSVCP140.dll
 0002:00000158       __imp_?sputn@?$basic_streambuf@DU?$char_traits@D@std@@@std@@QEAA_JPEBD_J@Z 0000000140004158     msvcprt:MSVCP140.dll
 0002:00000160       __imp_?widen@?$basic_ios@DU?$char_traits@D@std@@@std@@QEBADD@Z 0000000140004160     msvcprt:MSVCP140.dll
 0002:00000168       __imp_?put@?$basic_ostream@DU?$char_traits@D@std@@@std@@QEAAAEAV12@D@Z 0000000140004168     msvcprt:MSVCP140.dll
 0002:00000170       __imp_?sputc@?$basic_streambuf@DU?$char_traits@D@std@@@std@@QEAAHD@Z 0000000140004170     msvcprt:MSVCP140.dll
 0002:00000178       __imp_??6?$basic_ostream@DU?$char_traits@D@std@@@std@@QEAAAEAV01@_K@Z 0000000140004178     msvcprt:MSVCP140.dll
 0002:00000180       __imp_?_Osfx@?$basic_ostream@DU?$char_traits@D@std@@@std@@QEAAXXZ 0000000140004180     msvcprt:MSVCP140.dll
 0002:00000188       __imp_?flush@?$basic_ostream@DU?$char_traits@D@std@@@std@@QEAAAEAV12@XZ 0000000140004188     msvcprt:MSVCP140.dll
 0002:00000190       __imp_?setstate@?$basic_ios@DU?$char_traits@D@std@@@std@@QEAAXH_N@Z 0000000140004190     msvcprt:MSVCP140.dll
 0002:00000198       \177MSVCP140_NULL_THUNK_DATA 0000000140004198     msvcprt:MSVCP140.dll
 0002:000001a0       __imp_memmove              00000001400041a0     vcruntime:VCRUNTIME140.dll
 0002:000001a8       __imp_memcpy               00000001400041a8     vcruntime:VCRUNTIME140.dll
 0002:000001b0       __imp___std_exception_destroy 00000001400041b0     vcruntime:VCRUNTIME140.dll
 0002:000001b8       __imp_memset               00000001400041b8     vcruntime:VCRUNTIME140.dll
 0002:000001c0       __imp___current_exception  00000001400041c0     vcruntime:VCRUNTIME140.dll
 0002:000001c8       __imp__CxxThrowException   00000001400041c8     vcruntime:VCRUNTIME140.dll
 0002:000001d0       __imp___C_specific_handler 00000001400041d0     vcruntime:VCRUNTIME140.dll
 0002:000001d8       __imp___std_terminate      00000001400041d8     vcruntime:VCRUNTIME140.dll
 0002:000001e0       __imp___std_exception_copy 00000001400041e0     vcruntime:VCRUNTIME140.dll
 0002:000001e8       __imp___current_exception_context 00000001400041e8     vcruntime:VCRUNTIME140.dll
 0002:000001f0       \177VCRUNTIME140_NULL_THUNK_DATA 00000001400041f0     vcruntime:VCRUNTIME140.dll
 0002:000001f8       __imp___CxxFrameHandler4   00000001400041f8     vcruntime:VCRUNTIME140_1.dll
 0002:00000200       \177VCRUNTIME140_1_NULL_THUNK_DATA 0000000140004200     vcruntime:VCRUNTIME140_1.dll
 0002:00000208       __imp__set_new_mode        0000000140004208     ucrt:api-ms-win-crt-heap-l1-1-0.dll
 0002:00000210       __imp_free                 0000000140004210     ucrt:api-ms-win-crt-heap-l1-1-0.dll
 0002:00000218       __imp__callnewh            0000000140004218     ucrt:api-ms-win-crt-heap-l1-1-0.dll
 0002:00000220       __imp_malloc               0000000140004220     ucrt:api-ms-win-crt-heap-l1-1-0.dll
 0002:00000228       \177api-ms-win-crt-heap-l1-1-0_NULL_THUNK_DATA 0000000140004228     ucrt:api-ms-win-crt-heap-l1-1-0.dll
 0002:00000230       __imp__configthreadlocale  0000000140004230     ucrt:api-ms-win-crt-locale-l1-1-0.dll
 0002:00000238       \177api-ms-win-crt-locale-l1-1-0_NULL_THUNK_DATA 0000000140004238     ucrt:api-ms-win-crt-locale-l1-1-0.dll
 0002:00000240       __imp___setusermatherr     0000000140004240     ucrt:api-ms-win-crt-math-l1-1-0.dll
 0002:00000248       \177api-ms-win-crt-math-l1-1-0_NULL_THUNK_DATA 0000000140004248     ucrt:api-ms-win-crt-math-l1-1-0.dll
 0002:00000250       __imp__register_onexit_function 0000000140004250     ucrt:api-ms-win-crt-runtime-l1-1-0.dll
 0002:00000258       __imp__crt_atexit          0000000140004258     ucrt:api-ms-win-crt-runtime-l1-1-0.dll
 0002:00000260       __imp__initialize_onexit_table 0000000140004260     ucrt:api-ms-win-crt-runtime-l1-1-0.dll
 0002:00000268       __imp_terminate            0000000140004268     ucrt:api-ms-win-crt-runtime-l1-1-0.dll
 0002:00000270       __imp__invalid_parameter_noinfo_noreturn 0000000140004270     ucrt:api-ms-win-crt-runtime-l1-1-0.dll
 0002:00000278       __imp__register_thread_local_exe_atexit_callback 0000000140004278     ucrt:api-ms-win-crt-runtime-l1-1-0.dll
 0002:00000280       __imp__c_exit              0000000140004280     ucrt:api-ms-win-crt-runtime-l1-1-0.dll
 0002:00000288       __imp__seh_filter_exe      0000000140004288     ucrt:api-ms-win-crt-runtime-l1-1-0.dll
 0002:00000290       __imp__cexit               0000000140004290     ucrt:api-ms-win-crt-runtime-l1-1-0.dll
 0002:00000298       __imp___p___argv           0000000140004298     ucrt:api-ms-win-crt-runtime-l1-1-0.dll
 0002:000002a0       __imp___p___argc           00000001400042a0     ucrt:api-ms-win-crt-runtime-l1-1-0.dll
 0002:000002a8       __imp__set_app_type        00000001400042a8     ucrt:api-ms-win-crt-runtime-l1-1-0.dll
 0002:000002b0       __imp__exit                00000001400042b0     ucrt:api-ms-win-crt-runtime-l1-1-0.dll
 0002:000002b8       __imp_exit                 00000001400042b8     ucrt:api-ms-win-crt-runtime-l1-1-0.dll
 0002:000002c0       __imp__initterm_e          00000001400042c0     ucrt:api-ms-win-crt-runtime-l1-1-0.dll
 0002:000002c8       __imp__initterm            00000001400042c8     ucrt:api-ms-win-crt-runtime-l1-1-0.dll
 0002:000002d0       __imp__get_initial_narrow_environment 00000001400042d0     ucrt:api-ms-win-crt-runtime-l1-1-0.dll
 0002:000002d8       __imp__initialize_narrow_environment 00000001400042d8     ucrt:api-ms-win-crt-runtime-l1-1-0.dll
 0002:000002e0       __imp__configure_narrow_argv 00000001400042e0     ucrt:api-ms-win-crt-runtime-l1-1-0.dll
 0002:000002e8       \177api-ms-win-crt-runtime-l1-1-0_NULL_THUNK_DATA 00000001400042e8     ucrt:api-ms-win-crt-runtime-l1-1-0.dll
 0002:000002f0       __imp___p__commode         00000001400042f0     ucrt:api-ms-win-crt-stdio-l1-1-0.dll
 0002:000002f8       __imp__set_fmode           00000001400042f8     ucrt:api-ms-win-crt-stdio-l1-1-0.dll
 0002:00000300       \177api-ms-win-crt-stdio-l1-1-0_NULL_THUNK_DATA 0000000140004300     ucrt:api-ms-win-crt-stdio-l1-1-0.dll
 0002:00000308       __imp__wcsicmp             0000000140004308     ucrt:api-ms-win-crt-string-l1-1-0.dll
 0002:00000310       __imp_strcmp               0000000140004310     ucrt:api-ms-win-crt-string-l1-1-0.dll
 0002:00000318       \177api-ms-win-crt-string-l1-1-0_NULL_THUNK_DATA 0000000140004318     ucrt:api-ms-win-crt-string-l1-1-0.dll
 0002:00000320       __guard_check_icall_fptr   0000000140004320     MSVCRT:guard_support.obj
 0002:00000328       __guard_xfg_check_icall_fptr 0000000140004328     MSVCRT:guard_support.obj
 0002:00000330       __guard_dispatch_icall_fptr 0000000140004330     MSVCRT:guard_support.obj
 0002:00000338       __guard_xfg_dispatch_icall_fptr 0000000140004338     MSVCRT:guard_support.obj
 0002:00000340       __guard_xfg_table_dispatch_icall_fptr 0000000140004340     MSVCRT:guard_support.obj
 0002:00000348       __xc_a                     0000000140004348     MSVCRT:initializers.obj
 0002:00000358       __xc_z                     0000000140004358     MSVCRT:initializers.obj
 0002:00000360       __xi_a                     0000000140004360     MSVCRT:initializers.obj
 0002:00000378       __xi_z                     0000000140004378     MSVCRT:initializers.obj
 0002:00000380       __xp_a                     0000000140004380     MSVCRT:initializers.obj
 0002:00000388       __xp_z                     0000000140004388     MSVCRT:initializers.obj
 0002:00000390       __xt_a                     0000000140004390     MSVCRT:initializers.obj
 0002:00000398       __xt_z                     0000000140004398     MSVCRT:initializers.obj
 0002:000003a8       ??_7type_info@@6B@         00000001400043a8     MSVCRT:std_type_info_static.obj
 0002:000003c8       ??_7exception@std@@6B@     00000001400043c8     MSVCRT:throw_bad_alloc.obj
 0002:000003e0       ??_7bad_alloc@std@@6B@     00000001400043e0     MSVCRT:throw_bad_alloc.obj
 0002:000003f0       ??_C@_0P@GHFPNOJB@bad?5allocation@ 00000001400043f0     MSVCRT:throw_bad_alloc.obj
 0002:00000408       ??_7bad_array_new_length@std@@6B@ 0000000140004408     MSVCRT:throw_bad_alloc.obj
 0002:00000420       __xmm@ffffffffffffffffffffffffffffffff 0000000140004420     MSVCRT:utility.obj
 0002:00000430       ??_C@_0BC@EOODALEL@Unknown?5exception@ 0000000140004430     main.obj
 0002:00000448       ??_C@_0BF@KINCDENJ@bad?5array?5new?5length@ 0000000140004448     main.obj
 0002:00000460       ??_C@_0BA@JFNIOLAK@string?5too?5long@ 0000000140004460     main.obj
 0002:00000470       ??_C@_02LMMGGCAJ@?3?5@     0000000140004470     main.obj
 0002:00000478       ??_C@_0BD@CMGADKBL@?2?2?4?2PhysicalDrive0@ 0000000140004478     main.obj
 0002:00000490       ??_C@_0N@HKGGIMNB@module?5name?5@ 0000000140004490     main.obj
 0002:000004a0       ??_C@_0BJ@EACDFCJJ@failed?5to?5load?5module?3?5?6@ 00000001400044a0     main.obj
 0002:000004c0       ??_C@_08HHGOGBDP@?5loaded?6@ 00000001400044c0     main.obj
 0002:000004d0       ??_C@_0BO@ILPPOJAK@target?5process?5does?5not?5have?5@ 00000001400044d0     main.obj
 0002:000004f0       ??_C@_07FBGELFBB@Import?5@ 00000001400044f0     main.obj
 0002:000004f8       ??_C@_0O@KLNOLCKO@?5export_name?5@ 00000001400044f8     main.obj
 0002:00000508       ??_C@_05MKEFGMDM@name?5@   0000000140004508     main.obj
 0002:00000510       ??_C@_0EE@BBDALLLD@C?3?2Users?2lolxd?2source?2repos?2r6?9@ 0000000140004510     main.obj
 0002:00000558       ??_C@_0O@EPJMLGKB@GetLastError?5@ 0000000140004558     main.obj
 0002:00000568       ??_C@_1BO@CCHFGKDE@?$AAR?$AAa?$AAi?$AAn?$AAb?$AAo?$AAw?$AAS?$AAi?$AAx?$AA?4?$AAe?$AAx?$AAe@ 0000000140004568     main.obj
 0002:00000588       ??_C@_1CG@LMJLDDNG@?$AAG?$AAl?$AAo?$AAb?$AAa?$AAl?$AA?2?$AAr?$AA6?$AAi?$AAi?$AAn?$AAt?$AAe?$AAr@ 0000000140004588     main.obj
 0002:000005b0       ??_C@_0BB@OFLNEGPN@PresentHookEntry@ 00000001400045b0     main.obj
 0002:000005c4       ??_C@_01EEMJAFIK@?6@       00000001400045c4     main.obj
 0002:000005c8       ??_C@_0O@LPGMJOFB@entry_offset?5@ 00000001400045c8     main.obj
 0002:00000650       _load_config_used          0000000140004650     MSVCRT:loadcfg.obj
 0002:00000800       ??_R4type_info@@6B@        0000000140004800     MSVCRT:std_type_info_static.obj
 0002:00000828       ??_R3type_info@@8          0000000140004828     MSVCRT:std_type_info_static.obj
 0002:00000840       ??_R2type_info@@8          0000000140004840     MSVCRT:std_type_info_static.obj
 0002:00000850       ??_R1A@?0A@EA@type_info@@8 0000000140004850     MSVCRT:std_type_info_static.obj
 0002:00000878       ??_R4exception@std@@6B@    0000000140004878     main.obj
 0002:000008a0       ??_R2bad_array_new_length@std@@8 00000001400048a0     main.obj
 0002:000008c0       ??_R2bad_alloc@std@@8      00000001400048c0     main.obj
 0002:000008d8       ??_R1A@?0A@EA@exception@std@@8 00000001400048d8     main.obj
 0002:00000900       ??_R1A@?0A@EA@bad_alloc@std@@8 0000000140004900     main.obj
 0002:00000928       ??_R2exception@std@@8      0000000140004928     main.obj
 0002:00000938       ??_R3exception@std@@8      0000000140004938     main.obj
 0002:00000950       ??_R4bad_alloc@std@@6B@    0000000140004950     main.obj
 0002:00000978       ??_R3bad_array_new_length@std@@8 0000000140004978     main.obj
 0002:00000990       ??_R3bad_alloc@std@@8      0000000140004990     main.obj
 0002:000009a8       ??_R4bad_array_new_length@std@@6B@ 00000001400049a8     main.obj
 0002:000009d0       ??_R1A@?0A@EA@bad_array_new_length@std@@8 00000001400049d0     main.obj
 0002:000009f4       __volatile_metadata        00000001400049f4     <linker-defined>
 0002:00000d98       __rtc_iaa                  0000000140004d98     MSVCRT:initsect.obj
 0002:00000da0       __rtc_izz                  0000000140004da0     MSVCRT:initsect.obj
 0002:00000da8       __rtc_taa                  0000000140004da8     MSVCRT:initsect.obj
 0002:00000db0       __rtc_tzz                  0000000140004db0     MSVCRT:initsect.obj
 0002:000010c8       _TI2?AVbad_alloc@std@@     00000001400050c8     MSVCRT:throw_bad_alloc.obj
 0002:000010e8       _CTA2?AVbad_alloc@std@@    00000001400050e8     MSVCRT:throw_bad_alloc.obj
 0002:00001100       _CTA3?AVbad_array_new_length@std@@ 0000000140005100     main.obj
 0002:00001120       _CT??_R0?AVbad_array_new_length@std@@@8??0bad_array_new_length@std@@QEAA@AEBV01@@Z24 0000000140005120     main.obj
 0002:00001148       _CT??_R0?AVbad_alloc@std@@@8??0bad_alloc@std@@QEAA@AEBV01@@Z24 0000000140005148     main.obj
 0002:00001170       _CT??_R0?AVexception@std@@@8??0exception@std@@QEAA@AEBV01@@Z24 0000000140005170     main.obj
 0002:00001198       _TI3?AVbad_array_new_length@std@@ 0000000140005198     main.obj
 0002:000011b4       __IMPORT_DESCRIPTOR_KERNEL32 00000001400051b4     kernel32:KERNEL32.dll
 0002:000011c8       __IMPORT_DESCRIPTOR_ADVAPI32 00000001400051c8     advapi32:ADVAPI32.dll
 0002:000011dc       __IMPORT_DESCRIPTOR_MSVCP140 00000001400051dc     msvcprt:MSVCP140.dll
 0002:000011f0       __IMPORT_DESCRIPTOR_VCRUNTIME140_1 00000001400051f0     vcruntime:VCRUNTIME140_1.dll
 0002:00001204       __IMPORT_DESCRIPTOR_VCRUNTIME140 0000000140005204     vcruntime:VCRUNTIME140.dll
 0002:00001218       __IMPORT_DESCRIPTOR_api-ms-win-crt-string-l1-1-0 0000000140005218     ucrt:api-ms-win-crt-string-l1-1-0.dll
 0002:0000122c       __IMPORT_DESCRIPTOR_api-ms-win-crt-runtime-l1-1-0 000000014000522c     ucrt:api-ms-win-crt-runtime-l1-1-0.dll
 0002:00001240       __IMPORT_DESCRIPTOR_api-ms-win-crt-heap-l1-1-0 0000000140005240     ucrt:api-ms-win-crt-heap-l1-1-0.dll
 0002:00001254       __IMPORT_DESCRIPTOR_api-ms-win-crt-math-l1-1-0 0000000140005254     ucrt:api-ms-win-crt-math-l1-1-0.dll
 0002:00001268       __IMPORT_DESCRIPTOR_api-ms-win-crt-stdio-l1-1-0 0000000140005268     ucrt:api-ms-win-crt-stdio-l1-1-0.dll
 0002:0000127c       __IMPORT_DESCRIPTOR_api-ms-win-crt-locale-l1-1-0 000000014000527c     ucrt:api-ms-win-crt-locale-l1-1-0.dll
 0002:00001290       __NULL_IMPORT_DESCRIPTOR   0000000140005290     kernel32:KERNEL32.dll
 0003:00000000       __security_cookie_complement 0000000140007000     MSVCRT:gs_cookie.obj
 0003:00000008       __security_cookie          0000000140007008     MSVCRT:gs_cookie.obj
 0003:00000010       __scrt_native_dllmain_reason 0000000140007010     MSVCRT:utility.obj
 0003:00000014       __scrt_default_matherr     0000000140007014     MSVCRT:matherr.obj
 0003:00000018       __isa_available            0000000140007018     MSVCRT:cpu_disp.obj
 0003:0000001c       __isa_enabled              000000014000701c     MSVCRT:cpu_disp.obj
 0003:00000020       __memcpy_nt_iters          0000000140007020     MSVCRT:cpu_disp.obj
 0003:00000028       __memset_nt_iters          0000000140007028     MSVCRT:cpu_disp.obj
 0003:00000030       __scrt_ucrt_dll_is_in_use  0000000140007030     MSVCRT:ucrt_stubs.obj
 0003:00000038       ??_R0?AVbad_alloc@std@@@8  0000000140007038     main.obj
 0003:00000060       ??_R0?AVexception@std@@@8  0000000140007060     main.obj
 0003:00000088       ??_R0?AVbad_array_new_length@std@@@8 0000000140007088     main.obj
 0003:000000b8       ??_R0?AVtype_info@@@8      00000001400070b8     MSVCRT:std_type_info_static.obj
 0003:00000650       __scrt_current_native_startup_state 0000000140007650     MSVCRT:utility.obj
 0003:00000658       __scrt_native_startup_lock 0000000140007658     MSVCRT:utility.obj
 0003:000006a0       ?__type_info_root_node@@3U__type_info_node@@A 00000001400076a0     MSVCRT:tncleanup.obj
 0003:000006b0       ?_OptionsStorage@?1??__local_stdio_printf_options@@9@4_KA 00000001400076b0     MSVCRT:default_local_stdio_options.obj
 0003:000006b8       ?_OptionsStorage@?1??__local_stdio_scanf_options@@9@4_KA 00000001400076b8     MSVCRT:default_local_stdio_options.obj
 0003:000006c0       __scrt_debugger_hook_flag  00000001400076c0     MSVCRT:utility_desktop.obj
 0003:000006c8       __castguard_check_failure_os_handled_fptr 00000001400076c8     MSVCRT:guard_support.obj
 0003:000006d0       __favor                    00000001400076d0     MSVCRT:cpu_disp.obj
 0003:000006d8       ?driver_handle@Driver@@3PEAXEA 00000001400076d8     main.obj
 0003:000006e0       __dyn_tls_dtor_callback    00000001400076e0     <common>
 0003:000006e8       __dyn_tls_init_callback    00000001400076e8     <common>

 entry point at        0001:000017b8

 Static symbols

 0000:ffff5000       .debug$S                   0000000140000000     msvcprt:MSVCP140.dll
 0000:ffff5000       .debug$S                   0000000140000000     msvcprt:MSVCP140.dll
 0000:ffff5000       .debug$S                   0000000140000000     msvcprt:MSVCP140.dll
 0000:ffff5000       .debug$S                   0000000140000000     msvcprt:MSVCP140.dll
 0000:ffff5000       .debug$S                   0000000140000000     msvcprt:MSVCP140.dll
 0000:ffff5000       .debug$S                   0000000140000000     msvcprt:MSVCP140.dll
 0000:ffff5000       .debug$S                   0000000140000000     msvcprt:MSVCP140.dll
 0000:ffff5000       .debug$S                   0000000140000000     msvcprt:MSVCP140.dll
 0000:ffff5000       .debug$S                   0000000140000000     msvcprt:MSVCP140.dll
 0000:ffff5000       .debug$S                   0000000140000000     msvcprt:MSVCP140.dll
 0000:ffff5000       .debug$S                   0000000140000000     msvcprt:MSVCP140.dll
 0000:ffff5000       .debug$S                   0000000140000000     msvcprt:MSVCP140.dll
 0000:ffff5000       .debug$S                   0000000140000000     msvcprt:MSVCP140.dll
 0000:ffff5000       .debug$S                   0000000140000000     msvcprt:MSVCP140.dll
 0000:ffff5000       .debug$S                   0000000140000000     msvcprt:MSVCP140.dll
 0000:ffff5000       .debug$S                   0000000140000000     msvcprt:MSVCP140.dll
 0000:ffff5000       .debug$S                   0000000140000000     msvcprt:MSVCP140.dll
 0000:ffff5000       .debug$S                   0000000140000000     msvcprt:MSVCP140.dll
 0000:ffff5000       .debug$S                   0000000140000000     msvcprt:MSVCP140.dll
 0000:ffff5000       .debug$S                   0000000140000000     msvcprt:MSVCP140.dll
 0000:ffff5000       .debug$S                   0000000140000000     msvcprt:MSVCP140.dll
 0000:ffff5000       .debug$S                   0000000140000000     msvcprt:MSVCP140.dll
 0000:ffff5000       .debug$S                   0000000140000000     msvcprt:MSVCP140.dll
 0000:ffff5000       .debug$S                   0000000140000000     msvcprt:MSVCP140.dll
 0000:ffff5000       .debug$S                   0000000140000000     msvcprt:MSVCP140.dll
 0000:ffff5000       .debug$S                   0000000140000000     vcruntime:VCRUNTIME140.dll
 0000:ffff5000       .debug$S                   0000000140000000     vcruntime:VCRUNTIME140.dll
 0000:ffff5000       .debug$S                   0000000140000000     vcruntime:VCRUNTIME140.dll
 0000:ffff5000       .debug$S                   0000000140000000     vcruntime:VCRUNTIME140.dll
 0000:ffff5000       .debug$S                   0000000140000000     vcruntime:VCRUNTIME140.dll
 0000:ffff5000       .debug$S                   0000000140000000     vcruntime:VCRUNTIME140.dll
 0000:ffff5000       .debug$S                   0000000140000000     vcruntime:VCRUNTIME140.dll
 0000:ffff5000       .debug$S                   0000000140000000     vcruntime:VCRUNTIME140.dll
 0000:ffff5000       .debug$S                   0000000140000000     vcruntime:VCRUNTIME140.dll
 0000:ffff5000       .debug$S                   0000000140000000     vcruntime:VCRUNTIME140.dll
 0000:ffff5000       .debug$S                   0000000140000000     vcruntime:VCRUNTIME140.dll
 0000:ffff5000       .debug$S                   0000000140000000     vcruntime:VCRUNTIME140_1.dll
 0000:ffff5000       .debug$S                   0000000140000000     ucrt:api-ms-win-crt-heap-l1-1-0.dll
 0000:ffff5000       .debug$S                   0000000140000000     ucrt:api-ms-win-crt-heap-l1-1-0.dll
 0000:ffff5000       .debug$S                   0000000140000000     ucrt:api-ms-win-crt-heap-l1-1-0.dll
 0000:ffff5000       .debug$S                   0000000140000000     ucrt:api-ms-win-crt-heap-l1-1-0.dll
 0000:ffff5000       .debug$S                   0000000140000000     ucrt:api-ms-win-crt-locale-l1-1-0.dll
 0000:ffff5000       .debug$S                   0000000140000000     ucrt:api-ms-win-crt-math-l1-1-0.dll
 0000:ffff5000       .debug$S                   0000000140000000     ucrt:api-ms-win-crt-runtime-l1-1-0.dll
 0000:ffff5000       .debug$S                   0000000140000000     ucrt:api-ms-win-crt-runtime-l1-1-0.dll
 0000:ffff5000       .debug$S                   0000000140000000     ucrt:api-ms-win-crt-runtime-l1-1-0.dll
 0000:ffff5000       .debug$S                   0000000140000000     ucrt:api-ms-win-crt-runtime-l1-1-0.dll
 0000:ffff5000       .debug$S                   0000000140000000     ucrt:api-ms-win-crt-runtime-l1-1-0.dll
 0000:ffff5000       .debug$S                   0000000140000000     ucrt:api-ms-win-crt-runtime-l1-1-0.dll
 0000:ffff5000       .debug$S                   0000000140000000     ucrt:api-ms-win-crt-runtime-l1-1-0.dll
 0000:ffff5000       .debug$S                   0000000140000000     ucrt:api-ms-win-crt-runtime-l1-1-0.dll
 0000:ffff5000       .debug$S                   0000000140000000     ucrt:api-ms-win-crt-runtime-l1-1-0.dll
 0000:ffff5000       .debug$S                   0000000140000000     ucrt:api-ms-win-crt-runtime-l1-1-0.dll
 0000:ffff5000       .debug$S                   0000000140000000     ucrt:api-ms-win-crt-runtime-l1-1-0.dll
 0000:ffff5000       .debug$S                   0000000140000000     ucrt:api-ms-win-crt-runtime-l1-1-0.dll
 0000:ffff5000       .debug$S                   0000000140000000     ucrt:api-ms-win-crt-runtime-l1-1-0.dll
 0000:ffff5000       .debug$S                   0000000140000000     ucrt:api-ms-win-crt-runtime-l1-1-0.dll
 0000:ffff5000       .debug$S                   0000000140000000     ucrt:api-ms-win-crt-runtime-l1-1-0.dll
 0000:ffff5000       .debug$S                   0000000140000000     ucrt:api-ms-win-crt-runtime-l1-1-0.dll
 0000:ffff5000       .debug$S                   0000000140000000     ucrt:api-ms-win-crt-runtime-l1-1-0.dll
 0000:ffff5000       .debug$S                   0000000140000000     ucrt:api-ms-win-crt-runtime-l1-1-0.dll
 0000:ffff5000       .debug$S                   0000000140000000     ucrt:api-ms-win-crt-runtime-l1-1-0.dll
 0000:ffff5000       .debug$S                   0000000140000000     ucrt:api-ms-win-crt-runtime-l1-1-0.dll
 0000:ffff5000       .debug$S                   0000000140000000     ucrt:api-ms-win-crt-runtime-l1-1-0.dll
 0000:ffff5000       .debug$S                   0000000140000000     ucrt:api-ms-win-crt-runtime-l1-1-0.dll
 0000:ffff5000       .debug$S                   0000000140000000     ucrt:api-ms-win-crt-stdio-l1-1-0.dll
 0000:ffff5000       .debug$S                   0000000140000000     ucrt:api-ms-win-crt-stdio-l1-1-0.dll
 0000:ffff5000       .debug$S                   0000000140000000     ucrt:api-ms-win-crt-string-l1-1-0.dll
 0000:ffff5000       .debug$S                   0000000140000000     ucrt:api-ms-win-crt-string-l1-1-0.dll
 0000:ffff5000       .debug$S                   0000000140000000     advapi32:ADVAPI32.dll
 0000:ffff5000       .debug$S                   0000000140000000     advapi32:ADVAPI32.dll
 0000:ffff5000       .debug$S                   0000000140000000     advapi32:ADVAPI32.dll
 0000:ffff5000       .debug$S                   0000000140000000     advapi32:ADVAPI32.dll
 0000:ffff5000       .debug$S                   0000000140000000     kernel32:KERNEL32.dll
 0000:ffff5000       .debug$S                   0000000140000000     kernel32:KERNEL32.dll
 0000:ffff5000       .debug$S                   0000000140000000     kernel32:KERNEL32.dll
 0000:ffff5000       .debug$S                   0000000140000000     kernel32:KERNEL32.dll
 0000:ffff5000       .debug$S                   0000000140000000     kernel32:KERNEL32.dll
 0000:ffff5000       .debug$S                   0000000140000000     kernel32:KERNEL32.dll
 0000:ffff5000       .debug$S                   0000000140000000     kernel32:KERNEL32.dll
 0000:ffff5000       .debug$S                   0000000140000000     kernel32:KERNEL32.dll
 0000:ffff5000       .debug$S                   0000000140000000     kernel32:KERNEL32.dll
 0000:ffff5000       .debug$S                   0000000140000000     kernel32:KERNEL32.dll
 0000:ffff5000       .debug$S                   0000000140000000     kernel32:KERNEL32.dll
 0000:ffff5000       .debug$S                   0000000140000000     kernel32:KERNEL32.dll
 0000:ffff5000       .debug$S                   0000000140000000     kernel32:KERNEL32.dll
 0000:ffff5000       .debug$S                   0000000140000000     kernel32:KERNEL32.dll
 0000:ffff5000       .debug$S                   0000000140000000     kernel32:KERNEL32.dll
 0000:ffff5000       .debug$S                   0000000140000000     kernel32:KERNEL32.dll
 0000:ffff5000       .debug$S                   0000000140000000     kernel32:KERNEL32.dll
 0000:ffff5000       .debug$S                   0000000140000000     kernel32:KERNEL32.dll
 0000:ffff5000       .debug$S                   0000000140000000     kernel32:KERNEL32.dll
 0000:ffff5000       .debug$S                   0000000140000000     kernel32:KERNEL32.dll
 0000:ffff5000       .debug$S                   0000000140000000     kernel32:KERNEL32.dll
 0000:ffff5000       .debug$S                   0000000140000000     kernel32:KERNEL32.dll
 0000:ffff5000       .debug$S                   0000000140000000     kernel32:KERNEL32.dll
 0000:ffff5000       .debug$S                   0000000140000000     kernel32:KERNEL32.dll
 0000:ffff5000       .debug$S                   0000000140000000     kernel32:KERNEL32.dll
 0000:ffff5000       .debug$S                   0000000140000000     kernel32:KERNEL32.dll
 0000:ffff5000       .debug$S                   0000000140000000     kernel32:KERNEL32.dll
 0000:ffff5000       .debug$S                   0000000140000000     kernel32:KERNEL32.dll
 0000:ffff5000       .debug$S                   0000000140000000     kernel32:KERNEL32.dll
 0000:ffff5000       .debug$S                   0000000140000000     kernel32:KERNEL32.dll
 0001:000014b0       $$000000                   00000001400024b0     MSVCRT:amdsecgs.obj
 0001:00001558       ?pre_c_initialization@@YAHXZ 0000000140002558 f   MSVCRT:exe_main.obj
 0001:00001610       ?post_pgo_initialization@@YAHXZ 0000000140002610 f   MSVCRT:exe_main.obj
 0001:00001620       ?pre_cpp_initialization@@YAXXZ 0000000140002620 f   MSVCRT:exe_main.obj
 0001:0000163c       ?__scrt_common_main_seh@@YAHXZ 000000014000263c f   MSVCRT:exe_main.obj
 0001:000018d4       capture_previous_context   00000001400028d4 f   MSVCRT:gs_report.obj
 0001:00002330       $$000000                   0000000140003330     MSVCRT:guard_dispatch.obj
 0001:00002350       $$000000                   0000000140003350     MSVCRT:guard_xfg_dispatch.obj
 0001:00002370       ?dtor$4@?0??ResolveImports@@YAEHPEAE@Z@4HA 0000000140003370 f   main.obj
 0001:0000237c       ?dtor$0@?0??ResolveImports@@YAEHPEAE@Z@4HA 000000014000337c f   main.obj
 0001:00002390       ?dtor$1@?0???$?6U?$char_traits@D@std@@@std@@YAAEAV?$basic_ostream@DU?$char_traits@D@std@@@0@AEAV10@PEBD@Z@4HA 0000000140003390 f   main.obj
 0001:0000239c       ?dtor$0@?0???$?6U?$char_traits@D@std@@@std@@YAAEAV?$basic_ostream@DU?$char_traits@D@std@@@0@AEAV10@PEBD@Z@4HA 000000014000339c f   main.obj
 0001:000023a8       ?catch$4@?0???$?6U?$char_traits@D@std@@@std@@YAAEAV?$basic_ostream@DU?$char_traits@D@std@@@0@AEAV10@PEBD@Z@4HA 00000001400033a8 f   main.obj
 0001:000023b5       __catch$??$?6U?$char_traits@D@std@@@std@@YAAEAV?$basic_ostream@DU?$char_traits@D@std@@@0@AEAV10@PEBD@Z$0 00000001400033b5 f   main.obj
 0001:000023e3       ?filt$0@?0??__scrt_common_main_seh@@YAHXZ@4HA 00000001400033e3 f   MSVCRT:exe_main.obj
 0001:00002401       __scrt_is_nonwritable_in_current_image$filt$0 0000000140003401 f   MSVCRT:utility.obj
 0002:00000350       ?pre_cpp_initializer@@3P6AXXZEA 0000000140004350     MSVCRT:exe_main.obj
 0002:00000368       ?pre_c_initializer@@3P6AHXZEA 0000000140004368     MSVCRT:exe_main.obj
 0002:00000370       ?post_pgo_initializer@@3P6AHXZEA 0000000140004370     MSVCRT:exe_main.obj
 0002:000003b0       GS_ExceptionPointers       00000001400043b0     MSVCRT:gs_report.obj
 0002:000005d6       ?_Fake_alloc@std@@3U_Fake_allocator@1@B 00000001400045d6     main.obj
 0002:00000db8       $unwind$??$endl@DU?$char_traits@D@std@@@std@@YAAEAV?$basic_ostream@DU?$char_traits@D@std@@@0@AEAV10@@Z 0000000140004db8     main.obj
 0002:00000db8       $unwind$??0bad_alloc@std@@QEAA@AEBV01@@Z 0000000140004db8     main.obj
 0002:00000db8       $unwind$??0bad_array_new_length@std@@QEAA@AEBV01@@Z 0000000140004db8     main.obj
 0002:00000db8       $unwind$??0exception@std@@QEAA@AEBV01@@Z 0000000140004db8     main.obj
 0002:00000db8       $unwind$??1?$_Tidy_deallocate_guard@V?$basic_string@_WU?$char_traits@_W@std@@V?$allocator@_W@2@@std@@@std@@QEAA@XZ 0000000140004db8     main.obj
 0002:00000db8       $unwind$??1?$basic_string@_WU?$char_traits@_W@std@@V?$allocator@_W@2@@std@@QEAA@XZ 0000000140004db8     main.obj
 0002:00000db8       $unwind$?pre_c_initialization@@YAHXZ 0000000140004db8     MSVCRT:exe_main.obj
 0002:00000db8       $unwind$__raise_securityfailure 0000000140004db8     MSVCRT:gs_report.obj
 0002:00000db8       $unwind$??2@YAPEAX_K@Z     0000000140004db8     MSVCRT:new_scalar.obj
 0002:00000db8       $unwind$??_Gtype_info@@UEAAPEAXI@Z 0000000140004db8     MSVCRT:std_type_info_static.obj
 0002:00000db8       $unwind$__scrt_initialize_crt 0000000140004db8     MSVCRT:utility.obj
 0002:00000db8       $unwind$__scrt_initialize_onexit_tables 0000000140004db8     MSVCRT:utility.obj
 0002:00000db8       $unwind$__scrt_release_startup_lock 0000000140004db8     MSVCRT:utility.obj
 0002:00000db8       $unwind$__scrt_uninitialize_crt 0000000140004db8     MSVCRT:utility.obj
 0002:00000db8       $unwind$_onexit            0000000140004db8     MSVCRT:utility.obj
 0002:00000dc0       $unwind$??_Gbad_alloc@std@@UEAAPEAXI@Z 0000000140004dc0     main.obj
 0002:00000dc0       $unwind$??_Gbad_array_new_length@std@@UEAAPEAXI@Z 0000000140004dc0     main.obj
 0002:00000dc0       $unwind$??_Gexception@std@@UEAAPEAXI@Z 0000000140004dc0     main.obj
 0002:00000dc0       $unwind$_RTC_Initialize    0000000140004dc0     MSVCRT:initsect.obj
 0002:00000dc0       $unwind$_RTC_Terminate     0000000140004dc0     MSVCRT:initsect.obj
 0002:00000dc0       $unwind$__scrt_unhandled_exception_filter 0000000140004dc0     MSVCRT:utility_desktop.obj
 0002:00000dcc       $unwind$?_Throw_bad_array_new_length@std@@YAXXZ 0000000140004dcc     main.obj
 0002:00000dcc       $unwind$?__scrt_throw_std_bad_alloc@@YAXXZ 0000000140004dcc     MSVCRT:throw_bad_alloc.obj
 0002:00000dcc       $unwind$?__scrt_throw_std_bad_array_new_length@@YAXXZ 0000000140004dcc     MSVCRT:throw_bad_alloc.obj
 0002:00000dd4       $unwind$?_Xlen_string@std@@YAXXZ 0000000140004dd4     main.obj
 0002:00000dd4       $unwind$__scrt_initialize_default_local_stdio_options 0000000140004dd4     MSVCRT:default_local_stdio_options.obj
 0002:00000dd4       $unwind$?post_pgo_initialization@@YAHXZ 0000000140004dd4     MSVCRT:exe_main.obj
 0002:00000dd4       $unwind$?pre_cpp_initialization@@YAXXZ 0000000140004dd4     MSVCRT:exe_main.obj
 0002:00000dd4       $unwind$mainCRTStartup     0000000140004dd4     MSVCRT:exe_main.obj
 0002:00000dd4       $unwind$__GSHandlerCheck   0000000140004dd4     MSVCRT:gshandler.obj
 0002:00000dd4       $unwind$__scrt_acquire_startup_lock 0000000140004dd4     MSVCRT:utility.obj
 0002:00000dd4       $unwind$atexit             0000000140004dd4     MSVCRT:utility.obj
 0002:00000dd4       $unwind$__scrt_is_managed_app 0000000140004dd4     MSVCRT:utility_desktop.obj
 0002:00000ddc       $unwind$?ResolveImports@@YAEHPEAE@Z 0000000140004ddc     main.obj
 0002:00000e04       $cppxdata$?ResolveImports@@YAEHPEAE@Z 0000000140004e04     main.obj
 0002:00000e0d       $stateUnwindMap$?ResolveImports@@YAEHPEAE@Z 0000000140004e0d     main.obj
 0002:00000e1a       $ip2state$?ResolveImports@@YAEHPEAE@Z 0000000140004e1a     main.obj
 0002:00000e2c       $unwind$?PrepareImage@@YAPEAU_IMAGE_DOS_HEADER@@PEAXH_KH@Z 0000000140004e2c     main.obj
 0002:00000e4c       $unwind$main               0000000140004e4c     main.obj
 0002:00000e74       $unwind$??1sentry@?$basic_ostream@DU?$char_traits@D@std@@@std@@QEAA@XZ 0000000140004e74     main.obj
 0002:00000e84       $cppxdata$??1sentry@?$basic_ostream@DU?$char_traits@D@std@@@std@@QEAA@XZ 0000000140004e84     main.obj
 0002:00000e8d       $stateUnwindMap$??1sentry@?$basic_ostream@DU?$char_traits@D@std@@@std@@QEAA@XZ 0000000140004e8d     main.obj
 0002:00000e93       $ip2state$??1sentry@?$basic_ostream@DU?$char_traits@D@std@@@std@@QEAA@XZ 0000000140004e93     main.obj
 0002:00000e98       $unwind$?assign@?$basic_string@_WU?$char_traits@_W@std@@V?$allocator@_W@2@@std@@QEAAAEAV12@QEB_W_K@Z 0000000140004e98     main.obj
 0002:00000eac       $unwind$??1_Sentry_base@?$basic_ostream@DU?$char_traits@D@std@@@std@@QEAA@XZ 0000000140004eac     main.obj
 0002:00000ebc       $cppxdata$??1_Sentry_base@?$basic_ostream@DU?$char_traits@D@std@@@std@@QEAA@XZ 0000000140004ebc     main.obj
 0002:00000ec1       $ip2state$??1_Sentry_base@?$basic_ostream@DU?$char_traits@D@std@@@std@@QEAA@XZ 0000000140004ec1     main.obj
 0002:00000ec4       $unwind$??$?6U?$char_traits@D@std@@@std@@YAAEAV?$basic_ostream@DU?$char_traits@D@std@@@0@AEAV10@PEBD@Z 0000000140004ec4     main.obj
 0002:00000ee0       $cppxdata$??$?6U?$char_traits@D@std@@@std@@YAAEAV?$basic_ostream@DU?$char_traits@D@std@@@0@AEAV10@PEBD@Z 0000000140004ee0     main.obj
 0002:00000eed       $stateUnwindMap$??$?6U?$char_traits@D@std@@@std@@YAAEAV?$basic_ostream@DU?$char_traits@D@std@@@0@AEAV10@PEBD@Z 0000000140004eed     main.obj
 0002:00000f06       $tryMap$??$?6U?$char_traits@D@std@@@std@@YAAEAV?$basic_ostream@DU?$char_traits@D@std@@@0@AEAV10@PEBD@Z 0000000140004f06     main.obj
 0002:00000f0e       $handlerMap$??$?6U?$char_traits@D@std@@@std@@YAAEAV?$basic_ostream@DU?$char_traits@D@std@@@0@AEAV10@PEBD@Z 0000000140004f0e     main.obj
 0002:00000f17       $ip2state$??$?6U?$char_traits@D@std@@@std@@YAAEAV?$basic_ostream@DU?$char_traits@D@std@@@0@AEAV10@PEBD@Z 0000000140004f17     main.obj
 0002:00000f28       $unwind$?catch$4@?0???$?6U?$char_traits@D@std@@@std@@YAAEAV?$basic_ostream@DU?$char_traits@D@std@@@0@AEAV10@PEBD@Z@4HA 0000000140004f28     main.obj
 0002:00000f30       $unwind$??$_Reallocate_grow_by@V<lambda_25953b27f3c43b57ba59f021c7f225c5>@@_W@?$basic_string@_WU?$char_traits@_W@std@@V?$allocator@_W@2@@std@@AEAAAEAV01@_KV<lambda_25953b27f3c43b57ba59f021c7f225c5>@@_W@Z 0000000140004f30     main.obj
 0002:00000f40       $chain$3$??$_Reallocate_grow_by@V<lambda_25953b27f3c43b57ba59f021c7f225c5>@@_W@?$basic_string@_WU?$char_traits@_W@std@@V?$allocator@_W@2@@std@@AEAAAEAV01@_KV<lambda_25953b27f3c43b57ba59f021c7f225c5>@@_W@Z 0000000140004f40     main.obj
 0002:00000f60       $chain$4$??$_Reallocate_grow_by@V<lambda_25953b27f3c43b57ba59f021c7f225c5>@@_W@?$basic_string@_WU?$char_traits@_W@std@@V?$allocator@_W@2@@std@@AEAAAEAV01@_KV<lambda_25953b27f3c43b57ba59f021c7f225c5>@@_W@Z 0000000140004f60     main.obj
 0002:00000f70       $chain$5$??$_Reallocate_grow_by@V<lambda_25953b27f3c43b57ba59f021c7f225c5>@@_W@?$basic_string@_WU?$char_traits@_W@std@@V?$allocator@_W@2@@std@@AEAAAEAV01@_KV<lambda_25953b27f3c43b57ba59f021c7f225c5>@@_W@Z 0000000140004f70     main.obj
 0002:00000f90       $unwind$??$_Reallocate_grow_by@V<lambda_19662282d61fd793232134d409f2e084>@@$$V@?$basic_string@_WU?$char_traits@_W@std@@V?$allocator@_W@2@@std@@AEAAAEAV01@_KV<lambda_19662282d61fd793232134d409f2e084>@@@Z 0000000140004f90     main.obj
 0002:00000f9c       $chain$2$??$_Reallocate_grow_by@V<lambda_19662282d61fd793232134d409f2e084>@@$$V@?$basic_string@_WU?$char_traits@_W@std@@V?$allocator@_W@2@@std@@AEAAAEAV01@_KV<lambda_19662282d61fd793232134d409f2e084>@@@Z 0000000140004f9c     main.obj
 0002:00000fb8       $chain$3$??$_Reallocate_grow_by@V<lambda_19662282d61fd793232134d409f2e084>@@$$V@?$basic_string@_WU?$char_traits@_W@std@@V?$allocator@_W@2@@std@@AEAAAEAV01@_KV<lambda_19662282d61fd793232134d409f2e084>@@@Z 0000000140004fb8     main.obj
 0002:00000fc8       $chain$4$??$_Reallocate_grow_by@V<lambda_19662282d61fd793232134d409f2e084>@@$$V@?$basic_string@_WU?$char_traits@_W@std@@V?$allocator@_W@2@@std@@AEAAAEAV01@_KV<lambda_19662282d61fd793232134d409f2e084>@@@Z 0000000140004fc8     main.obj
 0002:00000fe8       $xdatasym                  0000000140004fe8     MSVCRT:amdsecgs.obj
 0002:00000fec       $unwind$?__scrt_common_main_seh@@YAHXZ 0000000140004fec     MSVCRT:exe_main.obj
 0002:00001024       $unwind$?filt$0@?0??__scrt_common_main_seh@@YAHXZ@4HA 0000000140005024     MSVCRT:exe_main.obj
 0002:0000102c       $unwind$__report_gsfailure 000000014000502c     MSVCRT:gs_report.obj
 0002:00001034       $unwind$capture_previous_context 0000000140005034     MSVCRT:gs_report.obj
 0002:00001040       $unwind$__scrt_is_nonwritable_in_current_image 0000000140005040     MSVCRT:utility.obj
 0002:00001060       $unwind$__scrt_is_nonwritable_in_current_image$filt$0 0000000140005060     MSVCRT:utility.obj
 0002:00001068       $unwind$__security_init_cookie 0000000140005068     MSVCRT:gs_support.obj
 0002:00001074       $unwind$__scrt_fastfail    0000000140005074     MSVCRT:utility_desktop.obj
 0002:00001084       $unwind$__isa_available_init 0000000140005084     MSVCRT:cpu_disp.obj
 0002:00001098       $xdatasym                  0000000140005098     MSVCRT:guard_dispatch.obj
 0002:000010a0       $xdatasym                  00000001400050a0     MSVCRT:guard_xfg_dispatch.obj
 0002:000010a4       $unwind$__GSHandlerCheckCommon 00000001400050a4     MSVCRT:gshandler.obj
 0002:000010ac       $unwind$__GSHandlerCheck_EH4 00000001400050ac     MSVCRT:gshandlereh4.obj
 0002:000016c8       .idata$6                   00000001400056c8     kernel32:KERNEL32.dll
 0002:0000174c       .idata$6                   000000014000574c     advapi32:ADVAPI32.dll
 0002:00001b50       .idata$6                   0000000140005b50     msvcprt:MSVCP140.dll
 0002:00001c24       .idata$6                   0000000140005c24     vcruntime:VCRUNTIME140_1.dll
 0002:00001c38       .idata$6                   0000000140005c38     vcruntime:VCRUNTIME140.dll
 0002:00001e4c       .idata$6                   0000000140005e4c     ucrt:api-ms-win-crt-string-l1-1-0.dll
 0002:00001e6e       .idata$6                   0000000140005e6e     ucrt:api-ms-win-crt-runtime-l1-1-0.dll
 0002:00001e90       .idata$6                   0000000140005e90     ucrt:api-ms-win-crt-heap-l1-1-0.dll
 0002:00001eb0       .idata$6                   0000000140005eb0     ucrt:api-ms-win-crt-math-l1-1-0.dll
 0002:00001ed0       .idata$6                   0000000140005ed0     ucrt:api-ms-win-crt-stdio-l1-1-0.dll
 0002:00001ef0       .idata$6                   0000000140005ef0     ucrt:api-ms-win-crt-locale-l1-1-0.dll
 0003:000000e0       GS_ExceptionRecord         00000001400070e0     MSVCRT:gs_report.obj
 0003:00000180       GS_ContextRecord           0000000140007180     MSVCRT:gs_report.obj
 0003:00000660       ?is_initialized_as_dll@@3_NA 0000000140007660     MSVCRT:utility.obj
 0003:00000661       ?module_local_atexit_table_initialized@@3_NA 0000000140007661     MSVCRT:utility.obj
 0003:00000668       ?module_local_atexit_table@@3U_onexit_table_t@@A 0000000140007668     MSVCRT:utility.obj
 0003:00000680       ?module_local_at_quick_exit_table@@3U_onexit_table_t@@A 0000000140007680     MSVCRT:utility.obj
 0005:00000060       $R000000                   0000000140009060     * linker generated manifest res *
