 injector-driver

 Timestamp is 6355c243 (Sun Oct 23 18:37:55 2022)

 Preferred load address is 0000000140000000

 Start         Length     Name                   Class
 0001:00000000 00004d90H .text$mn                CODE
 0001:00004d90 00000070H .text$mn$00             CODE
 0001:00004e00 000004c0H .text$mn$21             CODE
 0001:000052c0 000003eaH .text$s                 CODE
 0002:00000000 000000b0H .idata$5                DATA
 0002:000000b0 00000030H .00cfg                  DATA
 0002:000000e0 00000030H .gfids                  DATA
 0002:0000010c 00000000H .gfids$y                DATA
 0002:00000110 00050170H .rdata                  DATA
 0002:00050280 00000000H .rdata$CastGuardVftablesA DATA
 0002:00050280 00000000H .rdata$CastGuardVftablesC DATA
 0002:00050280 00000000H .rdata$zETW0            DATA
 0002:00050280 00000000H .rdata$zETW9            DATA
 0002:00050280 000001d8H .rdata$zzzdbg           DATA
 0002:00050458 00000308H .xdata                  DATA
 0003:00000000 00000050H .data                   DATA
 0003:00000050 00000098H .bss                    DATA
 0004:00000000 00000264H .pdata                  DATA
 0005:00000000 00000000H INIT                    CODE
 0005:00000000 00000014H .idata$2                CODE
 0005:00000014 00000014H .idata$3                CODE
 0005:00000028 000000b0H .idata$4                CODE
 0005:000000d8 000001e0H .idata$6                CODE

  Address         Publics by Value              Rva+Base               Lib:Object

 0000:00000000       __AbsoluteZero             0000000000000000     <absolute>
 0000:00000000       ___safe_se_handler_count   0000000000000000     <absolute>
 0000:00000000       ___safe_se_handler_table   0000000000000000     <absolute>
 0000:00000000       __arm64x_extra_rfe_table   0000000000000000     <absolute>
 0000:00000000       __arm64x_extra_rfe_table_size 0000000000000000     <absolute>
 0000:00000000       __arm64x_native_entrypoint 0000000000000000     <absolute>
 0000:00000000       __arm64x_redirection_metadata 0000000000000000     <absolute>
 0000:00000000       __arm64x_redirection_metadata_count 0000000000000000     <absolute>
 0000:00000000       __dynamic_value_reloc_table 0000000000000000     <absolute>
 0000:00000000       __enclave_config           0000000000000000     <absolute>
 0000:00000000       __guard_check_icall_a64n_fptr 0000000000000000     <absolute>
 0000:00000000       __guard_eh_cont_count      0000000000000000     <absolute>
 0000:00000000       __guard_eh_cont_table      0000000000000000     <absolute>
 0000:00000000       __guard_iat_count          0000000000000000     <absolute>
 0000:00000000       __guard_iat_table          0000000000000000     <absolute>
 0000:00000000       __guard_longjmp_count      0000000000000000     <absolute>
 0000:00000000       __guard_longjmp_table      0000000000000000     <absolute>
 0000:00000000       __hybrid_auxiliary_iat     0000000000000000     <absolute>
 0000:00000000       __hybrid_auxiliary_iat_copy 0000000000000000     <absolute>
 0000:00000000       __hybrid_code_map          0000000000000000     <absolute>
 0000:00000000       __hybrid_code_map_count    0000000000000000     <absolute>
 0000:00000000       __volatile_metadata        0000000000000000     <absolute>
 0000:00000000       __x64_code_ranges_to_entry_points 0000000000000000     <absolute>
 0000:00000000       __x64_code_ranges_to_entry_points_count 0000000000000000     <absolute>
 0000:0000000b       __guard_fids_count         000000000000000b     <absolute>
 0000:00014500       __guard_flags              0000000000014500     <absolute>
 0000:00000000       __ImageBase                0000000140000000     <linker-defined>
 0001:00000000       ?SpoofDisk@Spoofer@@QEAAXIPEAX0_K@Z 0000000140001000 f   disk_spoof.obj
 0001:0000006c       ??0JmpRipCode@Hooks@@QEAA@_K0@Z 000000014000106c f i ioctlhook.obj
 0001:00000160       ?Init@Interface@@YA_NXZ    0000000140001160 f   ioctlhook.obj
 0001:000001d4       ?Init@Spoofer@@AEAAXXZ     00000001400011d4 f i ioctlhook.obj
 0001:00000250       ?NtDeviceIoControlFile_handler@Interface@@YAJPEAX0P6AX0PEAU_IO_STATUS_BLOCK@@K@Z01K0K0K@Z 0000000140001250 f   ioctlhook.obj
 0001:00000350       ?Disassemble@Disasm@@YA?AUZydisDecodedInstruction_@@PEAE@Z 0000000140001350 f   disassembly.obj
 0001:00000394       ?Init@Disasm@@YAHXZ        0000000140001394 f   disassembly.obj
 0001:000003a8       ?LengthOfInstructions@Disasm@@YAHPEAXH@Z 00000001400013a8 f   disassembly.obj
 0001:00000494       ?CommandHandler@@YAXPEAX0@Z 0000000140001494 f   main.obj
 0001:00000a34       ?DriverEntry@@YAJ_K0@Z     0000000140001a34 f   main.obj
 0001:00000a90       ?HookMemoryProtectionFn@@YAXXZ 0000000140001a90 f   main.obj
 0001:00000bb0       ?MapperEntry@@YAJ_K0@Z     0000000140001bb0 f   main.obj
 0001:00000bc0       ?NtProtectVirtualMemory_hook@@YAJPEAXPEAPEAXPEAKK2@Z 0000000140001bc0 f   main.obj
 0001:00000c60       ?NtQueryVirtualMemory_Hook@@YAJPEAX0W4_MEMORY_INFORMATION_CLASS@@0_KPEA_K@Z 0000000140001c60 f   main.obj
 0001:00000cf8       ?AttachToProcess@Utils@@YA?AU_KAPC_STATE@@H@Z 0000000140001cf8 f   util.obj
 0001:00000d28       ?FindPattern@Utils@@YA_K_K0PEBD0D@Z 0000000140001d28 f   util.obj
 0001:00000d90       ?GetKernelModule@Utils@@YAPEAXPEAKU_UNICODE_STRING@@@Z 0000000140001d90 f   util.obj
 0001:00000e2c       ?GetUserModule@Utils@@YAPEAXPEAU_KPROCESS@@PEAU_UNICODE_STRING@@@Z 0000000140001e2c f   util.obj
 0001:00000eb8       ?Random@Utils@@YAIXZ       0000000140001eb8 f   util.obj
 0001:00000ee0       ?ReadMem@Utils@@YAJH_KPEAX0@Z 0000000140001ee0 f   util.obj
 0001:00000f44       ?SwapEndianess@Utils@@YAXPEAD0@Z 0000000140001f44 f   util.obj
 0001:00000f80       ?WriteMem@Utils@@YAJH_KPEAX0@Z 0000000140001f80 f   util.obj
 0001:00000fe4       ?ZwGetRunningSystemProcess@Utils@@YAHPEAG@Z 0000000140001fe4 f   util.obj
 0001:000023e4       ZydisDecodeOperands        00000001400033e4 f   Zydis:Decoder.obj
 0001:00002f68       ZydisDecoderDecodeFull     0000000140003f68 f   Zydis:Decoder.obj
 0001:00003058       ZydisDecoderDecodeInstruction 0000000140004058 f   Zydis:Decoder.obj
 0001:00003168       ZydisDecoderDecodeOperands 0000000140004168 f   Zydis:Decoder.obj
 0001:000031d4       ZydisDecoderInit           00000001400041d4 f   Zydis:Decoder.obj
 0001:00004730       ZydisRegisterEncode        0000000140005730 f   Zydis:Register.obj
 0001:0000476c       ZydisRegisterGetWidth      000000014000576c f   Zydis:Register.obj
 0001:0000479c       ZydisDecoderTreeGetChildNode 000000014000579c f   Zydis:DecoderData.obj
 0001:00004aac       ZydisGetInstructionEncodingInfo 0000000140005aac f   Zydis:DecoderData.obj
 0001:00004ac4       ZydisGetAccessedFlags      0000000140005ac4 f   Zydis:SharedData.obj
 0001:00004ae8       ZydisGetElementInfo        0000000140005ae8 f   Zydis:SharedData.obj
 0001:00004b04       ZydisGetInstructionDefinition 0000000140005b04 f   Zydis:SharedData.obj
 0001:00004b7c       ZydisGetOperandDefinitions 0000000140005b7c f   Zydis:SharedData.obj
 0001:00004ba0       ?SetNptHook@ForteVisor@@YAH_KPEAE0H@Z 0000000140005ba0 f   ForteVisorKernelApi:forte_api_kernel.obj
 0001:00004bf0       svm_vmmcall                0000000140005bf0 f   ForteVisorKernelApi:vmmcall.obj
 0001:00004c10       __security_check_cookie    0000000140005c10 f   BufferOverflowFastFailK:amdsecgs.obj
 0001:00004c30       _guard_check_icall_nop     0000000140005c30 f i BufferOverflowFastFailK:guard_check.obj
 0001:00004c40       __report_gsfailure         0000000140005c40 f   BufferOverflowFastFailK:gs_report.obj
 0001:00004c47       DbgPrint                   0000000140005c47 f   ntoskrnl:ntoskrnl.exe
 0001:00004c50       __chkstk                   0000000140005c50 f   ntoskrnl:ntoskrnl.exe
 0001:00004c60       ZwQuerySystemInformation   0000000140005c60 f   ntoskrnl:ntoskrnl.exe
 0001:00004c66       MmCopyVirtualMemory        0000000140005c66 f   ntoskrnl:ntoskrnl.exe
 0001:00004c6c       __GSHandlerCheck           0000000140005c6c f   ntoskrnl:gshandler.obj
 0001:00004c8c       __GSHandlerCheckCommon     0000000140005c8c f   ntoskrnl:gshandler.obj
 0001:00004cf0       __cpu_features_init        0000000140005cf0 f   ntoskrnl:cpuinfo.obj
 0001:00004da0       _guard_dispatch_icall_nop  0000000140005da0 f   BufferOverflowFastFailK:guard_dispatch.obj
 0001:00004dc0       _guard_xfg_dispatch_icall_nop 0000000140005dc0 f   BufferOverflowFastFailK:guard_xfg_dispatch.obj
 0001:00004e00       memcpy                     0000000140005e00 f   ntoskrnl:memcpy.obj
 0001:00004e00       memmove                    0000000140005e00 f   ntoskrnl:memcpy.obj
 0001:000050c0       memset                     00000001400060c0 f   ntoskrnl:memset.obj
 0001:000050c0       memset_$fo_default$        00000001400060c0     ntoskrnl:memset.obj
 0001:00005200       __memset_repmovs           0000000140006200 f   ntoskrnl:memset.obj
 0001:00005280       __memset_query             0000000140006280 f   ntoskrnl:memset.obj
 0001:000052c0       ??_C@_0CH@FOJHHEOC@spoofed?5IOCTL_STORAGE_QUERY_PRO@FNODOBFM@ 00000001400062c0     disk_spoof.obj
 0001:000052f0       ??_C@_0BO@PDIJCLKD@handled?5SMART_RCV_DRIVE_DATA?6@FNODOBFM@ 00000001400062f0     disk_spoof.obj
 0001:00005310       ??_C@_0O@BAIHEMMF@?$PP?$CF?$AA?$AA?$AA?$AA?L?L?L?L?L?L?L@FNODOBFM@ 0000000140006310     ioctlhook.obj
 0001:00005320       ??_C@_0CF@MDGFLNNI@ABCDEFGHIJKLMNOPQRSTUVWXYZ12345@FNODOBFM@ 0000000140006320     ioctlhook.obj
 0001:00005350       ??_C@_0EE@BJGHCHHL@NtDeviceIoControlFile?5called?5fr@FNODOBFM@ 0000000140006350     ioctlhook.obj
 0001:000053a0       ??_C@_1CM@PNBIBNHA@?$AAN?$AAt?$AAD?$AAe?$AAv?$AAi?$AAc?$AAe?$AAI?$AAo?$AAC?$AAo?$AAn?$AAt?$AAr@FNODOBFM@ 00000001400063a0     ioctlhook.obj
 0001:000053d0       ??_C@_1BK@ELHOPPAM@?$AAn?$AAt?$AAo?$AAs?$AAk?$AAr?$AAn?$AAl?$AA?4?$AAe?$AAx?$AAe@FNODOBFM@ 00000001400063d0     main.obj
 0001:000053f0       ??_C@_0BA@GICAFPPE@?h?$AA?$AA?$AA?$AA?$IL?x?$IJD$?$EA?$IF?$MAx?$DL@FNODOBFM@ 00000001400063f0     main.obj
 0001:00005400       ??_C@_0M@PBJLJBON@msg_id?5?$CFi?5?6@FNODOBFM@ 0000000140006400     main.obj
 0001:00005410       ??_C@_0BK@CEOFOAIP@msg_id?5?$CFi?5target_pid?5?$CFi?5?6@FNODOBFM@ 0000000140006410     main.obj
 0001:00005430       ??_C@_0EP@LHAHCKAB@msg_id?5?$CFi?5msg?4address?50x?$CFp?5msg?4@FNODOBFM@ 0000000140006430     main.obj
 0001:00005480       ??_C@_0EB@CFOFNPFI@receieved?5request?5?$CFi?5start?5thre@FNODOBFM@ 0000000140006480     main.obj
 0001:000054d0       ??_C@_1BC@IPOKGKHK@?$AAd?$AAx?$AAg?$AAi?$AA?4?$AAd?$AAl?$AAl@FNODOBFM@ 00000001400064d0     main.obj
 0001:000054f0       ??_C@_0CE@JONDJIG@H?$IJt$?$AAUWAVH?$INl$?$AAH?$IB?l?$AA?$AA?$AA?$AAH?$IL?$AF?$AA?$AA?$AA?$AAH3?D@FNODOBFM@ 00000001400064f0     main.obj
 0001:00005520       ??_C@_0DA@BOOCGPJC@receieved?5request?5?$CFi?0?5process?5i@FNODOBFM@ 0000000140006520     main.obj
 0001:00005550       ??_C@_0CG@MIENBEGB@receieved?5request?5?$CFi?5module?5nam@FNODOBFM@ 0000000140006550     main.obj
 0001:00005580       ??_C@_0BL@KIKGKEIP@retrieved?5module?5base?5?$CFp?5?6@FNODOBFM@ 0000000140006580     main.obj
 0001:000055a0       ??_C@_0EA@JJIPFHH@receieved?5request?5?$CFi?5hook_cmd?4s@FNODOBFM@ 00000001400065a0     main.obj
 0001:000055e0       ??_C@_0ED@KAILLGCH@receieved?5request?5?$CFi?5target_pid@FNODOBFM@ 00000001400065e0     main.obj
 0001:00005630       ??_C@_0CI@JIJIEEKF@hello?0?5driver_base?5?$CFp?0?5driver_s@FNODOBFM@ 0000000140006630     main.obj
 0001:00005660       ??_C@_0BK@PIPGGCPC@found?5module?$CB?5?$CFwZ?5at?5?$CFp?5?6@FNODOBFM@ 0000000140006660     util.obj
 0001:00005680       ??_C@_0BL@GOKMDMLE@found?5process?5module?5?$CFwZ?5?6@FNODOBFM@ 0000000140006680     util.obj
 0001:000056a0       ??_C@_19CIJIHAKK@?$AAN?$AAU?$AAL?$AAL@FNODOBFM@ 00000001400066a0     util.obj
 0002:00000000       __imp_DbgPrint             0000000140007000     ntoskrnl:ntoskrnl.exe
 0002:00000008       __imp_MmGetSystemRoutineAddress 0000000140007008     ntoskrnl:ntoskrnl.exe
 0002:00000010       __imp_ExAllocatePool       0000000140007010     ntoskrnl:ntoskrnl.exe
 0002:00000018       __imp_RtlInitUnicodeString 0000000140007018     ntoskrnl:ntoskrnl.exe
 0002:00000020       __imp_PsCreateSystemThread 0000000140007020     ntoskrnl:ntoskrnl.exe
 0002:00000028       __imp_IoGetCurrentProcess  0000000140007028     ntoskrnl:ntoskrnl.exe
 0002:00000030       __imp_MmIsAddressValid     0000000140007030     ntoskrnl:ntoskrnl.exe
 0002:00000038       __imp_PsGetCurrentProcessId 0000000140007038     ntoskrnl:ntoskrnl.exe
 0002:00000040       __imp_KeUnstackDetachProcess 0000000140007040     ntoskrnl:ntoskrnl.exe
 0002:00000048       __imp_ZwAllocateVirtualMemory 0000000140007048     ntoskrnl:ntoskrnl.exe
 0002:00000050       __imp_ZwProtectVirtualMemory 0000000140007050     ntoskrnl:ntoskrnl.exe
 0002:00000058       __imp___chkstk             0000000140007058     ntoskrnl:ntoskrnl.exe
 0002:00000060       __imp_RtlCompareUnicodeString 0000000140007060     ntoskrnl:ntoskrnl.exe
 0002:00000068       __imp_ExFreePoolWithTag    0000000140007068     ntoskrnl:ntoskrnl.exe
 0002:00000070       __imp_RtlRandomEx          0000000140007070     ntoskrnl:ntoskrnl.exe
 0002:00000078       __imp_KeStackAttachProcess 0000000140007078     ntoskrnl:ntoskrnl.exe
 0002:00000080       __imp_PsLookupProcessByProcessId 0000000140007080     ntoskrnl:ntoskrnl.exe
 0002:00000088       __imp_PsGetProcessPeb      0000000140007088     ntoskrnl:ntoskrnl.exe
 0002:00000090       __imp_ZwQuerySystemInformation 0000000140007090     ntoskrnl:ntoskrnl.exe
 0002:00000098       __imp_MmCopyVirtualMemory  0000000140007098     ntoskrnl:ntoskrnl.exe
 0002:000000a0       PsLoadedModuleList         00000001400070a0     ntoskrnl:ntoskrnl.exe
 0002:000000a0       __imp_PsLoadedModuleList   00000001400070a0     ntoskrnl:ntoskrnl.exe
 0002:000000a8       \177ntoskrnl_NULL_THUNK_DATA 00000001400070a8     ntoskrnl:ntoskrnl.exe
 0002:000000b0       __guard_check_icall_fptr   00000001400070b0     BufferOverflowFastFailK:guard_support.obj
 0002:000000b8       __guard_dispatch_icall_fptr 00000001400070b8     BufferOverflowFastFailK:guard_support.obj
 0002:000000c0       __guard_xfg_check_icall_fptr 00000001400070c0     BufferOverflowFastFailK:guard_support.obj
 0002:000000c8       __guard_xfg_dispatch_icall_fptr 00000001400070c8     BufferOverflowFastFailK:guard_support.obj
 0002:000000d0       __guard_xfg_table_dispatch_icall_fptr 00000001400070d0     BufferOverflowFastFailK:guard_support.obj
 0002:000000d8       __castguard_check_failure_os_handled_fptr 00000001400070d8     BufferOverflowFastFailK:guard_support.obj
 0002:000000e0       __guard_fids_table         00000001400070e0     <linker-defined>
 0002:00001250       zydis_decoder_tree_root    0000000140008250     Zydis:DecoderData.obj
 0002:00001378       FILTERS_XOP                0000000140008378     Zydis:DecoderData.obj
 0002:000013a0       FILTERS_VEX                00000001400083a0     Zydis:DecoderData.obj
 0002:00001410       FILTERS_EMVEX              0000000140008410     Zydis:DecoderData.obj
 0002:000014b0       FILTERS_OPCODE             00000001400084b0     Zydis:DecoderData.obj
 0002:00009eb0       FILTERS_MODE               0000000140010eb0     Zydis:DecoderData.obj
 0002:00009ec0       FILTERS_MODE_COMPACT       0000000140010ec0     Zydis:DecoderData.obj
 0002:0000a5a8       FILTERS_PREFIX_GROUP1      00000001400115a8     Zydis:DecoderData.obj
 0002:0000a5c0       FILTERS_MODRM_MOD          00000001400115c0     Zydis:DecoderData.obj
 0002:0000a5d0       FILTERS_MODRM_MOD_COMPACT  00000001400115d0     Zydis:DecoderData.obj
 0002:0000d120       FILTERS_MODRM_REG          0000000140014120     Zydis:DecoderData.obj
 0002:0000dc80       FILTERS_MODRM_RM           0000000140014c80     Zydis:DecoderData.obj
 0002:0000e310       FILTERS_MANDATORY_PREFIX   0000000140015310     Zydis:DecoderData.obj
 0002:0000fc90       FILTERS_OPERAND_SIZE       0000000140016c90     Zydis:DecoderData.obj
 0002:0000fe10       FILTERS_ADDRESS_SIZE       0000000140016e10     Zydis:DecoderData.obj
 0002:00010020       FILTERS_VECTOR_LENGTH      0000000140017020     Zydis:DecoderData.obj
 0002:00013710       FILTERS_REX_W              000000014001a710     Zydis:DecoderData.obj
 0002:00015f14       FILTERS_REX_B              000000014001cf14     Zydis:DecoderData.obj
 0002:00015f20       FILTERS_EVEX_B             000000014001cf20     Zydis:DecoderData.obj
 0002:00017970       FILTERS_MVEX_E             000000014001e970     Zydis:DecoderData.obj
 0002:00017c40       FILTERS_MODE_AMD           000000014001ec40     Zydis:DecoderData.obj
 0002:00017cb0       FILTERS_MODE_KNC           000000014001ecb0     Zydis:DecoderData.obj
 0002:00017ce0       FILTERS_MODE_MPX           000000014001ece0     Zydis:DecoderData.obj
 0002:00017cf0       FILTERS_MODE_CET           000000014001ecf0     Zydis:DecoderData.obj
 0002:00017d10       FILTERS_MODE_LZCNT         000000014001ed10     Zydis:DecoderData.obj
 0002:00017d20       FILTERS_MODE_TZCNT         000000014001ed20     Zydis:DecoderData.obj
 0002:00017d2c       FILTERS_MODE_WBNOINVD      000000014001ed2c     Zydis:DecoderData.obj
 0002:00017d34       FILTERS_MODE_CLDEMOTE      000000014001ed34     Zydis:DecoderData.obj
 0002:00017d40       ISTR_DEFINITIONS_LEGACY    000000014001ed40     Zydis:SharedData.obj
 0002:0001eea0       ISTR_DEFINITIONS_3DNOW     0000000140025ea0     Zydis:SharedData.obj
 0002:0001f140       ISTR_DEFINITIONS_XOP       0000000140026140     Zydis:SharedData.obj
 0002:0001fb90       ISTR_DEFINITIONS_VEX       0000000140026b90     Zydis:SharedData.obj
 0002:00025fc0       ISTR_DEFINITIONS_EVEX      000000014002cfc0     Zydis:SharedData.obj
 0002:00036000       ISTR_DEFINITIONS_MVEX      000000014003d000     Zydis:SharedData.obj
 0002:00037b10       OPERAND_DEFINITIONS        000000014003eb10     Zydis:SharedData.obj
 0002:00050090       _load_config_used          0000000140057090     BufferOverflowFastFailK:loadcfg.obj
 0003:00000000       ?ntqvm_nothooked@@3_NA     0000000140058000     main.obj
 0003:00000030       __security_cookie          0000000140058030     BufferOverflowFastFailK:gs_support.obj
 0003:00000040       __isa_info                 0000000140058040     ntoskrnl:cpuinfo.obj
 0003:00000050       ?spoofer@Spoofer@@0PEAV1@EA 0000000140058050     disk_spoof.obj
 0003:00000058       ?ioctl_hk@Interface@@3UJmpRipCode@Hooks@@A 0000000140058058     ioctlhook.obj
 0003:00000090       ?hiding_range_start@@3_KA  0000000140058090     main.obj
 0003:00000098       ?hiding_range_size@@3_KA   0000000140058098     main.obj
 0003:000000a0       ?protect_value@@3IA        00000001400580a0     main.obj
 0003:000000a4       ?target_pid@@3IA           00000001400580a4     main.obj
 0003:000000a8       ?ntprotect_hook@@3UJmpRipCode@Hooks@@A 00000001400580a8     main.obj
 0003:000000c8       ?ntqvm_hook@@3UJmpRipCode@Hooks@@A 00000001400580c8     main.obj
 0005:00000000       __IMPORT_DESCRIPTOR_ntoskrnl 000000014005a000     ntoskrnl:ntoskrnl.exe
 0005:00000014       __NULL_IMPORT_DESCRIPTOR   000000014005a014     ntoskrnl:ntoskrnl.exe

 entry point at        0001:00000bb0

 Static symbols

 0002:ffff9000       __guard_fids_?Init@Interface@@YA_NXZ 0000000140000000     ioctlhook.obj
 0002:ffff9000       __guard_fids_?CommandHandler@@YAXPEAX0@Z 0000000140000000     main.obj
 0002:ffff9000       __guard_fids_?DriverEntry@@YAJ_K0@Z 0000000140000000     main.obj
 0002:ffff9000       __guard_fids_?HookMemoryProtectionFn@@YAXXZ 0000000140000000     main.obj
 0002:ffff9000       __guard_fids__             0000000140000000     BufferOverflowFastFailK:guard_support.obj
 0002:ffff9000       __guard_fids__             0000000140000000     BufferOverflowFastFailK:guard_support.obj
 0002:ffff9000       __guard_fids__guard_icall_checks_enforced 0000000140000000     BufferOverflowFastFailK:guard_support.obj
 0000:fffa4000       .debug$S                   0000000140000000     ntoskrnl:ntoskrnl.exe
 0000:fffa4000       .debug$S                   0000000140000000     ntoskrnl:ntoskrnl.exe
 0000:fffa4000       .debug$S                   0000000140000000     ntoskrnl:ntoskrnl.exe
 0000:fffa4000       .debug$S                   0000000140000000     ntoskrnl:ntoskrnl.exe
 0000:fffa4000       .debug$S                   0000000140000000     ntoskrnl:ntoskrnl.exe
 0000:fffa4000       .debug$S                   0000000140000000     ntoskrnl:ntoskrnl.exe
 0000:fffa4000       .debug$S                   0000000140000000     ntoskrnl:ntoskrnl.exe
 0000:fffa4000       .debug$S                   0000000140000000     ntoskrnl:ntoskrnl.exe
 0000:fffa4000       .debug$S                   0000000140000000     ntoskrnl:ntoskrnl.exe
 0000:fffa4000       .debug$S                   0000000140000000     ntoskrnl:ntoskrnl.exe
 0000:fffa4000       .debug$S                   0000000140000000     ntoskrnl:ntoskrnl.exe
 0000:fffa4000       .debug$S                   0000000140000000     ntoskrnl:ntoskrnl.exe
 0000:fffa4000       .debug$S                   0000000140000000     ntoskrnl:ntoskrnl.exe
 0000:fffa4000       .debug$S                   0000000140000000     ntoskrnl:ntoskrnl.exe
 0000:fffa4000       .debug$S                   0000000140000000     ntoskrnl:ntoskrnl.exe
 0000:fffa4000       .debug$S                   0000000140000000     ntoskrnl:ntoskrnl.exe
 0000:fffa4000       .debug$S                   0000000140000000     ntoskrnl:ntoskrnl.exe
 0000:fffa4000       .debug$S                   0000000140000000     ntoskrnl:ntoskrnl.exe
 0000:fffa4000       .debug$S                   0000000140000000     ntoskrnl:ntoskrnl.exe
 0000:fffa4000       .debug$S                   0000000140000000     ntoskrnl:ntoskrnl.exe
 0000:fffa4000       .debug$S                   0000000140000000     ntoskrnl:ntoskrnl.exe
 0000:fffa4000       .debug$S                   0000000140000000     ntoskrnl:ntoskrnl.exe
 0000:fffa4000       .debug$S                   0000000140000000     ntoskrnl:ntoskrnl.exe
 0000:fffa4000       .debug$S                   0000000140000000     ntoskrnl:ntoskrnl.exe
 0000:fffa4000       .debug$S                   0000000140000000     ntoskrnl:ntoskrnl.exe
 0000:fffa4000       .debug$S                   0000000140000000     ntoskrnl:ntoskrnl.exe
 0000:fffa4000       .debug$S                   0000000140000000     ntoskrnl:ntoskrnl.exe
 0000:fffa4000       .debug$S                   0000000140000000     ntoskrnl:ntoskrnl.exe
 0000:fffa4000       .debug$S                   0000000140000000     ntoskrnl:ntoskrnl.exe
 0000:fffa4000       .debug$S                   0000000140000000     ntoskrnl:ntoskrnl.exe
 0000:fffa4000       .debug$S                   0000000140000000     ntoskrnl:ntoskrnl.exe
 0000:fffa4000       .debug$S                   0000000140000000     ntoskrnl:ntoskrnl.exe
 0000:fffa4000       .debug$S                   0000000140000000     ntoskrnl:ntoskrnl.exe
 0000:fffa4000       .debug$S                   0000000140000000     ntoskrnl:ntoskrnl.exe
 0002:ffff9000       __guard_fids_??B<lambda_76499ed27f46bdfb8a07f8750d817a64>@@QEBAP6AXPEAX@ZXZ 0000000140000000     ForteVisorKernelApi:forte_api_kernel.obj
 0001:000010a0       ZydisCalcRegisterId        00000001400020a0 f   Zydis:Decoder.obj
 0001:00001160       ZydisCheckErrorConditions  0000000140002160 f   Zydis:Decoder.obj
 0001:00001424       ZydisCollectOptionalPrefixes 0000000140002424 f   Zydis:Decoder.obj
 0001:0000165c       ZydisDecodeEVEX            000000014000265c f   Zydis:Decoder.obj
 0001:00001830       ZydisDecodeInstruction     0000000140002830 f   Zydis:Decoder.obj
 0001:00002008       ZydisDecodeMVEX            0000000140003008 f   Zydis:Decoder.obj
 0001:0000214c       ZydisDecodeOperandMemory   000000014000314c f   Zydis:Decoder.obj
 0001:00002398       ZydisDecodeOperandRegister 0000000140003398 f   Zydis:Decoder.obj
 0001:00002af0       ZydisDecodeOptionalInstructionParts 0000000140003af0 f   Zydis:Decoder.obj
 0001:00002d30       ZydisDecodeVEX             0000000140003d30 f   Zydis:Decoder.obj
 0001:00002e70       ZydisDecodeXOP             0000000140003e70 f   Zydis:Decoder.obj
 0001:00003240       ZydisInputNext             0000000140004240 f   Zydis:Decoder.obj
 0001:00003278       ZydisInputNextBytes        0000000140004278 f   Zydis:Decoder.obj
 0001:000032e8       ZydisNodeHandlerModrmMod   00000001400042e8 f   Zydis:Decoder.obj
 0001:00003350       ZydisNodeHandlerOpcode     0000000140004350 f   Zydis:Decoder.obj
 0001:00003668       ZydisPopulateRegisterIds   0000000140004668 f   Zydis:Decoder.obj
 0001:00003890       ZydisReadDisplacement      0000000140004890 f   Zydis:Decoder.obj
 0001:00003930       ZydisReadImmediate         0000000140004930 f   Zydis:Decoder.obj
 0001:00003a30       ZydisSetAVXInformation     0000000140004a30 f   Zydis:Decoder.obj
 0001:0000409c       ZydisSetAttributes         000000014000509c f   Zydis:Decoder.obj
 0001:00004454       ZydisSetOperandSizeAndElementInfo 0000000140005454 f   Zydis:Decoder.obj
 0001:00004bf0       $$000000                   0000000140005bf0     ForteVisorKernelApi:vmmcall.obj
 0001:00004c00       $$000000                   0000000140005c00     BufferOverflowFastFailK:amdsecgs.obj
 0001:00004d90       $$000000                   0000000140005d90     BufferOverflowFastFailK:guard_dispatch.obj
 0001:00004db0       $$000000                   0000000140005db0     BufferOverflowFastFailK:guard_xfg_dispatch.obj
 0001:00004e00       $$000000                   0000000140005e00     ntoskrnl:memcpy.obj
 0001:00004e20       mcpy00                     0000000140005e20     ntoskrnl:memcpy.obj
 0001:00004e40       mcpy10                     0000000140005e40     ntoskrnl:memcpy.obj
 0001:00004e5a       mcpy20                     0000000140005e5a     ntoskrnl:memcpy.obj
 0001:00004e60       mcpy30                     0000000140005e60     ntoskrnl:memcpy.obj
 0001:00004e80       xcpy00                     0000000140005e80     ntoskrnl:memcpy.obj
 0001:00004eb1       xcpy10                     0000000140005eb1     ntoskrnl:memcpy.obj
 0001:00004f00       xcpy13                     0000000140005f00     ntoskrnl:memcpy.obj
 0001:00004f2f       xcpy15                     0000000140005f2f     ntoskrnl:memcpy.obj
 0001:00004f51       xcpy20                     0000000140005f51     ntoskrnl:memcpy.obj
 0001:00004f65       xcpy30                     0000000140005f65     ntoskrnl:memcpy.obj
 0001:00004f80       lcpy00                     0000000140005f80     ntoskrnl:memcpy.obj
 0001:00004fc0       lcpy10                     0000000140005fc0     ntoskrnl:memcpy.obj
 0001:00005000       xmov00                     0000000140006000     ntoskrnl:memcpy.obj
 0001:0000502d       xmov10                     000000014000602d     ntoskrnl:memcpy.obj
 0001:00005040       xmov13                     0000000140006040     ntoskrnl:memcpy.obj
 0001:0000506f       xmov15                     000000014000606f     ntoskrnl:memcpy.obj
 0001:00005091       xmov20                     0000000140006091     ntoskrnl:memcpy.obj
 0001:000050a6       xmov30                     00000001400060a6     ntoskrnl:memcpy.obj
 0001:000050c0       $$000000                   00000001400060c0     ntoskrnl:memset.obj
 0001:000050e2       mset10                     00000001400060e2     ntoskrnl:memset.obj
 0001:000050f8       mset20                     00000001400060f8     ntoskrnl:memset.obj
 0001:00005121       mset30                     0000000140006121     ntoskrnl:memset.obj
 0001:00005150       mset45                     0000000140006150     ntoskrnl:memset.obj
 0001:00005156       mset46                     0000000140006156     ntoskrnl:memset.obj
 0001:00005180       mset47                     0000000140006180     ntoskrnl:memset.obj
 0001:000051b0       mset48                     00000001400061b0     ntoskrnl:memset.obj
 0001:000051c6       mset50                     00000001400061c6     ntoskrnl:memset.obj
 0001:00005200       $$000000                   0000000140006200     ntoskrnl:memset.obj
 0001:0000520a       repmovs10                  000000014000620a     ntoskrnl:memset.obj
 0001:0000523c       repmovs20                  000000014000623c     ntoskrnl:memset.obj
 0001:00005280       $$000000                   0000000140006280     ntoskrnl:memset.obj
 0002:00000110       ?decoder_modes@?1??ZydisDecoderInit@@9@9 0000000140007110     Zydis:Decoder.obj
 0002:00000120       ?bases@?3??ZydisDecodeOperandMemory@@9@9 0000000140007120     Zydis:Decoder.obj
 0002:00000140       ?indices@?3??ZydisDecodeOperandMemory@@9@9 0000000140007140     Zydis:Decoder.obj
 0002:00000160       ?lookup@?3??ZydisDecodeOperandImplicitRegister@@9@9 0000000140007160     Zydis:Decoder.obj
 0002:00000170       ?lookup@?1??ZydisDecodeOperandImplicitMemory@@9@9 0000000140007170     Zydis:Decoder.obj
 0002:00000180       ?mapping@?2??ZydisSetAttributes@@9@9 0000000140007180     Zydis:Decoder.obj
 0002:000001a0       ?mapping@?3??ZydisSetAttributes@@9@9 00000001400071a0     Zydis:Decoder.obj
 0002:000001c0       ?mapping@?4??ZydisSetAttributes@@9@9 00000001400071c0     Zydis:Decoder.obj
 0002:000001e0       ?lookup@?3??ZydisSetAVXInformation@@9@9 00000001400071e0     Zydis:Decoder.obj
 0002:000001e4       ?lookup@?4??ZydisSetAVXInformation@@9@9 00000001400071e4     Zydis:Decoder.obj
 0002:000001e8       ?lookup@?6??ZydisSetAVXInformation@@9@9 00000001400071e8     Zydis:Decoder.obj
 0002:000001f0       ?element_sizes@?8??ZydisSetAVXInformation@@9@9 00000001400071f0     Zydis:Decoder.obj
 0002:000001f8       ?scales@?L@??ZydisSetAVXInformation@@9@9 00000001400071f8     Zydis:Decoder.obj
 0002:00000210       ?broadcasts@?L@??ZydisSetAVXInformation@@9@9 0000000140007210     Zydis:Decoder.obj
 0002:00000258       ?scales@?M@??ZydisSetAVXInformation@@9@9 0000000140007258     Zydis:Decoder.obj
 0002:00000268       ?broadcasts@?M@??ZydisSetAVXInformation@@9@9 0000000140007268     Zydis:Decoder.obj
 0002:00000298       ?scales@?N@??ZydisSetAVXInformation@@9@9 0000000140007298     Zydis:Decoder.obj
 0002:0000029c       ?scales@?P@??ZydisSetAVXInformation@@9@9 000000014000729c     Zydis:Decoder.obj
 0002:000002a4       ?scales@?BA@??ZydisSetAVXInformation@@9@9 00000001400072a4     Zydis:Decoder.obj
 0002:000002a8       ?scales@?BD@??ZydisSetAVXInformation@@9@9 00000001400072a8     Zydis:Decoder.obj
 0002:000002ac       ?scales@?BE@??ZydisSetAVXInformation@@9@9 00000001400072ac     Zydis:Decoder.obj
 0002:000002b0       ?scales@?BF@??ZydisSetAVXInformation@@9@9 00000001400072b0     Zydis:Decoder.obj
 0002:000002b4       ?scales@?BG@??ZydisSetAVXInformation@@9@9 00000001400072b4     Zydis:Decoder.obj
 0002:000002b8       ?scales@?BH@??ZydisSetAVXInformation@@9@9 00000001400072b8     Zydis:Decoder.obj
 0002:000002c0       ?broadcasts@?BH@??ZydisSetAVXInformation@@9@9 00000001400072c0     Zydis:Decoder.obj
 0002:000002d8       ?broadcasts@?BJ@??ZydisSetAVXInformation@@9@9 00000001400072d8     Zydis:Decoder.obj
 0002:00000310       ?lookup@?CC@??ZydisSetAVXInformation@@9@9 0000000140007310     Zydis:Decoder.obj
 0002:00000328       ?lookup@?CD@??ZydisSetAVXInformation@@9@9 0000000140007328     Zydis:Decoder.obj
 0002:00000340       ?lookup@?CE@??ZydisSetAVXInformation@@9@9 0000000140007340     Zydis:Decoder.obj
 0002:00000350       ?lookup@?CF@??ZydisSetAVXInformation@@9@9 0000000140007350     Zydis:Decoder.obj
 0002:00000360       ?lookup@?CG@??ZydisSetAVXInformation@@9@9 0000000140007360     Zydis:Decoder.obj
 0002:00000370       ?operand_size_map@?1??ZydisSetEffectiveOperandWidth@@9@9 0000000140007370     Zydis:Decoder.obj
 0002:000003b0       ?address_size_map@?1??ZydisSetEffectiveAddressWidth@@9@9 00000001400073b0     Zydis:Decoder.obj
 0002:000003c8       ?mask_reg@?2??ZydisPopulateRegisterIds@@9@9 00000001400073c8     Zydis:Decoder.obj
 0002:000003d8       ?mask_rm@?2??ZydisPopulateRegisterIds@@9@9 00000001400073d8     Zydis:Decoder.obj
 0002:000003e8       ?available_regs@?1??ZydisPopulateRegisterIds@@9@9 00000001400073e8     Zydis:Decoder.obj
 0002:00000400       ?lookup@?8??ZydisPopulateRegisterIds@@9@9 0000000140007400     Zydis:Decoder.obj
 0002:00000410       ?lookup@?N@??ZydisCheckErrorConditions@@9@9 0000000140007410     Zydis:Decoder.obj
 0002:000004e0       REG_LOOKUP                 00000001400074e0     Zydis:Register.obj
 0002:00001160       REG_CLASS_LOOKUP           0000000140008160     Zydis:Register.obj
 0002:00001260       INSTR_ENCODINGS            0000000140008260     Zydis:DecoderData.obj
 0002:0004f460       ACCESSED_FLAGS             0000000140056460     Zydis:SharedData.obj
 0002:0004ffd0       ?lookup@?1??ZydisGetElementInfo@@9@9 0000000140056fd0     Zydis:SharedData.obj
 0002:00050458       $unwind$?SpoofDisk@Spoofer@@QEAAXIPEAX0_K@Z 0000000140057458     disk_spoof.obj
 0002:00050458       $unwind$?Random@Utils@@YAIXZ 0000000140057458     util.obj
 0002:00050464       $unwind$?Init@Interface@@YA_NXZ 0000000140057464     ioctlhook.obj
 0002:00050470       $unwind$??0JmpRipCode@Hooks@@QEAA@_K0@Z 0000000140057470     ioctlhook.obj
 0002:0005048c       $unwind$?Init@Spoofer@@AEAAXXZ 000000014005748c     ioctlhook.obj
 0002:0005049c       $unwind$?NtDeviceIoControlFile_handler@Interface@@YAJPEAX0P6AX0PEAU_IO_STATUS_BLOCK@@K@Z01K0K0K@Z 000000014005749c     ioctlhook.obj
 0002:000504b8       $unwind$?Disassemble@Disasm@@YA?AUZydisDecodedInstruction_@@PEAE@Z 00000001400574b8     disassembly.obj
 0002:000504c8       $unwind$?LengthOfInstructions@Disasm@@YAHPEAXH@Z 00000001400574c8     disassembly.obj
 0002:000504e0       $unwind$?NtQueryVirtualMemory_Hook@@YAJPEAX0W4_MEMORY_INFORMATION_CLASS@@0_KPEA_K@Z 00000001400574e0     main.obj
 0002:000504f4       $unwind$?NtProtectVirtualMemory_hook@@YAJPEAXPEAPEAXPEAKK2@Z 00000001400574f4     main.obj
 0002:0005050c       $unwind$?HookMemoryProtectionFn@@YAXXZ 000000014005750c     main.obj
 0002:0005051c       $unwind$?CommandHandler@@YAXPEAX0@Z 000000014005751c     main.obj
 0002:00050534       $unwind$?DriverEntry@@YAJ_K0@Z 0000000140057534     main.obj
 0002:00050540       $unwind$?FindPattern@Utils@@YA_K_K0PEBD0D@Z 0000000140057540     util.obj
 0002:00050550       $unwind$?ReadMem@Utils@@YAJH_KPEAX0@Z 0000000140057550     util.obj
 0002:00050550       $unwind$?WriteMem@Utils@@YAJH_KPEAX0@Z 0000000140057550     util.obj
 0002:00050564       $unwind$?GetKernelModule@Utils@@YAPEAXPEAKU_UNICODE_STRING@@@Z 0000000140057564     util.obj
 0002:00050580       $unwind$?GetUserModule@Utils@@YAPEAXPEAU_KPROCESS@@PEAU_UNICODE_STRING@@@Z 0000000140057580     util.obj
 0002:00050598       $unwind$?ZwGetRunningSystemProcess@Utils@@YAHPEAG@Z 0000000140057598     util.obj
 0002:000505ac       $unwind$?AttachToProcess@Utils@@YA?AU_KAPC_STATE@@H@Z 00000001400575ac     util.obj
 0002:000505b8       $unwind$ZydisDecoderDecodeFull 00000001400575b8     Zydis:Decoder.obj
 0002:000505cc       $unwind$ZydisDecoderDecodeInstruction 00000001400575cc     Zydis:Decoder.obj
 0002:000505dc       $unwind$ZydisInputNextBytes 00000001400575dc     Zydis:Decoder.obj
 0002:000505e4       $unwind$ZydisDecodeEVEX    00000001400575e4     Zydis:Decoder.obj
 0002:000505ec       $unwind$ZydisDecodeOperandRegister 00000001400575ec     Zydis:Decoder.obj
 0002:000505ec       $unwind$ZydisReadDisplacement 00000001400575ec     Zydis:Decoder.obj
 0002:000505f4       $unwind$ZydisReadImmediate 00000001400575f4     Zydis:Decoder.obj
 0002:00050604       $unwind$ZydisSetOperandSizeAndElementInfo 0000000140057604     Zydis:Decoder.obj
 0002:00050618       $unwind$ZydisDecodeOperandMemory 0000000140057618     Zydis:Decoder.obj
 0002:00050630       $unwind$ZydisDecodeOperands 0000000140057630     Zydis:Decoder.obj
 0002:0005064c       $unwind$ZydisSetAttributes 000000014005764c     Zydis:Decoder.obj
 0002:00050654       $unwind$ZydisSetAVXInformation 0000000140057654     Zydis:Decoder.obj
 0002:00050664       $unwind$ZydisCollectOptionalPrefixes 0000000140057664     Zydis:Decoder.obj
 0002:00050670       $unwind$ZydisDecodeOptionalInstructionParts 0000000140057670     Zydis:Decoder.obj
 0002:00050684       $unwind$ZydisNodeHandlerOpcode 0000000140057684     Zydis:Decoder.obj
 0002:0005069c       $unwind$ZydisNodeHandlerModrmMod 000000014005769c     Zydis:Decoder.obj
 0002:000506a4       $unwind$ZydisPopulateRegisterIds 00000001400576a4     Zydis:Decoder.obj
 0002:000506bc       $unwind$ZydisCheckErrorConditions 00000001400576bc     Zydis:Decoder.obj
 0002:000506d4       $unwind$ZydisDecodeInstruction 00000001400576d4     Zydis:Decoder.obj
 0002:000506ec       $unwind$?SetNptHook@ForteVisor@@YAH_KPEAE0H@Z 00000001400576ec     ForteVisorKernelApi:forte_api_kernel.obj
 0002:000506f8       $xdatasym                  00000001400576f8     ForteVisorKernelApi:vmmcall.obj
 0002:00050700       $xdatasym                  0000000140057700     BufferOverflowFastFailK:amdsecgs.obj
 0002:00050708       $xdatasym                  0000000140057708     BufferOverflowFastFailK:guard_dispatch.obj
 0002:00050710       $xdatasym                  0000000140057710     BufferOverflowFastFailK:guard_xfg_dispatch.obj
 0002:00050718       $xdatasym$memcpy           0000000140057718     ntoskrnl:memcpy.obj
 0002:00050718       $xdatasym$memset           0000000140057718     ntoskrnl:memset.obj
 0002:00050720       $xdatasym$__memset_repmovs 0000000140057720     ntoskrnl:memset.obj
 0002:00050730       $xdatasym$__memset_query   0000000140057730     ntoskrnl:memset.obj
 0002:00050744       $unwind$__GSHandlerCheck   0000000140057744     ntoskrnl:gshandler.obj
 0002:00050744       $unwind$__GSHandlerCheckCommon 0000000140057744     ntoskrnl:gshandler.obj
 0002:00050750       $unwind$__cpu_features_init 0000000140057750     ntoskrnl:cpuinfo.obj
 0003:00000008       ?broadcasts@?5??ZydisSetAVXInformation@@9@9 0000000140058008     Zydis:Decoder.obj
 0003:00000078       ?zydis_decoder@Disasm@@3UZydisDecoder_@@A 0000000140058078     disassembly.obj
 0005:000002aa       .idata$6                   000000014005a2aa     ntoskrnl:ntoskrnl.exe
